[2026-06-02T18:02:05.430Z] [LOG] 🚀 Backfill categories — country="United States" dryRun=true batch=1000 conc=8
[2026-06-02T18:02:07.585Z] [LOG] … scanned=1000 would-update=1000 excluded=5 curated=0 fail=0 (lastId=00aabe90-2b69-58f2-8605-bc332101494a, 2s)
[2026-06-02T18:02:09.015Z] [LOG] … scanned=2000 would-update=2000 excluded=13 curated=0 fail=0 (lastId=0155f69b-0e27-532c-ac05-44f7397215d5, 4s)
[2026-06-02T18:02:10.337Z] [LOG] … scanned=3000 would-update=3000 excluded=22 curated=0 fail=0 (lastId=01f452cf-dc4a-5b2a-89ae-62dcfb588949, 5s)
[2026-06-02T18:02:11.742Z] [LOG] … scanned=4000 would-update=3999 excluded=25 curated=1 fail=0 (lastId=029ac3dd-8bc5-5083-8f2e-3d9851c15574, 6s)
[2026-06-02T18:02:13.118Z] [LOG] … scanned=5000 would-update=4999 excluded=29 curated=1 fail=0 (lastId=033b7e68-a7ed-5724-b7fb-4d4503de3de9, 8s)
[2026-06-02T18:02:14.425Z] [LOG] … scanned=6000 would-update=5999 excluded=32 curated=1 fail=0 (lastId=03dfdb6f-f0de-527e-84cb-214a138a8ff0, 9s)
[2026-06-02T18:02:15.746Z] [LOG] … scanned=7000 would-update=6999 excluded=39 curated=1 fail=0 (lastId=047c2238-5019-5500-8c8e-6f4d8d4acba2, 10s)
[2026-06-02T18:02:16.999Z] [LOG] … scanned=8000 would-update=7998 excluded=48 curated=2 fail=0 (lastId=052486fa-79e6-557a-8ac7-a15823b9ea4a, 12s)
[2026-06-02T18:02:18.409Z] [LOG] … scanned=9000 would-update=8998 excluded=55 curated=2 fail=0 (lastId=05cfb20d-8b18-5229-830f-a8617886128d, 13s)
[2026-06-02T18:02:19.730Z] [LOG] … scanned=10000 would-update=9998 excluded=64 curated=2 fail=0 (lastId=067100d3-7d8c-5063-ada6-49904c271eb5, 14s)
[2026-06-02T18:02:21.194Z] [LOG] … scanned=11000 would-update=10998 excluded=71 curated=2 fail=0 (lastId=0712d31c-eb1c-507b-a20a-324f1dda826c, 16s)
[2026-06-02T18:02:22.635Z] [LOG] … scanned=12000 would-update=11998 excluded=77 curated=2 fail=0 (lastId=07bd6897-b14e-5081-8558-900703963a75, 17s)
[2026-06-02T18:02:23.873Z] [LOG] … scanned=13000 would-update=12998 excluded=81 curated=2 fail=0 (lastId=0852b3d5-b9f3-5fe0-af84-20469cbdba96, 18s)
[2026-06-02T18:02:25.104Z] [LOG] … scanned=14000 would-update=13997 excluded=91 curated=3 fail=0 (lastId=08f65fd8-b28e-500f-bf85-e170eba7219d, 20s)
[2026-06-02T18:02:26.437Z] [LOG] … scanned=15000 would-update=14997 excluded=96 curated=3 fail=0 (lastId=0996b4f6-cf21-5605-a51a-60d2a83d8825, 21s)
[2026-06-02T18:02:27.743Z] [LOG] … scanned=16000 would-update=15997 excluded=104 curated=3 fail=0 (lastId=0a3b0e64-9c49-56de-a080-52bd775eb674, 22s)
[2026-06-02T18:02:29.076Z] [LOG] … scanned=17000 would-update=16997 excluded=109 curated=3 fail=0 (lastId=0adb06e5-f83a-5dfd-bef0-f401e7b823b7, 24s)
[2026-06-02T18:02:30.345Z] [LOG] … scanned=18000 would-update=17997 excluded=116 curated=3 fail=0 (lastId=0b7b8803-468a-5e9c-b73a-950d63675355, 25s)
[2026-06-02T18:02:31.849Z] [LOG] … scanned=19000 would-update=18997 excluded=123 curated=3 fail=0 (lastId=0c1ff303-695a-5701-979a-514b171ee5be, 26s)
[2026-06-02T18:02:33.186Z] [LOG] … scanned=20000 would-update=19997 excluded=125 curated=3 fail=0 (lastId=0cce66ae-fc32-518c-85fd-e8efc45e2de7, 28s)
[2026-06-02T18:02:34.699Z] [LOG] … scanned=21000 would-update=20997 excluded=127 curated=3 fail=0 (lastId=0d6f8343-5070-51f1-a9c8-5887f09dca1f, 29s)
[2026-06-02T18:02:36.600Z] [LOG] … scanned=22000 would-update=21997 excluded=132 curated=3 fail=0 (lastId=0e198642-a981-5a8b-a767-e09093a1fca5, 31s)
[2026-06-02T18:02:37.902Z] [LOG] … scanned=23000 would-update=22997 excluded=141 curated=3 fail=0 (lastId=0ebab44f-c7ba-58a6-84d9-712e5f493a07, 32s)
[2026-06-02T18:02:39.149Z] [LOG] … scanned=24000 would-update=23997 excluded=145 curated=3 fail=0 (lastId=0f4eb468-ad49-5f98-b34c-e1352a74b615, 34s)
[2026-06-02T18:02:40.440Z] [LOG] … scanned=25000 would-update=24997 excluded=148 curated=3 fail=0 (lastId=0ff4dc99-f5bd-53f7-a8ba-37378d750613, 35s)
[2026-06-02T18:02:41.801Z] [LOG] … scanned=26000 would-update=25997 excluded=155 curated=3 fail=0 (lastId=10910f9b-7191-5786-9de9-d49a6bbf2dc4, 36s)
[2026-06-02T18:02:43.021Z] [LOG] … scanned=27000 would-update=26997 excluded=166 curated=3 fail=0 (lastId=1130f1df-97e5-510b-9a69-c4e7ed45ffc1, 38s)
[2026-06-02T18:02:44.261Z] [LOG] … scanned=28000 would-update=27997 excluded=170 curated=3 fail=0 (lastId=11cf66b9-b43f-5b3f-8292-fd7a372d7d3c, 39s)
[2026-06-02T18:02:45.518Z] [LOG] … scanned=29000 would-update=28997 excluded=176 curated=3 fail=0 (lastId=1279f491-e321-5ee4-bd07-01a563e25c1d, 40s)
[2026-06-02T18:02:46.762Z] [LOG] … scanned=30000 would-update=29997 excluded=181 curated=3 fail=0 (lastId=13169f6b-4d8c-55c6-94b6-52b356f53260, 41s)
[2026-06-02T18:02:47.993Z] [LOG] … scanned=31000 would-update=30997 excluded=185 curated=3 fail=0 (lastId=13b690fd-cd35-5ddb-a496-8e15bebf2478, 43s)
[2026-06-02T18:02:49.219Z] [LOG] … scanned=32000 would-update=31997 excluded=193 curated=3 fail=0 (lastId=1458f122-5b42-527d-a966-ad501032d275, 44s)
[2026-06-02T18:02:50.525Z] [LOG] … scanned=33000 would-update=32997 excluded=204 curated=3 fail=0 (lastId=1500f344-c104-5f29-9c09-3426bd386b94, 45s)
[2026-06-02T18:02:51.822Z] [LOG] … scanned=34000 would-update=33997 excluded=208 curated=3 fail=0 (lastId=15a34dbb-3338-5a99-8949-7a55e46bc4e9, 46s)
[2026-06-02T18:02:53.113Z] [LOG] … scanned=35000 would-update=34997 excluded=214 curated=3 fail=0 (lastId=164ec2b3-bb49-5e1d-ac4c-98305d4be225, 48s)
[2026-06-02T18:02:54.311Z] [LOG] … scanned=36000 would-update=35997 excluded=221 curated=3 fail=0 (lastId=16f35ca5-b774-5f4b-aafc-0563045831bf, 49s)
[2026-06-02T18:02:55.654Z] [LOG] … scanned=37000 would-update=36997 excluded=228 curated=3 fail=0 (lastId=179c3155-9ecc-53e4-b7d1-0390ff73988a, 50s)
[2026-06-02T18:02:56.854Z] [LOG] … scanned=38000 would-update=37997 excluded=235 curated=3 fail=0 (lastId=1844ea90-660a-5831-9c46-837ff420cbf1, 51s)
[2026-06-02T18:02:58.146Z] [LOG] … scanned=39000 would-update=38997 excluded=248 curated=3 fail=0 (lastId=18ebc3b4-8d20-53cb-99a8-32afed804163, 53s)
[2026-06-02T18:02:59.336Z] [LOG] … scanned=40000 would-update=39997 excluded=249 curated=3 fail=0 (lastId=199dc15b-6581-5370-af67-a7cead844097, 54s)
[2026-06-02T18:03:00.570Z] [LOG] … scanned=41000 would-update=40997 excluded=256 curated=3 fail=0 (lastId=1a3b55db-1847-5f9b-ac93-15581aa8cc40, 55s)
[2026-06-02T18:03:01.765Z] [LOG] … scanned=42000 would-update=41997 excluded=265 curated=3 fail=0 (lastId=1ae53c39-370a-5045-9e2f-20549ec7381b, 56s)
[2026-06-02T18:03:03.064Z] [LOG] … scanned=43000 would-update=42997 excluded=269 curated=3 fail=0 (lastId=1b8a9d4d-c3eb-537c-a3b9-a46ff3040e27, 58s)
[2026-06-02T18:03:04.373Z] [LOG] … scanned=44000 would-update=43997 excluded=272 curated=3 fail=0 (lastId=1c334970-6485-59ec-b21a-431bb1ea3ad1, 59s)
[2026-06-02T18:03:05.528Z] [LOG] … scanned=45000 would-update=44997 excluded=276 curated=3 fail=0 (lastId=1cd7e31c-115d-5408-92e3-0732d78f2b13, 60s)
[2026-06-02T18:03:06.773Z] [LOG] … scanned=46000 would-update=45997 excluded=285 curated=3 fail=0 (lastId=1d7adc81-61f7-5952-82bc-76721ec3ffeb, 61s)
[2026-06-02T18:03:07.996Z] [LOG] … scanned=47000 would-update=46997 excluded=289 curated=3 fail=0 (lastId=1e1c9a95-6243-580e-8ae3-2ddd073c6dee, 63s)
[2026-06-02T18:03:09.207Z] [LOG] … scanned=48000 would-update=47997 excluded=294 curated=3 fail=0 (lastId=1ebc6853-5291-5435-bcbe-d63bdaba52f9, 64s)
[2026-06-02T18:03:10.460Z] [LOG] … scanned=49000 would-update=48997 excluded=295 curated=3 fail=0 (lastId=1f5c810e-e4eb-552a-92a8-2babd34bc78e, 65s)
[2026-06-02T18:03:11.808Z] [LOG] … scanned=50000 would-update=49997 excluded=299 curated=3 fail=0 (lastId=1ffd669a-99a1-5ffb-bd33-dfd55bcaa6fc, 66s)
[2026-06-02T18:03:13.002Z] [LOG] … scanned=51000 would-update=50997 excluded=313 curated=3 fail=0 (lastId=209e4338-9336-5907-9387-14920700e9fa, 68s)
[2026-06-02T18:03:14.236Z] [LOG] … scanned=52000 would-update=51997 excluded=320 curated=3 fail=0 (lastId=213b5955-4f73-5065-a8d6-fef520713830, 69s)
[2026-06-02T18:03:15.486Z] [LOG] … scanned=53000 would-update=52997 excluded=328 curated=3 fail=0 (lastId=21dfcbe0-f5e8-57d3-badd-24e257d80598, 70s)
[2026-06-02T18:03:16.666Z] [LOG] … scanned=54000 would-update=53997 excluded=334 curated=3 fail=0 (lastId=2289747b-c5b8-5146-8eaa-48ad7ffa1dea, 71s)
[2026-06-02T18:03:17.877Z] [LOG] … scanned=55000 would-update=54997 excluded=340 curated=3 fail=0 (lastId=232e348b-a23a-542b-888f-6128652a4fbd, 72s)
[2026-06-02T18:03:19.139Z] [LOG] … scanned=56000 would-update=55997 excluded=347 curated=3 fail=0 (lastId=23d1e165-5bb6-514f-a143-5c9020e0798f, 74s)
[2026-06-02T18:03:20.291Z] [LOG] … scanned=57000 would-update=56997 excluded=349 curated=3 fail=0 (lastId=24755759-14ba-51e2-a7d1-566e35e07f06, 75s)
[2026-06-02T18:03:22.409Z] [LOG] … scanned=58000 would-update=57997 excluded=355 curated=3 fail=0 (lastId=251bb884-07f9-5c39-9ffc-25e960998ef9, 77s)
[2026-06-02T18:03:23.617Z] [LOG] … scanned=59000 would-update=58997 excluded=355 curated=3 fail=0 (lastId=25c203f4-362f-5ca6-ad2f-9b1e3845fc2d, 78s)
[2026-06-02T18:03:25.080Z] [LOG] … scanned=60000 would-update=59997 excluded=359 curated=3 fail=0 (lastId=26664313-1b99-5dda-a6a8-912a6375dcd5, 80s)
[2026-06-02T18:03:26.302Z] [LOG] … scanned=61000 would-update=60997 excluded=365 curated=3 fail=0 (lastId=2709bf46-8030-540c-8d3f-5fb98e216a09, 81s)
[2026-06-02T18:03:27.450Z] [LOG] … scanned=62000 would-update=61997 excluded=369 curated=3 fail=0 (lastId=27a93552-50bc-554d-8dba-4978af9d7cf1, 82s)
[2026-06-02T18:03:28.633Z] [LOG] … scanned=63000 would-update=62997 excluded=373 curated=3 fail=0 (lastId=2847c37a-c8d4-55e8-92b5-b89616dbf7a1, 83s)
[2026-06-02T18:03:29.817Z] [LOG] … scanned=64000 would-update=63997 excluded=384 curated=3 fail=0 (lastId=28ed3f29-2f06-544f-a147-1d0081706d03, 84s)
[2026-06-02T18:03:31.041Z] [LOG] … scanned=65000 would-update=64997 excluded=388 curated=3 fail=0 (lastId=29911021-27f5-5e5f-8be6-3ed6d9b73249, 86s)
[2026-06-02T18:03:32.201Z] [LOG] … scanned=66000 would-update=65997 excluded=390 curated=3 fail=0 (lastId=2a37bc75-25f1-5e4e-b4e3-e948bb2bc8f1, 87s)
[2026-06-02T18:03:33.363Z] [LOG] … scanned=67000 would-update=66997 excluded=396 curated=3 fail=0 (lastId=2ad79315-3a78-554a-b3f2-93fb77acdd70, 88s)
[2026-06-02T18:03:34.528Z] [LOG] … scanned=68000 would-update=67996 excluded=398 curated=4 fail=0 (lastId=2b812971-06c7-579a-8203-0980dcdf99e1, 89s)
[2026-06-02T18:03:35.683Z] [LOG] … scanned=69000 would-update=68996 excluded=405 curated=4 fail=0 (lastId=2c245eef-7012-5c3e-8e55-6140cf24e8bb, 90s)
[2026-06-02T18:03:36.828Z] [LOG] … scanned=70000 would-update=69996 excluded=416 curated=4 fail=0 (lastId=2cd43839-0ac8-5787-aae0-b17b761499ab, 91s)
[2026-06-02T18:03:38.015Z] [LOG] … scanned=71000 would-update=70996 excluded=420 curated=4 fail=0 (lastId=2d7355ce-cfc8-55c3-b0d4-2b2ed342d2bc, 93s)
[2026-06-02T18:03:39.252Z] [LOG] … scanned=72000 would-update=71996 excluded=428 curated=4 fail=0 (lastId=2e19d75a-c3bf-5681-ab1a-362b3d49d81e, 94s)
[2026-06-02T18:03:40.528Z] [LOG] … scanned=73000 would-update=72996 excluded=437 curated=4 fail=0 (lastId=2eb726ef-cf9a-5187-a15b-41b014293a51, 95s)
[2026-06-02T18:03:41.679Z] [LOG] … scanned=74000 would-update=73996 excluded=446 curated=4 fail=0 (lastId=2f62b003-86ae-5e3a-b70c-1a754aa17a7e, 96s)
[2026-06-02T18:03:42.900Z] [LOG] … scanned=75000 would-update=74996 excluded=451 curated=4 fail=0 (lastId=3009fa1d-7636-542e-8f02-8b51814ae0ab, 97s)
[2026-06-02T18:03:44.121Z] [LOG] … scanned=76000 would-update=75996 excluded=460 curated=4 fail=0 (lastId=30a42d47-ebbd-5015-a69d-03640f1c47d3, 99s)
[2026-06-02T18:03:45.301Z] [LOG] … scanned=77000 would-update=76996 excluded=468 curated=4 fail=0 (lastId=314959e5-6578-5c6f-90d5-50ec9fa05545, 100s)
[2026-06-02T18:03:46.558Z] [LOG] … scanned=78000 would-update=77996 excluded=480 curated=4 fail=0 (lastId=31e39026-ef72-5570-8aad-d5f5961a3f6b, 101s)
[2026-06-02T18:03:47.768Z] [LOG] … scanned=79000 would-update=78996 excluded=488 curated=4 fail=0 (lastId=3282d4ad-009d-5363-88ef-3a8762ec7fe5, 102s)
[2026-06-02T18:03:48.970Z] [LOG] … scanned=80000 would-update=79996 excluded=495 curated=4 fail=0 (lastId=332b7b59-dc17-59bc-a745-d1b2e2c099f0, 104s)
[2026-06-02T18:03:50.131Z] [LOG] … scanned=81000 would-update=80995 excluded=500 curated=5 fail=0 (lastId=33ce7569-400b-5193-81b2-6687a4071194, 105s)
[2026-06-02T18:03:51.288Z] [LOG] … scanned=82000 would-update=81995 excluded=503 curated=5 fail=0 (lastId=346b76ca-879a-5d00-9edf-d51d24033b78, 106s)
[2026-06-02T18:03:52.513Z] [LOG] … scanned=83000 would-update=82995 excluded=508 curated=5 fail=0 (lastId=350ec6e2-e0a9-58f8-8418-607f21d7d606, 107s)
[2026-06-02T18:03:53.785Z] [LOG] … scanned=84000 would-update=83995 excluded=514 curated=5 fail=0 (lastId=35be0919-3988-522b-b10e-d82ca79e2b28, 108s)
[2026-06-02T18:03:55.002Z] [LOG] … scanned=85000 would-update=84995 excluded=523 curated=5 fail=0 (lastId=3665cd54-62da-5d36-a9d7-3dfa642954c0, 110s)
[2026-06-02T18:03:56.213Z] [LOG] … scanned=86000 would-update=85995 excluded=527 curated=5 fail=0 (lastId=370b5f93-3866-5002-84a1-aa68ea3235be, 111s)
[2026-06-02T18:03:57.608Z] [LOG] … scanned=87000 would-update=86995 excluded=537 curated=5 fail=0 (lastId=37b3b01d-7656-5905-9b13-f49be3d15532, 112s)
[2026-06-02T18:03:58.802Z] [LOG] … scanned=88000 would-update=87995 excluded=545 curated=5 fail=0 (lastId=3853e7a7-a9fd-51a5-8975-9f9eb16f2515, 113s)
[2026-06-02T18:03:59.950Z] [LOG] … scanned=89000 would-update=88995 excluded=551 curated=5 fail=0 (lastId=38f4f79d-0353-5c62-85db-d90c39d7bb5b, 115s)
[2026-06-02T18:04:01.119Z] [LOG] … scanned=90000 would-update=89995 excluded=555 curated=5 fail=0 (lastId=399a118c-5d20-55ca-afab-d14d3ac529d0, 116s)
[2026-06-02T18:04:02.246Z] [LOG] … scanned=91000 would-update=90995 excluded=557 curated=5 fail=0 (lastId=3a37ebc6-18ef-5555-a225-ba724bbfc07b, 117s)
[2026-06-02T18:04:03.348Z] [LOG] … scanned=92000 would-update=91995 excluded=563 curated=5 fail=0 (lastId=3ad5dd8a-5e86-52b3-b5fb-599cb0809cf4, 118s)
[2026-06-02T18:04:04.501Z] [LOG] … scanned=93000 would-update=92995 excluded=567 curated=5 fail=0 (lastId=3b78ff2b-1263-5e56-b5b9-6aee154e3c67, 119s)
[2026-06-02T18:04:05.600Z] [LOG] … scanned=94000 would-update=93995 excluded=574 curated=5 fail=0 (lastId=3c1bb369-af81-5710-9147-c8f34796e4d1, 120s)
[2026-06-02T18:04:06.740Z] [LOG] … scanned=95000 would-update=94994 excluded=578 curated=6 fail=0 (lastId=3cc308a8-5f69-5c02-8742-ae81f66772f9, 121s)
[2026-06-02T18:04:07.908Z] [LOG] … scanned=96000 would-update=95993 excluded=584 curated=7 fail=0 (lastId=3d662e9e-3fb7-5afe-9377-ffb86ecaad98, 122s)
[2026-06-02T18:04:09.011Z] [LOG] … scanned=97000 would-update=96993 excluded=589 curated=7 fail=0 (lastId=3e024770-25eb-5a2e-9536-c6fd07347d5c, 124s)
[2026-06-02T18:04:10.135Z] [LOG] … scanned=98000 would-update=97993 excluded=591 curated=7 fail=0 (lastId=3ea22e38-0e72-506e-975a-7a0cde9433b1, 125s)
[2026-06-02T18:04:11.252Z] [LOG] … scanned=99000 would-update=98993 excluded=596 curated=7 fail=0 (lastId=3f45e599-a11b-576e-ba75-e5bf6cc4155d, 126s)
[2026-06-02T18:04:12.380Z] [LOG] … scanned=100000 would-update=99993 excluded=606 curated=7 fail=0 (lastId=3fe050d5-1ca8-5071-a525-c6cb810d01a1, 127s)
[2026-06-02T18:04:13.561Z] [LOG] … scanned=101000 would-update=100993 excluded=613 curated=7 fail=0 (lastId=40852395-6d91-51a7-8f3a-3657abb35eb3, 128s)
[2026-06-02T18:04:14.668Z] [LOG] … scanned=102000 would-update=101993 excluded=621 curated=7 fail=0 (lastId=4129d6ee-c445-5291-8b2c-7f05d4b1bf18, 129s)
[2026-06-02T18:04:15.801Z] [LOG] … scanned=103000 would-update=102993 excluded=628 curated=7 fail=0 (lastId=41c94e74-8f70-5a52-afea-feee72755143, 130s)
[2026-06-02T18:04:16.952Z] [LOG] … scanned=104000 would-update=103993 excluded=631 curated=7 fail=0 (lastId=4272ddb3-53bb-522e-acee-6a1e3b91889f, 132s)
[2026-06-02T18:04:18.092Z] [LOG] … scanned=105000 would-update=104993 excluded=636 curated=7 fail=0 (lastId=4316494d-9d5e-5800-b2da-4d0627c6a1b9, 133s)
[2026-06-02T18:04:19.289Z] [LOG] … scanned=106000 would-update=105993 excluded=643 curated=7 fail=0 (lastId=43b7e31b-5ad0-5a33-a7c1-b60fb5ab03f6, 134s)
[2026-06-02T18:04:20.442Z] [LOG] … scanned=107000 would-update=106993 excluded=649 curated=7 fail=0 (lastId=445adcb3-dd9c-5089-946e-684deb5fc972, 135s)
[2026-06-02T18:04:21.606Z] [LOG] … scanned=108000 would-update=107993 excluded=653 curated=7 fail=0 (lastId=4501276e-8a9b-5b3c-860f-19e547d64c01, 136s)
[2026-06-02T18:04:22.738Z] [LOG] … scanned=109000 would-update=108993 excluded=658 curated=7 fail=0 (lastId=45a6d479-6e8e-59ba-a892-7512c11f205a, 137s)
[2026-06-02T18:04:23.844Z] [LOG] … scanned=110000 would-update=109993 excluded=660 curated=7 fail=0 (lastId=464ed717-6f0e-5b16-8070-4191675e98af, 138s)
[2026-06-02T18:04:24.960Z] [LOG] … scanned=111000 would-update=110993 excluded=666 curated=7 fail=0 (lastId=46f4b5b2-4cb7-53dc-a7bc-f087ac6553f5, 140s)
[2026-06-02T18:04:26.101Z] [LOG] … scanned=112000 would-update=111993 excluded=671 curated=7 fail=0 (lastId=479910fc-8803-53c0-a9ce-deee9abb98e4, 141s)
[2026-06-02T18:04:27.191Z] [LOG] … scanned=113000 would-update=112993 excluded=677 curated=7 fail=0 (lastId=4835110c-36da-5b68-b71b-43aa63a3af51, 142s)
[2026-06-02T18:04:28.290Z] [LOG] … scanned=114000 would-update=113993 excluded=685 curated=7 fail=0 (lastId=48d9385c-8811-592f-8a42-3ce054ba151e, 143s)
[2026-06-02T18:04:29.372Z] [LOG] … scanned=115000 would-update=114993 excluded=688 curated=7 fail=0 (lastId=497a73dc-7570-5123-b14e-b711dc735b9d, 144s)
[2026-06-02T18:04:30.496Z] [LOG] … scanned=116000 would-update=115993 excluded=697 curated=7 fail=0 (lastId=4a18ba4b-5e73-5255-86fc-6e9e5d30ed40, 145s)
[2026-06-02T18:04:31.670Z] [LOG] … scanned=117000 would-update=116993 excluded=705 curated=7 fail=0 (lastId=4ab8b1fc-58f1-5ff0-8f71-c3af48ba5a53, 146s)
[2026-06-02T18:04:32.739Z] [LOG] … scanned=118000 would-update=117993 excluded=713 curated=7 fail=0 (lastId=4b6050db-dfb3-5804-b840-182dadef9f7c, 147s)
[2026-06-02T18:04:33.827Z] [LOG] … scanned=119000 would-update=118993 excluded=719 curated=7 fail=0 (lastId=4c0b822e-5ab0-53fa-b544-7af89f331386, 148s)
[2026-06-02T18:04:35.013Z] [LOG] … scanned=120000 would-update=119993 excluded=721 curated=7 fail=0 (lastId=4caa44f7-c050-57de-bdce-e59e82905126, 150s)
[2026-06-02T18:04:36.114Z] [LOG] … scanned=121000 would-update=120993 excluded=725 curated=7 fail=0 (lastId=4d55eb10-2527-5481-893b-716c6b18f6d1, 151s)
[2026-06-02T18:04:37.276Z] [LOG] … scanned=122000 would-update=121993 excluded=731 curated=7 fail=0 (lastId=4df32b1e-4730-52f4-b82b-156e0c5808f0, 152s)
[2026-06-02T18:04:38.524Z] [LOG] … scanned=123000 would-update=122993 excluded=735 curated=7 fail=0 (lastId=4e95100a-689f-5db6-9230-37b8db9f11ef, 153s)
[2026-06-02T18:04:39.710Z] [LOG] … scanned=124000 would-update=123993 excluded=742 curated=7 fail=0 (lastId=4f46a7eb-fc85-5476-bc25-ad5287a949d9, 154s)
[2026-06-02T18:04:40.860Z] [LOG] … scanned=125000 would-update=124993 excluded=745 curated=7 fail=0 (lastId=4fe2dc23-7a3b-530d-bdd5-7843a51d7ba6, 155s)
[2026-06-02T18:04:41.929Z] [LOG] … scanned=126000 would-update=125993 excluded=753 curated=7 fail=0 (lastId=508ddc37-112c-5e92-92b9-1adc505800ef, 156s)
[2026-06-02T18:04:43.042Z] [LOG] … scanned=127000 would-update=126993 excluded=760 curated=7 fail=0 (lastId=512b1f57-540c-53b2-a442-ef48180bd613, 158s)
[2026-06-02T18:04:44.204Z] [LOG] … scanned=128000 would-update=127993 excluded=767 curated=7 fail=0 (lastId=51d1301a-d764-5ef2-ae8a-df222cf31052, 159s)
[2026-06-02T18:04:45.289Z] [LOG] … scanned=129000 would-update=128993 excluded=773 curated=7 fail=0 (lastId=5276177c-0b13-561e-910f-d14bd64eac8f, 160s)
[2026-06-02T18:04:46.470Z] [LOG] … scanned=130000 would-update=129993 excluded=775 curated=7 fail=0 (lastId=53125e99-5ce4-5b6c-b459-eac783afa0c7, 161s)
[2026-06-02T18:04:47.618Z] [LOG] … scanned=131000 would-update=130993 excluded=788 curated=7 fail=0 (lastId=53b1a74b-b788-5f10-affb-68b2b15d5af5, 162s)
[2026-06-02T18:04:48.760Z] [LOG] … scanned=132000 would-update=131993 excluded=798 curated=7 fail=0 (lastId=545cc9a1-1f7e-56a6-9e3d-89d4e0969ae1, 163s)
[2026-06-02T18:04:49.878Z] [LOG] … scanned=133000 would-update=132993 excluded=806 curated=7 fail=0 (lastId=54fa4518-029a-53cc-ac8a-e6786b929a3b, 164s)
[2026-06-02T18:04:50.933Z] [LOG] … scanned=134000 would-update=133993 excluded=810 curated=7 fail=0 (lastId=55a2fe84-06e7-539c-8324-75856cd5fdf5, 166s)
[2026-06-02T18:04:52.072Z] [LOG] … scanned=135000 would-update=134993 excluded=815 curated=7 fail=0 (lastId=5641eac3-47bf-5d3d-9555-b81971680a0b, 167s)
[2026-06-02T18:04:53.280Z] [LOG] … scanned=136000 would-update=135993 excluded=821 curated=7 fail=0 (lastId=56d99028-78fe-542e-b917-817572313d6b, 168s)
[2026-06-02T18:04:54.493Z] [LOG] … scanned=137000 would-update=136993 excluded=823 curated=7 fail=0 (lastId=577f7975-3c79-5592-8e08-b4430f799d8b, 169s)
[2026-06-02T18:04:55.618Z] [LOG] … scanned=138000 would-update=137993 excluded=830 curated=7 fail=0 (lastId=58270e88-7782-5d2a-b714-862ca4e1c340, 170s)
[2026-06-02T18:04:56.691Z] [LOG] … scanned=139000 would-update=138993 excluded=834 curated=7 fail=0 (lastId=58c4d001-dfcc-5cd8-97c7-da674a076483, 171s)
[2026-06-02T18:04:58.360Z] [LOG] … scanned=140000 would-update=139993 excluded=839 curated=7 fail=0 (lastId=596213a0-ddb3-530e-b7a5-39ac93080134, 173s)
[2026-06-02T18:04:59.589Z] [LOG] … scanned=141000 would-update=140993 excluded=842 curated=7 fail=0 (lastId=5a0bce7d-6fcc-521c-8117-3c51371c225d, 174s)
[2026-06-02T18:05:00.807Z] [LOG] … scanned=142000 would-update=141993 excluded=851 curated=7 fail=0 (lastId=5aa9ff56-9d6d-53cc-8b98-3032cba6de6b, 175s)
[2026-06-02T18:05:02.008Z] [LOG] … scanned=143000 would-update=142993 excluded=855 curated=7 fail=0 (lastId=5b4f09f8-609a-565a-8764-da6cbd1cbaa5, 177s)
[2026-06-02T18:05:03.212Z] [LOG] … scanned=144000 would-update=143993 excluded=860 curated=7 fail=0 (lastId=5bf390e6-ed70-5ebb-ac2c-5ec7b014c0e7, 178s)
[2026-06-02T18:05:04.517Z] [LOG] … scanned=145000 would-update=144993 excluded=862 curated=7 fail=0 (lastId=5c90bb0f-01ca-5cca-beaf-c52adf3c7a55, 179s)
[2026-06-02T18:05:05.706Z] [LOG] … scanned=146000 would-update=145993 excluded=866 curated=7 fail=0 (lastId=5d2cf403-3e8f-556f-93e4-fc2fd5eba4fb, 180s)
[2026-06-02T18:05:06.866Z] [LOG] … scanned=147000 would-update=146993 excluded=873 curated=7 fail=0 (lastId=5dd414fc-5d64-57c7-931e-1ec79a13116d, 181s)
[2026-06-02T18:05:08.046Z] [LOG] … scanned=148000 would-update=147993 excluded=880 curated=7 fail=0 (lastId=5e6fea75-3931-5d4b-b3ae-abcd3d8640fd, 183s)
[2026-06-02T18:05:09.140Z] [LOG] … scanned=149000 would-update=148993 excluded=889 curated=7 fail=0 (lastId=5f153a30-b066-589a-856a-0c4ddecb6a01, 184s)
[2026-06-02T18:05:10.258Z] [LOG] … scanned=150000 would-update=149993 excluded=899 curated=7 fail=0 (lastId=5fb5f95c-613f-5b11-8115-165183a73d31, 185s)
[2026-06-02T18:05:11.676Z] [LOG] … scanned=151000 would-update=150993 excluded=910 curated=7 fail=0 (lastId=6057f2ef-d588-59b6-a973-50390336bd8e, 186s)
[2026-06-02T18:05:12.830Z] [LOG] … scanned=152000 would-update=151993 excluded=916 curated=7 fail=0 (lastId=61058fc9-894b-5f0e-9a86-490b1b50852c, 187s)
[2026-06-02T18:05:13.892Z] [LOG] … scanned=153000 would-update=152993 excluded=919 curated=7 fail=0 (lastId=619d8b8f-68c3-58d3-89f4-07c252417ac1, 188s)
[2026-06-02T18:05:15.000Z] [LOG] … scanned=154000 would-update=153993 excluded=923 curated=7 fail=0 (lastId=6238c70e-1d5e-5b8d-b3bb-2412ccfc3e6b, 190s)
[2026-06-02T18:05:16.049Z] [LOG] … scanned=155000 would-update=154993 excluded=929 curated=7 fail=0 (lastId=62e47ec7-b2b3-555f-836e-a38a418a0853, 191s)
[2026-06-02T18:05:17.129Z] [LOG] … scanned=156000 would-update=155993 excluded=935 curated=7 fail=0 (lastId=6385716a-1833-50db-bba8-819e42d0ce28, 192s)
[2026-06-02T18:05:18.165Z] [LOG] … scanned=157000 would-update=156993 excluded=941 curated=7 fail=0 (lastId=6424b5e1-03d9-50c7-aed8-9f8d5b2107c4, 193s)
[2026-06-02T18:05:19.236Z] [LOG] … scanned=158000 would-update=157992 excluded=943 curated=8 fail=0 (lastId=64cae438-ea3b-5022-9a7a-9c1b657fabff, 194s)
[2026-06-02T18:05:20.327Z] [LOG] … scanned=159000 would-update=158992 excluded=947 curated=8 fail=0 (lastId=6574c6fc-93f5-5b9d-85b3-e4534225ee33, 195s)
[2026-06-02T18:05:21.405Z] [LOG] … scanned=160000 would-update=159992 excluded=955 curated=8 fail=0 (lastId=661be6ae-1450-5495-9d15-f9b9d4288700, 196s)
[2026-06-02T18:05:22.505Z] [LOG] … scanned=161000 would-update=160992 excluded=962 curated=8 fail=0 (lastId=66bd7cf1-6e90-5bf5-b94c-55a8fafa5bfd, 197s)
[2026-06-02T18:05:23.535Z] [LOG] … scanned=162000 would-update=161992 excluded=964 curated=8 fail=0 (lastId=67626be1-ccf5-5573-9f17-d398a352c6c7, 198s)
[2026-06-02T18:05:24.625Z] [LOG] … scanned=163000 would-update=162992 excluded=972 curated=8 fail=0 (lastId=680a363e-0c4c-5e2f-9f7d-3f2e1d09be6b, 199s)
[2026-06-02T18:05:25.688Z] [LOG] … scanned=164000 would-update=163992 excluded=977 curated=8 fail=0 (lastId=68ac5e24-366e-5dad-9fa5-ca7f9fa00bb3, 200s)
[2026-06-02T18:05:26.819Z] [LOG] … scanned=165000 would-update=164992 excluded=987 curated=8 fail=0 (lastId=6958c32f-a6da-5f36-a823-6719385c794e, 201s)
[2026-06-02T18:05:27.926Z] [LOG] … scanned=166000 would-update=165992 excluded=988 curated=8 fail=0 (lastId=69fb7e21-7a27-5fe8-bad6-73b28f8a399c, 202s)
[2026-06-02T18:05:29.018Z] [LOG] … scanned=167000 would-update=166992 excluded=992 curated=8 fail=0 (lastId=6a9f058c-5f05-5521-b552-d76a900c4bd3, 204s)
[2026-06-02T18:05:30.108Z] [LOG] … scanned=168000 would-update=167992 excluded=997 curated=8 fail=0 (lastId=6b3a90f3-57ca-5a4f-8468-8581b927fc54, 205s)
[2026-06-02T18:05:31.211Z] [LOG] … scanned=169000 would-update=168992 excluded=1005 curated=8 fail=0 (lastId=6be16003-773f-5541-a930-358ca116845f, 206s)
[2026-06-02T18:05:32.305Z] [LOG] … scanned=170000 would-update=169992 excluded=1011 curated=8 fail=0 (lastId=6c895f52-3870-5773-bf51-e3a31dab8e91, 207s)
[2026-06-02T18:05:33.395Z] [LOG] … scanned=171000 would-update=170992 excluded=1017 curated=8 fail=0 (lastId=6d303f62-bdf0-5be1-9bc0-cab1f15f30c4, 208s)
[2026-06-02T18:05:34.450Z] [LOG] … scanned=172000 would-update=171992 excluded=1023 curated=8 fail=0 (lastId=6dd0bae0-ff1b-5e35-90e3-1eaffb148c87, 209s)
[2026-06-02T18:05:35.568Z] [LOG] … scanned=173000 would-update=172992 excluded=1030 curated=8 fail=0 (lastId=6e6d6e63-eb1a-5f32-8ab9-32331d487ce5, 210s)
[2026-06-02T18:05:36.588Z] [LOG] … scanned=174000 would-update=173992 excluded=1036 curated=8 fail=0 (lastId=6f0f301f-fcc4-53b3-a8f3-ef24e6409e06, 211s)
[2026-06-02T18:05:37.650Z] [LOG] … scanned=175000 would-update=174992 excluded=1038 curated=8 fail=0 (lastId=6fa87be4-5763-578d-b750-4994617ffd56, 212s)
[2026-06-02T18:05:38.683Z] [LOG] … scanned=176000 would-update=175992 excluded=1052 curated=8 fail=0 (lastId=70409481-70e4-5633-85f8-05d6803a394b, 213s)
[2026-06-02T18:05:39.923Z] [LOG] … scanned=177000 would-update=176992 excluded=1056 curated=8 fail=0 (lastId=70e0f4ce-a9dc-5bf1-b510-3dcf48cddded, 214s)
[2026-06-02T18:05:40.975Z] [LOG] … scanned=178000 would-update=177992 excluded=1064 curated=8 fail=0 (lastId=718b1b30-2ac0-54f2-94cb-1c9951bcf882, 216s)
[2026-06-02T18:05:42.168Z] [LOG] … scanned=179000 would-update=178992 excluded=1069 curated=8 fail=0 (lastId=72290a39-a551-5698-abda-a1f3b9725441, 217s)
[2026-06-02T18:05:43.215Z] [LOG] … scanned=180000 would-update=179992 excluded=1075 curated=8 fail=0 (lastId=72cf5cc9-b1f9-525a-8999-cf2bd8cc1058, 218s)
[2026-06-02T18:05:44.256Z] [LOG] … scanned=181000 would-update=180992 excluded=1080 curated=8 fail=0 (lastId=736c7205-2404-5578-9560-f3ffc13f32e6, 219s)
[2026-06-02T18:05:45.303Z] [LOG] … scanned=182000 would-update=181992 excluded=1087 curated=8 fail=0 (lastId=740f0c32-cb67-55d6-addf-6f10fb1db6a1, 220s)
[2026-06-02T18:05:46.399Z] [LOG] … scanned=183000 would-update=182992 excluded=1093 curated=8 fail=0 (lastId=74b2c317-e3f8-596c-9b4a-e39ebd3c834a, 221s)
[2026-06-02T18:05:47.446Z] [LOG] … scanned=184000 would-update=183992 excluded=1098 curated=8 fail=0 (lastId=755c58ed-20fd-515f-b8cc-b3aab426cbad, 222s)
[2026-06-02T18:05:48.454Z] [LOG] … scanned=185000 would-update=184992 excluded=1103 curated=8 fail=0 (lastId=75fea2db-bc6f-5b1f-ae54-733e4240b38f, 223s)
[2026-06-02T18:05:49.579Z] [LOG] … scanned=186000 would-update=185992 excluded=1110 curated=8 fail=0 (lastId=76a4469c-9d42-56fd-8da2-e5099a988e76, 224s)
[2026-06-02T18:05:50.630Z] [LOG] … scanned=187000 would-update=186992 excluded=1119 curated=8 fail=0 (lastId=774c3e56-0d7f-58b7-a6bf-a898bd4ba1bb, 225s)
[2026-06-02T18:05:51.667Z] [LOG] … scanned=188000 would-update=187992 excluded=1125 curated=8 fail=0 (lastId=77f61e1d-7570-5b3a-b227-83d55df5998b, 226s)
[2026-06-02T18:05:52.739Z] [LOG] … scanned=189000 would-update=188992 excluded=1139 curated=8 fail=0 (lastId=7893e40a-e4e8-5047-a02d-e6c7817bef59, 227s)
[2026-06-02T18:05:53.837Z] [LOG] … scanned=190000 would-update=189992 excluded=1147 curated=8 fail=0 (lastId=7937a40a-714e-594f-84c6-eb0cbe55259e, 228s)
[2026-06-02T18:05:54.892Z] [LOG] … scanned=191000 would-update=190992 excluded=1154 curated=8 fail=0 (lastId=79db756b-b42b-53c1-be24-96198680339d, 229s)
[2026-06-02T18:05:55.947Z] [LOG] … scanned=192000 would-update=191992 excluded=1161 curated=8 fail=0 (lastId=7a87d996-0fc2-5630-a1f3-8f6641c9fd51, 231s)
[2026-06-02T18:05:56.978Z] [LOG] … scanned=193000 would-update=192992 excluded=1163 curated=8 fail=0 (lastId=7b2d3967-26ba-59e0-9798-94696aef926b, 232s)
[2026-06-02T18:05:58.039Z] [LOG] … scanned=194000 would-update=193992 excluded=1166 curated=8 fail=0 (lastId=7bcc528a-ced3-5a6c-9252-1d0b8e9fa8eb, 233s)
[2026-06-02T18:05:59.276Z] [LOG] … scanned=195000 would-update=194992 excluded=1176 curated=8 fail=0 (lastId=7c764e46-6a1a-5c41-bf6a-3d86234b30be, 234s)
[2026-06-02T18:06:00.371Z] [LOG] … scanned=196000 would-update=195991 excluded=1182 curated=9 fail=0 (lastId=7d12809d-0310-5ed3-aa18-70158bcc0611, 235s)
[2026-06-02T18:06:01.412Z] [LOG] … scanned=197000 would-update=196991 excluded=1184 curated=9 fail=0 (lastId=7dbb76e6-353a-54da-bf95-6d11f8d4f8f5, 236s)
[2026-06-02T18:06:02.426Z] [LOG] … scanned=198000 would-update=197991 excluded=1190 curated=9 fail=0 (lastId=7e629d82-ee9e-50cd-b425-090c2cf8f096, 237s)
[2026-06-02T18:06:03.585Z] [LOG] … scanned=199000 would-update=198991 excluded=1198 curated=9 fail=0 (lastId=7f048995-bbb0-530b-8465-27dd852b9f0d, 238s)
[2026-06-02T18:06:04.721Z] [LOG] … scanned=200000 would-update=199991 excluded=1205 curated=9 fail=0 (lastId=7fa77128-cf36-5024-8f6c-37462c55ae5b, 239s)
[2026-06-02T18:06:05.784Z] [LOG] … scanned=201000 would-update=200991 excluded=1211 curated=9 fail=0 (lastId=8055892e-2a21-5ffa-b3c6-6ba5f95dffd5, 240s)
[2026-06-02T18:06:06.840Z] [LOG] … scanned=202000 would-update=201991 excluded=1214 curated=9 fail=0 (lastId=80ff936e-197b-5d02-9be7-76ea119dcefe, 241s)
[2026-06-02T18:06:07.907Z] [LOG] … scanned=203000 would-update=202991 excluded=1223 curated=9 fail=0 (lastId=819a1a80-883f-57bb-b767-9e280ddfa39d, 242s)
[2026-06-02T18:06:08.948Z] [LOG] … scanned=204000 would-update=203991 excluded=1228 curated=9 fail=0 (lastId=82423d10-98d5-578e-bc01-9c4fe7ad5581, 244s)
[2026-06-02T18:06:09.986Z] [LOG] … scanned=205000 would-update=204991 excluded=1229 curated=9 fail=0 (lastId=82e311c7-7d6d-5f39-89f0-bb308a0dae0c, 245s)
[2026-06-02T18:06:10.986Z] [LOG] … scanned=206000 would-update=205991 excluded=1232 curated=9 fail=0 (lastId=83850e07-25b8-552a-a896-e78d13b7cf77, 246s)
[2026-06-02T18:06:12.026Z] [LOG] … scanned=207000 would-update=206991 excluded=1239 curated=9 fail=0 (lastId=84229fd7-a257-5e42-9b46-49459df6aabf, 247s)
[2026-06-02T18:06:13.025Z] [LOG] … scanned=208000 would-update=207991 excluded=1242 curated=9 fail=0 (lastId=84c3fd7e-49f6-5c9e-8ab1-d9c42a73e16d, 248s)
[2026-06-02T18:06:14.037Z] [LOG] … scanned=209000 would-update=208991 excluded=1249 curated=9 fail=0 (lastId=856cdb6f-58f9-5f58-82b9-84063dd0cd82, 249s)
[2026-06-02T18:06:15.057Z] [LOG] … scanned=210000 would-update=209991 excluded=1255 curated=9 fail=0 (lastId=8614902f-a181-5a12-9b7b-7597ac690ed7, 250s)
[2026-06-02T18:06:16.137Z] [LOG] … scanned=211000 would-update=210990 excluded=1262 curated=10 fail=0 (lastId=86bc91a7-fb78-5dd9-a8d6-0e1a3f0ebc35, 251s)
[2026-06-02T18:06:17.157Z] [LOG] … scanned=212000 would-update=211990 excluded=1268 curated=10 fail=0 (lastId=875c38cc-0a54-502f-97cd-975a1eca2517, 252s)
[2026-06-02T18:06:18.198Z] [LOG] … scanned=213000 would-update=212990 excluded=1273 curated=10 fail=0 (lastId=880b03ef-3989-5863-881d-73c97230c69c, 253s)
[2026-06-02T18:06:19.182Z] [LOG] … scanned=214000 would-update=213990 excluded=1277 curated=10 fail=0 (lastId=88b05524-acbd-5659-b33f-c60b8d7ac83e, 254s)
[2026-06-02T18:06:20.191Z] [LOG] … scanned=215000 would-update=214989 excluded=1283 curated=11 fail=0 (lastId=89583d70-bf10-55ee-9026-558f50d64945, 255s)
[2026-06-02T18:06:21.227Z] [LOG] … scanned=216000 would-update=215989 excluded=1289 curated=11 fail=0 (lastId=89f39ab0-6add-5723-b758-cc726edddf40, 256s)
[2026-06-02T18:06:22.231Z] [LOG] … scanned=217000 would-update=216989 excluded=1297 curated=11 fail=0 (lastId=8a95e326-0400-5fed-b802-b07898c259e2, 257s)
[2026-06-02T18:06:23.280Z] [LOG] … scanned=218000 would-update=217989 excluded=1303 curated=11 fail=0 (lastId=8b347038-6da4-5559-8156-9718061c6201, 258s)
[2026-06-02T18:06:25.169Z] [LOG] … scanned=219000 would-update=218988 excluded=1309 curated=12 fail=0 (lastId=8bda785c-00cb-546e-99f7-562894b84191, 260s)
[2026-06-02T18:06:26.160Z] [LOG] … scanned=220000 would-update=219988 excluded=1318 curated=12 fail=0 (lastId=8c82b896-f1d8-5486-8906-954641dcbf74, 261s)
[2026-06-02T18:06:27.226Z] [LOG] … scanned=221000 would-update=220988 excluded=1324 curated=12 fail=0 (lastId=8d1c6065-5b4d-58bf-a206-97ba5dbc35d8, 262s)
[2026-06-02T18:06:28.242Z] [LOG] … scanned=222000 would-update=221988 excluded=1330 curated=12 fail=0 (lastId=8dc00c90-c68b-5758-bea8-659d65a1fcaf, 263s)
[2026-06-02T18:06:29.267Z] [LOG] … scanned=223000 would-update=222988 excluded=1336 curated=12 fail=0 (lastId=8e6d0723-e599-526c-8a89-a28e1e8322e0, 264s)
[2026-06-02T18:06:30.266Z] [LOG] … scanned=224000 would-update=223988 excluded=1339 curated=12 fail=0 (lastId=8f0ad519-78bf-5366-b517-a13d24937e79, 265s)
[2026-06-02T18:06:31.324Z] [LOG] … scanned=225000 would-update=224988 excluded=1344 curated=12 fail=0 (lastId=8facdf74-0509-5f59-aaf8-2d9865fe12b4, 266s)
[2026-06-02T18:06:32.328Z] [LOG] … scanned=226000 would-update=225988 excluded=1352 curated=12 fail=0 (lastId=904d5e7e-104a-50d4-8c18-85e207528685, 267s)
[2026-06-02T18:06:33.378Z] [LOG] … scanned=227000 would-update=226988 excluded=1357 curated=12 fail=0 (lastId=90edb006-bb0d-5882-b739-d0fd915bc729, 268s)
[2026-06-02T18:06:34.424Z] [LOG] … scanned=228000 would-update=227988 excluded=1361 curated=12 fail=0 (lastId=919aff07-4bc4-5ebe-8ad8-5c3cda262fe3, 269s)
[2026-06-02T18:06:35.410Z] [LOG] … scanned=229000 would-update=228988 excluded=1367 curated=12 fail=0 (lastId=9238b205-fce7-547a-86ae-23d7fa4f4e78, 270s)
[2026-06-02T18:06:36.413Z] [LOG] … scanned=230000 would-update=229988 excluded=1372 curated=12 fail=0 (lastId=92db6e7a-44d6-41c3-81df-b2ef3d0b8cbb, 271s)
[2026-06-02T18:06:37.379Z] [LOG] … scanned=231000 would-update=230988 excluded=1379 curated=12 fail=0 (lastId=93876b63-c407-5b07-a5c1-bde63209995e, 272s)
[2026-06-02T18:06:38.462Z] [LOG] … scanned=232000 would-update=231988 excluded=1389 curated=12 fail=0 (lastId=94233f66-8af4-5070-a35a-62062d89ea62, 273s)
[2026-06-02T18:06:39.486Z] [LOG] … scanned=233000 would-update=232988 excluded=1395 curated=12 fail=0 (lastId=94c5946f-6f19-5cf3-af66-18121af4da11, 274s)
[2026-06-02T18:06:40.537Z] [LOG] … scanned=234000 would-update=233988 excluded=1404 curated=12 fail=0 (lastId=956db77f-ea7d-579a-a6ad-08e83b3d2696, 275s)
[2026-06-02T18:06:41.497Z] [LOG] … scanned=235000 would-update=234988 excluded=1410 curated=12 fail=0 (lastId=9609511f-85ad-5981-bbbf-8c81627b59c6, 276s)
[2026-06-02T18:06:42.555Z] [LOG] … scanned=236000 would-update=235988 excluded=1419 curated=12 fail=0 (lastId=96aee80f-77cd-502b-b3e7-af894326bdd9, 277s)
[2026-06-02T18:06:43.598Z] [LOG] … scanned=237000 would-update=236988 excluded=1423 curated=12 fail=0 (lastId=974d1265-119a-5ea8-9d6e-4fa93081369f, 278s)
[2026-06-02T18:06:44.550Z] [LOG] … scanned=238000 would-update=237988 excluded=1429 curated=12 fail=0 (lastId=97ef9338-2106-5216-8ae0-56f5c56bd4f9, 279s)
[2026-06-02T18:06:45.558Z] [LOG] … scanned=239000 would-update=238988 excluded=1435 curated=12 fail=0 (lastId=989711ff-bd60-5701-a544-710e601aee51, 280s)
[2026-06-02T18:06:46.567Z] [LOG] … scanned=240000 would-update=239987 excluded=1441 curated=13 fail=0 (lastId=9945026c-2ba0-53d4-a3bd-48d63d0bf791, 281s)
[2026-06-02T18:06:47.531Z] [LOG] … scanned=241000 would-update=240987 excluded=1443 curated=13 fail=0 (lastId=99ec4e13-18d4-5dd8-9fe2-f00357ea22e1, 282s)
[2026-06-02T18:06:48.525Z] [LOG] … scanned=242000 would-update=241987 excluded=1446 curated=13 fail=0 (lastId=9a8b56c1-d965-5025-9d3a-603dfa10ab57, 283s)
[2026-06-02T18:06:49.483Z] [LOG] … scanned=243000 would-update=242987 excluded=1453 curated=13 fail=0 (lastId=9b2fceb4-2306-5fe6-bf6a-c87fd8840b1d, 284s)
[2026-06-02T18:06:50.462Z] [LOG] … scanned=244000 would-update=243987 excluded=1455 curated=13 fail=0 (lastId=9bd07dd4-8d99-55eb-977e-1a26c09b8424, 285s)
[2026-06-02T18:06:51.448Z] [LOG] … scanned=245000 would-update=244987 excluded=1462 curated=13 fail=0 (lastId=9c79c1f8-a979-55c9-b121-37c6c44b9935, 286s)
[2026-06-02T18:06:52.437Z] [LOG] … scanned=246000 would-update=245987 excluded=1469 curated=13 fail=0 (lastId=9d1d1be7-cc50-5bab-977e-1fa9ad82614f, 287s)
[2026-06-02T18:06:53.456Z] [LOG] … scanned=247000 would-update=246987 excluded=1479 curated=13 fail=0 (lastId=9dbf6305-066c-5a94-b76e-956ee864c61f, 288s)
[2026-06-02T18:06:54.430Z] [LOG] … scanned=248000 would-update=247987 excluded=1487 curated=13 fail=0 (lastId=9e6421af-e6fb-53b3-967b-ed7ac84c8496, 289s)
[2026-06-02T18:06:55.412Z] [LOG] … scanned=249000 would-update=248987 excluded=1495 curated=13 fail=0 (lastId=9f04c298-11aa-5a8b-9c76-4cbb15171208, 290s)
[2026-06-02T18:06:56.480Z] [LOG] … scanned=250000 would-update=249987 excluded=1501 curated=13 fail=0 (lastId=9fa8fdf9-838b-5996-948a-6ca4c1887a66, 291s)
[2026-06-02T18:06:57.774Z] [LOG] … scanned=251000 would-update=250987 excluded=1506 curated=13 fail=0 (lastId=a0528edd-b45e-59e1-b3de-a59781868281, 292s)
[2026-06-02T18:06:58.753Z] [LOG] … scanned=252000 would-update=251987 excluded=1509 curated=13 fail=0 (lastId=a0f070c9-6fa2-557f-bfe5-574e2d0100e4, 293s)
[2026-06-02T18:06:59.736Z] [LOG] … scanned=253000 would-update=252987 excluded=1516 curated=13 fail=0 (lastId=a1939c4d-b4a1-55a4-9cd6-2ce7a706c2d6, 294s)
[2026-06-02T18:07:00.730Z] [LOG] … scanned=254000 would-update=253987 excluded=1525 curated=13 fail=0 (lastId=a229db04-c5c0-5d5d-acd6-cfe4c047e5f1, 295s)
[2026-06-02T18:07:01.706Z] [LOG] … scanned=255000 would-update=254987 excluded=1530 curated=13 fail=0 (lastId=a2ce4b16-6690-59bf-9163-22782bca45d1, 296s)
[2026-06-02T18:07:02.626Z] [LOG] … scanned=256000 would-update=255987 excluded=1534 curated=13 fail=0 (lastId=a373b40c-156f-5b6d-b62e-4135b6e6202f, 297s)
[2026-06-02T18:07:03.616Z] [LOG] … scanned=257000 would-update=256986 excluded=1537 curated=14 fail=0 (lastId=a41a9428-5c9d-53d8-8a49-5cfa11ecfc78, 298s)
[2026-06-02T18:07:04.572Z] [LOG] … scanned=258000 would-update=257986 excluded=1546 curated=14 fail=0 (lastId=a4c3f922-520d-50cf-b298-33ecfe5676f1, 299s)
[2026-06-02T18:07:05.575Z] [LOG] … scanned=259000 would-update=258986 excluded=1549 curated=14 fail=0 (lastId=a566991c-7701-512f-9d9f-07382b978b8c, 300s)
[2026-06-02T18:07:06.505Z] [LOG] … scanned=260000 would-update=259986 excluded=1555 curated=14 fail=0 (lastId=a601d96b-b0e1-574e-b202-b5c3bf8856e0, 301s)
[2026-06-02T18:07:07.508Z] [LOG] … scanned=261000 would-update=260986 excluded=1562 curated=14 fail=0 (lastId=a69e83ec-4231-5b0a-9163-a678d987f35d, 302s)
[2026-06-02T18:07:08.585Z] [LOG] … scanned=262000 would-update=261986 excluded=1565 curated=14 fail=0 (lastId=a742c8c3-1d67-5270-9a53-4e750ec37a13, 303s)
[2026-06-02T18:07:09.767Z] [LOG] … scanned=263000 would-update=262986 excluded=1570 curated=14 fail=0 (lastId=a7e68469-6afd-5808-ab83-f084edbb8e41, 304s)
[2026-06-02T18:07:10.826Z] [LOG] … scanned=264000 would-update=263986 excluded=1574 curated=14 fail=0 (lastId=a8889e75-df94-5696-affe-a228e7cbdd2f, 305s)
[2026-06-02T18:07:11.745Z] [LOG] … scanned=265000 would-update=264986 excluded=1581 curated=14 fail=0 (lastId=a92cf442-1787-57e3-9c82-1bb009f3b781, 306s)
[2026-06-02T18:07:12.705Z] [LOG] … scanned=266000 would-update=265986 excluded=1587 curated=14 fail=0 (lastId=a9d17051-d9f7-585c-9bb0-9a2d1663c155, 307s)
[2026-06-02T18:07:13.711Z] [LOG] … scanned=267000 would-update=266986 excluded=1589 curated=14 fail=0 (lastId=aa7530b4-9e35-596e-9a57-7169945f5712, 308s)
[2026-06-02T18:07:14.688Z] [LOG] … scanned=268000 would-update=267985 excluded=1597 curated=15 fail=0 (lastId=ab1e3730-6040-554f-9d74-e77fa7dcb12f, 309s)
[2026-06-02T18:07:15.642Z] [LOG] … scanned=269000 would-update=268985 excluded=1602 curated=15 fail=0 (lastId=abbdb6f1-14e8-5775-b6fd-16966198ae53, 310s)
[2026-06-02T18:07:16.631Z] [LOG] … scanned=270000 would-update=269985 excluded=1608 curated=15 fail=0 (lastId=ac6491ef-af18-5035-aa17-75a9979a9110, 311s)
[2026-06-02T18:07:17.676Z] [LOG] … scanned=271000 would-update=270985 excluded=1614 curated=15 fail=0 (lastId=ad0dc95c-6cd4-5e61-b9bc-94cbaf0dda4a, 312s)
[2026-06-02T18:07:18.657Z] [LOG] … scanned=272000 would-update=271985 excluded=1625 curated=15 fail=0 (lastId=adaa8f1e-86ae-5c97-9562-046e68a348f8, 313s)
[2026-06-02T18:07:19.652Z] [LOG] … scanned=273000 would-update=272985 excluded=1632 curated=15 fail=0 (lastId=ae4b16af-e5a7-54d6-beef-09ff43a51d5c, 314s)
[2026-06-02T18:07:20.628Z] [LOG] … scanned=274000 would-update=273985 excluded=1635 curated=15 fail=0 (lastId=aefc13e6-cc9d-54e2-ae9c-9529a7c6e971, 315s)
[2026-06-02T18:07:21.669Z] [LOG] … scanned=275000 would-update=274985 excluded=1638 curated=15 fail=0 (lastId=af948f6f-cbb8-5b89-ba26-0082766f1cb1, 316s)
[2026-06-02T18:07:22.619Z] [LOG] … scanned=276000 would-update=275985 excluded=1647 curated=15 fail=0 (lastId=b03ad062-ea48-537b-ab27-db0d886eb7ca, 317s)
[2026-06-02T18:07:23.545Z] [LOG] … scanned=277000 would-update=276985 excluded=1652 curated=15 fail=0 (lastId=b0d99797-65a1-55de-ae32-f57b1adbe5eb, 318s)
[2026-06-02T18:07:24.471Z] [LOG] … scanned=278000 would-update=277985 excluded=1656 curated=15 fail=0 (lastId=b17cc14a-dcec-5210-869d-fab5befb4320, 319s)
[2026-06-02T18:07:25.426Z] [LOG] … scanned=279000 would-update=278985 excluded=1662 curated=15 fail=0 (lastId=b22799a0-d68f-540b-956b-989f2b69b66e, 320s)
[2026-06-02T18:07:26.356Z] [LOG] … scanned=280000 would-update=279985 excluded=1665 curated=15 fail=0 (lastId=b2c4c415-fb8c-520c-9c1a-d29083224fff, 321s)
[2026-06-02T18:07:27.285Z] [LOG] … scanned=281000 would-update=280985 excluded=1673 curated=15 fail=0 (lastId=b36cf09d-0dc9-5e3d-a9b7-e750d3701359, 322s)
[2026-06-02T18:07:28.269Z] [LOG] … scanned=282000 would-update=281985 excluded=1674 curated=15 fail=0 (lastId=b416726c-083a-5db7-9b0f-888363b38565, 323s)
[2026-06-02T18:07:29.211Z] [LOG] … scanned=283000 would-update=282985 excluded=1678 curated=15 fail=0 (lastId=b4bb3369-b0cc-5d37-814d-ddf6d4e8c59e, 324s)
[2026-06-02T18:07:30.142Z] [LOG] … scanned=284000 would-update=283985 excluded=1683 curated=15 fail=0 (lastId=b56037db-5c7f-50b6-941e-645ac427fb5c, 325s)
[2026-06-02T18:07:31.104Z] [LOG] … scanned=285000 would-update=284985 excluded=1689 curated=15 fail=0 (lastId=b5fcdc7f-8773-5234-a89d-3d30bab969c7, 326s)
[2026-06-02T18:07:32.038Z] [LOG] … scanned=286000 would-update=285985 excluded=1693 curated=15 fail=0 (lastId=b69b3877-3cfb-51b8-97d3-26c6517efa06, 327s)
[2026-06-02T18:07:33.009Z] [LOG] … scanned=287000 would-update=286985 excluded=1698 curated=15 fail=0 (lastId=b74a51c4-4cb3-53e4-98bf-67d41e87b6e9, 328s)
[2026-06-02T18:07:33.999Z] [LOG] … scanned=288000 would-update=287985 excluded=1708 curated=15 fail=0 (lastId=b7ebf303-742f-574d-938b-173f67247d8e, 329s)
[2026-06-02T18:07:34.934Z] [LOG] … scanned=289000 would-update=288985 excluded=1715 curated=15 fail=0 (lastId=b892ae27-adb3-5acd-9c52-1fef3455387e, 330s)
[2026-06-02T18:07:36.130Z] [LOG] … scanned=290000 would-update=289985 excluded=1719 curated=15 fail=0 (lastId=b93a99c3-e42a-5427-a303-4b41e5f8d7bf, 331s)
[2026-06-02T18:07:37.033Z] [LOG] … scanned=291000 would-update=290985 excluded=1723 curated=15 fail=0 (lastId=b9dcbb1f-7f45-5d61-8e69-6a744d618071, 332s)
[2026-06-02T18:07:37.997Z] [LOG] … scanned=292000 would-update=291985 excluded=1732 curated=15 fail=0 (lastId=ba7bb0e8-ebad-5a59-af0c-af7d8023f740, 333s)
[2026-06-02T18:07:38.913Z] [LOG] … scanned=293000 would-update=292985 excluded=1738 curated=15 fail=0 (lastId=bb15e5ba-e213-5383-9580-79c5cccffccd, 333s)
[2026-06-02T18:07:39.846Z] [LOG] … scanned=294000 would-update=293985 excluded=1748 curated=15 fail=0 (lastId=bbb603c5-f1a9-5115-9deb-eebbc8a997a1, 334s)
[2026-06-02T18:07:40.859Z] [LOG] … scanned=295000 would-update=294985 excluded=1749 curated=15 fail=0 (lastId=bc55ba3e-056d-5785-ba72-52723a811e8c, 335s)
[2026-06-02T18:07:41.797Z] [LOG] … scanned=296000 would-update=295984 excluded=1755 curated=16 fail=0 (lastId=bcf7f38a-8d06-5755-8a33-0604f7b87acd, 336s)
[2026-06-02T18:07:42.673Z] [LOG] … scanned=297000 would-update=296984 excluded=1758 curated=16 fail=0 (lastId=bd9cff4e-907f-5d50-90a9-faae463638bb, 337s)
[2026-06-02T18:07:43.552Z] [LOG] … scanned=298000 would-update=297984 excluded=1760 curated=16 fail=0 (lastId=be4bff02-c022-5cf5-b232-a5eaa22c6822, 338s)
[2026-06-02T18:07:44.423Z] [LOG] … scanned=299000 would-update=298984 excluded=1762 curated=16 fail=0 (lastId=bef07bbe-9859-5123-a59f-4588bc1a1fd3, 339s)
[2026-06-02T18:07:45.355Z] [LOG] … scanned=300000 would-update=299984 excluded=1766 curated=16 fail=0 (lastId=bf95562a-770a-57a0-8b4d-79ede91e3397, 340s)
[2026-06-02T18:07:46.275Z] [LOG] … scanned=301000 would-update=300984 excluded=1773 curated=16 fail=0 (lastId=c0424279-c475-5eee-84b8-55791f6c479c, 341s)
[2026-06-02T18:07:47.205Z] [LOG] … scanned=302000 would-update=301984 excluded=1779 curated=16 fail=0 (lastId=c0df15b1-d387-505c-b2bd-f1eed5ab2495, 342s)
[2026-06-02T18:07:48.175Z] [LOG] … scanned=303000 would-update=302983 excluded=1784 curated=17 fail=0 (lastId=c1811f7a-8414-5ff6-a767-c84c6bc3e274, 343s)
[2026-06-02T18:07:49.064Z] [LOG] … scanned=304000 would-update=303983 excluded=1790 curated=17 fail=0 (lastId=c21d2e2d-a475-59c2-9676-83c9b58c1041, 344s)
[2026-06-02T18:07:49.936Z] [LOG] … scanned=305000 would-update=304983 excluded=1795 curated=17 fail=0 (lastId=c2c50106-9086-5d0a-bc47-3e0100c4b9a5, 345s)
[2026-06-02T18:07:50.797Z] [LOG] … scanned=306000 would-update=305983 excluded=1798 curated=17 fail=0 (lastId=c36a8ef9-8da0-578d-b59c-aac0d7388832, 345s)
[2026-06-02T18:07:51.705Z] [LOG] … scanned=307000 would-update=306983 excluded=1804 curated=17 fail=0 (lastId=c40c0658-fd23-511c-8fa8-c605fc34a24b, 346s)
[2026-06-02T18:07:52.867Z] [LOG] … scanned=308000 would-update=307983 excluded=1807 curated=17 fail=0 (lastId=c4b78e3c-1d6b-50ed-875e-b1c82ba7dd05, 347s)
[2026-06-02T18:07:53.951Z] [LOG] … scanned=309000 would-update=308983 excluded=1815 curated=17 fail=0 (lastId=c565ea97-6f98-56dd-a958-a92bb1923191, 349s)
[2026-06-02T18:07:54.869Z] [LOG] … scanned=310000 would-update=309983 excluded=1824 curated=17 fail=0 (lastId=c60af2aa-8cf6-5288-a81b-710b7a073448, 349s)
[2026-06-02T18:07:55.755Z] [LOG] … scanned=311000 would-update=310983 excluded=1829 curated=17 fail=0 (lastId=c6a83acf-3183-5cef-98fd-bfdba4b5a616, 350s)
[2026-06-02T18:07:56.725Z] [LOG] … scanned=312000 would-update=311983 excluded=1836 curated=17 fail=0 (lastId=c74e7155-97c8-52de-8b37-e32c5c83dee7, 351s)
[2026-06-02T18:07:57.998Z] [LOG] … scanned=313000 would-update=312982 excluded=1838 curated=18 fail=0 (lastId=c7f341eb-7a6e-57f8-abc6-133a985466f6, 353s)
[2026-06-02T18:07:58.912Z] [LOG] … scanned=314000 would-update=313982 excluded=1842 curated=18 fail=0 (lastId=c896cfe6-c80b-5a8f-975a-934c8a0d132e, 353s)
[2026-06-02T18:07:59.821Z] [LOG] … scanned=315000 would-update=314982 excluded=1846 curated=18 fail=0 (lastId=c9381bc7-f84e-5c4a-9fde-df0aa4e1f7a5, 354s)
[2026-06-02T18:08:00.803Z] [LOG] … scanned=316000 would-update=315982 excluded=1849 curated=18 fail=0 (lastId=c9dce7c1-208e-57c0-bb4f-61acea7fa24f, 355s)
[2026-06-02T18:08:01.699Z] [LOG] … scanned=317000 would-update=316982 excluded=1858 curated=18 fail=0 (lastId=ca810240-af29-5f7d-aea4-a55688fbc991, 356s)
[2026-06-02T18:08:02.535Z] [LOG] … scanned=318000 would-update=317982 excluded=1860 curated=18 fail=0 (lastId=cb214095-b403-5df1-8623-f70f300ef5ca, 357s)
[2026-06-02T18:08:03.400Z] [LOG] … scanned=319000 would-update=318982 excluded=1863 curated=18 fail=0 (lastId=cbcb68b0-6738-5e90-b3fd-08f26752b038, 358s)
[2026-06-02T18:08:04.254Z] [LOG] … scanned=320000 would-update=319982 excluded=1872 curated=18 fail=0 (lastId=cc6ba67e-0a24-5709-81c3-f746bc8f793b, 359s)
[2026-06-02T18:08:05.132Z] [LOG] … scanned=321000 would-update=320982 excluded=1873 curated=18 fail=0 (lastId=cd084518-ba18-5fc4-81bc-4344d413f97e, 360s)
[2026-06-02T18:08:06.044Z] [LOG] … scanned=322000 would-update=321982 excluded=1876 curated=18 fail=0 (lastId=cdaedb32-8a1a-50a5-9dd6-b402157316c9, 361s)
[2026-06-02T18:08:06.955Z] [LOG] … scanned=323000 would-update=322982 excluded=1882 curated=18 fail=0 (lastId=ce53f017-8759-5c2b-a85d-4d34759640d2, 362s)
[2026-06-02T18:08:07.882Z] [LOG] … scanned=324000 would-update=323982 excluded=1891 curated=18 fail=0 (lastId=cef95626-36bc-56f5-b0ae-d9df0f4201a0, 362s)
[2026-06-02T18:08:08.811Z] [LOG] … scanned=325000 would-update=324981 excluded=1900 curated=19 fail=0 (lastId=cf9badd8-da36-5b0a-b674-2cb233d09ad3, 363s)
[2026-06-02T18:08:09.697Z] [LOG] … scanned=326000 would-update=325981 excluded=1908 curated=19 fail=0 (lastId=d035ab0b-c63c-5a44-9250-16d37872c389, 364s)
[2026-06-02T18:08:10.612Z] [LOG] … scanned=327000 would-update=326981 excluded=1915 curated=19 fail=0 (lastId=d0dd2909-7557-5f49-9adc-db7fdbed6d28, 365s)
[2026-06-02T18:08:11.495Z] [LOG] … scanned=328000 would-update=327981 excluded=1920 curated=19 fail=0 (lastId=d187c9a6-9047-56bb-b0ef-5e4fd037a0a1, 366s)
[2026-06-02T18:08:12.383Z] [LOG] … scanned=329000 would-update=328981 excluded=1925 curated=19 fail=0 (lastId=d22a164a-06a0-5baf-9dba-52b092af854e, 367s)
[2026-06-02T18:08:13.534Z] [LOG] … scanned=330000 would-update=329981 excluded=1932 curated=19 fail=0 (lastId=d2cbf764-b2f1-597d-8b47-d738825c9ea1, 368s)
[2026-06-02T18:08:14.695Z] [LOG] … scanned=331000 would-update=330981 excluded=1936 curated=19 fail=0 (lastId=d3763fc7-b221-5c19-89b9-b94b26fcc243, 369s)
[2026-06-02T18:08:15.605Z] [LOG] … scanned=332000 would-update=331981 excluded=1937 curated=19 fail=0 (lastId=d41556f7-0970-5300-be66-76d8303fbd49, 370s)
[2026-06-02T18:08:16.466Z] [LOG] … scanned=333000 would-update=332981 excluded=1946 curated=19 fail=0 (lastId=d4b9d7e1-dba3-5eae-8a3a-f213fbe86bf4, 371s)
[2026-06-02T18:08:17.357Z] [LOG] … scanned=334000 would-update=333981 excluded=1951 curated=19 fail=0 (lastId=d5657c7f-26a0-5172-8d7f-d353dba6c23f, 372s)
[2026-06-02T18:08:18.234Z] [LOG] … scanned=335000 would-update=334980 excluded=1959 curated=20 fail=0 (lastId=d6100cc0-c913-5be2-86e3-f1c860790220, 373s)
[2026-06-02T18:08:19.077Z] [LOG] … scanned=336000 would-update=335980 excluded=1963 curated=20 fail=0 (lastId=d6b628dc-b017-5c87-93ed-41abfdac9085, 374s)
[2026-06-02T18:08:20.016Z] [LOG] … scanned=337000 would-update=336980 excluded=1974 curated=20 fail=0 (lastId=d75e5c2b-072f-5b78-a1af-251565e31d65, 375s)
[2026-06-02T18:08:20.904Z] [LOG] … scanned=338000 would-update=337980 excluded=1985 curated=20 fail=0 (lastId=d805efee-6a7b-5a82-a81d-0bb58ac60b06, 375s)
[2026-06-02T18:08:21.794Z] [LOG] … scanned=339000 would-update=338980 excluded=1994 curated=20 fail=0 (lastId=d8a92a78-042e-5d62-bdcd-597d3ba7ea00, 376s)
[2026-06-02T18:08:22.745Z] [LOG] … scanned=340000 would-update=339980 excluded=2000 curated=20 fail=0 (lastId=d9525740-8bc1-511f-997e-c70e1357958a, 377s)
[2026-06-02T18:08:23.672Z] [LOG] … scanned=341000 would-update=340980 excluded=2010 curated=20 fail=0 (lastId=d9fac299-53ad-5cc6-8caa-ef74b5e3f5f2, 378s)
[2026-06-02T18:08:24.882Z] [LOG] … scanned=342000 would-update=341980 excluded=2013 curated=20 fail=0 (lastId=daa44ba0-72e2-5f32-a4f1-e814a265058d, 379s)
[2026-06-02T18:08:25.797Z] [LOG] … scanned=343000 would-update=342980 excluded=2015 curated=20 fail=0 (lastId=db470978-c643-53d7-b208-bd55ddae8f6a, 380s)
[2026-06-02T18:08:26.651Z] [LOG] … scanned=344000 would-update=343980 excluded=2018 curated=20 fail=0 (lastId=dbf0409e-d487-5298-9a7a-4d25a3c71f47, 381s)
[2026-06-02T18:08:27.568Z] [LOG] … scanned=345000 would-update=344979 excluded=2025 curated=21 fail=0 (lastId=dc8cc470-07a1-51ee-abc3-f177c94322b8, 382s)
[2026-06-02T18:08:28.401Z] [LOG] … scanned=346000 would-update=345979 excluded=2034 curated=21 fail=0 (lastId=dd2bd0ef-d510-5100-b5da-88175b92bcfb, 383s)
[2026-06-02T18:08:29.248Z] [LOG] … scanned=347000 would-update=346979 excluded=2041 curated=21 fail=0 (lastId=ddc39c14-f8b2-5e8b-a0a3-6ce05ea57d42, 384s)
[2026-06-02T18:08:30.135Z] [LOG] … scanned=348000 would-update=347979 excluded=2048 curated=21 fail=0 (lastId=de67b30a-4447-562d-ae26-9410fc8a3121, 385s)
[2026-06-02T18:08:30.990Z] [LOG] … scanned=349000 would-update=348979 excluded=2049 curated=21 fail=0 (lastId=df0bcdee-1c1e-5ab3-a08f-4c64331a3eb7, 386s)
[2026-06-02T18:08:31.798Z] [LOG] … scanned=350000 would-update=349979 excluded=2056 curated=21 fail=0 (lastId=dfb404c0-39d6-5b4a-bc64-170f7f9d7b9a, 386s)
[2026-06-02T18:08:32.692Z] [LOG] … scanned=351000 would-update=350979 excluded=2062 curated=21 fail=0 (lastId=e053f5b2-f4c0-55a3-a76d-5d06a8fa3158, 387s)
[2026-06-02T18:08:33.785Z] [LOG] … scanned=352000 would-update=351979 excluded=2064 curated=21 fail=0 (lastId=e0f50fbc-4d47-5cfb-be49-8e67699406c9, 388s)
[2026-06-02T18:08:34.642Z] [LOG] … scanned=353000 would-update=352979 excluded=2065 curated=21 fail=0 (lastId=e19a739f-6e91-5c0e-a5df-76ea654db7b1, 389s)
[2026-06-02T18:08:35.471Z] [LOG] … scanned=354000 would-update=353979 excluded=2069 curated=21 fail=0 (lastId=e24435c6-3142-5437-936b-386d854222ac, 390s)
[2026-06-02T18:08:36.272Z] [LOG] … scanned=355000 would-update=354979 excluded=2078 curated=21 fail=0 (lastId=e2e9f752-139d-5971-b151-9c264bc18399, 391s)
[2026-06-02T18:08:37.224Z] [LOG] … scanned=356000 would-update=355979 excluded=2087 curated=21 fail=0 (lastId=e38f93cb-b354-581b-9ce6-708910325edc, 392s)
[2026-06-02T18:08:38.062Z] [LOG] … scanned=357000 would-update=356979 excluded=2094 curated=21 fail=0 (lastId=e434cdb7-16e9-5908-842c-2b8eb7533968, 393s)
[2026-06-02T18:08:38.925Z] [LOG] … scanned=358000 would-update=357979 excluded=2100 curated=21 fail=0 (lastId=e4d9f646-910a-593b-996a-8c19b9d4a749, 393s)
[2026-06-02T18:08:39.923Z] [LOG] … scanned=359000 would-update=358979 excluded=2107 curated=21 fail=0 (lastId=e578c802-2125-5834-b6ef-644fec3d270b, 394s)
[2026-06-02T18:08:40.784Z] [LOG] … scanned=360000 would-update=359979 excluded=2111 curated=21 fail=0 (lastId=e624d504-60eb-588b-9655-5cc1e5225533, 395s)
[2026-06-02T18:08:41.722Z] [LOG] … scanned=361000 would-update=360979 excluded=2118 curated=21 fail=0 (lastId=e6c5eead-e815-5f1e-b0c3-0b0ad5a2be9e, 396s)
[2026-06-02T18:08:42.599Z] [LOG] … scanned=362000 would-update=361979 excluded=2124 curated=21 fail=0 (lastId=e76c7f53-e0ba-5079-97ee-09f7199a79a0, 397s)
[2026-06-02T18:08:43.434Z] [LOG] … scanned=363000 would-update=362979 excluded=2133 curated=21 fail=0 (lastId=e811695c-5b68-5658-b3ed-a77d71cb8f48, 398s)
[2026-06-02T18:08:44.262Z] [LOG] … scanned=364000 would-update=363979 excluded=2135 curated=21 fail=0 (lastId=e8baa0f8-5393-5657-ba07-df2e7979d003, 399s)
[2026-06-02T18:08:45.134Z] [LOG] … scanned=365000 would-update=364979 excluded=2139 curated=21 fail=0 (lastId=e95bc538-2fd3-5af7-8bfd-39016c6c899d, 400s)
[2026-06-02T18:08:45.945Z] [LOG] … scanned=366000 would-update=365979 excluded=2144 curated=21 fail=0 (lastId=e9ff91ca-c894-5ef7-84ca-88a25446a152, 401s)
[2026-06-02T18:08:46.725Z] [LOG] … scanned=367000 would-update=366979 excluded=2147 curated=21 fail=0 (lastId=eaa4942d-7434-5bef-a361-bc86673ea286, 401s)
[2026-06-02T18:08:47.609Z] [LOG] … scanned=368000 would-update=367978 excluded=2151 curated=22 fail=0 (lastId=eb421053-c52f-5fb6-a31f-ff23f2efe669, 402s)
[2026-06-02T18:08:48.472Z] [LOG] … scanned=369000 would-update=368978 excluded=2155 curated=22 fail=0 (lastId=ebe380b7-74c8-5c8c-8299-99805e63628e, 403s)
[2026-06-02T18:08:49.304Z] [LOG] … scanned=370000 would-update=369978 excluded=2158 curated=22 fail=0 (lastId=ec804c0d-cbb4-51ce-9fa7-8bbb3d546a35, 404s)
[2026-06-02T18:08:50.194Z] [LOG] … scanned=371000 would-update=370978 excluded=2162 curated=22 fail=0 (lastId=ed2529fb-6664-5dff-8a4c-502945f07a4d, 405s)
[2026-06-02T18:08:51.001Z] [LOG] … scanned=372000 would-update=371978 excluded=2168 curated=22 fail=0 (lastId=edc8a652-3eeb-51f6-9df4-6fe76b3f2e34, 406s)
[2026-06-02T18:08:51.793Z] [LOG] … scanned=373000 would-update=372978 excluded=2174 curated=22 fail=0 (lastId=ee7061a7-7414-5283-9fdf-1618a8754c30, 406s)
[2026-06-02T18:08:52.599Z] [LOG] … scanned=374000 would-update=373976 excluded=2186 curated=24 fail=0 (lastId=ef154c50-92df-5a2f-8824-ae3667940c39, 407s)
[2026-06-02T18:08:53.385Z] [LOG] … scanned=375000 would-update=374976 excluded=2189 curated=24 fail=0 (lastId=efbc0240-6f36-5a82-be86-4ca559e78970, 408s)
[2026-06-02T18:08:54.170Z] [LOG] … scanned=376000 would-update=375976 excluded=2193 curated=24 fail=0 (lastId=f05caa7f-ef4d-5641-add1-a51889a8a6da, 409s)
[2026-06-02T18:08:55.001Z] [LOG] … scanned=377000 would-update=376975 excluded=2199 curated=25 fail=0 (lastId=f10543d7-6235-5c1f-8996-cd7735eb5bd0, 410s)
[2026-06-02T18:08:55.801Z] [LOG] … scanned=378000 would-update=377975 excluded=2202 curated=25 fail=0 (lastId=f19ffdaf-365e-5922-bf74-92b23fa021c7, 410s)
[2026-06-02T18:08:56.592Z] [LOG] … scanned=379000 would-update=378975 excluded=2211 curated=25 fail=0 (lastId=f240b8ac-8084-5906-a8ae-2138788820c3, 411s)
[2026-06-02T18:08:57.636Z] [LOG] … scanned=380000 would-update=379975 excluded=2219 curated=25 fail=0 (lastId=f2dd2a15-d2d4-5cb2-8429-e1ac9bc58d29, 412s)
[2026-06-02T18:08:58.440Z] [LOG] … scanned=381000 would-update=380975 excluded=2225 curated=25 fail=0 (lastId=f37ebbab-5554-5164-85f0-6a406e9aba25, 413s)
[2026-06-02T18:08:59.254Z] [LOG] … scanned=382000 would-update=381975 excluded=2231 curated=25 fail=0 (lastId=f421a0a9-1468-542d-9518-070b85856cb6, 414s)
[2026-06-02T18:09:00.091Z] [LOG] … scanned=383000 would-update=382975 excluded=2239 curated=25 fail=0 (lastId=f4c41323-ff4f-5a44-b3cd-0d2d55c6761f, 415s)
[2026-06-02T18:09:00.880Z] [LOG] … scanned=384000 would-update=383975 excluded=2243 curated=25 fail=0 (lastId=f5669e5a-b3de-544f-b512-5fe888de7b32, 415s)
[2026-06-02T18:09:01.719Z] [LOG] … scanned=385000 would-update=384975 excluded=2247 curated=25 fail=0 (lastId=f60da524-4dae-573f-b63d-7c40ae52a7b4, 416s)
[2026-06-02T18:09:02.584Z] [LOG] … scanned=386000 would-update=385975 excluded=2250 curated=25 fail=0 (lastId=f6afafab-2121-552f-a151-5a649e402979, 417s)
[2026-06-02T18:09:03.396Z] [LOG] … scanned=387000 would-update=386975 excluded=2256 curated=25 fail=0 (lastId=f7542255-d2c0-552c-a30a-0418f63859e8, 418s)
[2026-06-02T18:09:04.196Z] [LOG] … scanned=388000 would-update=387975 excluded=2263 curated=25 fail=0 (lastId=f7fa19ca-1783-5980-88ad-02a9f619bfdb, 419s)
[2026-06-02T18:09:05.014Z] [LOG] … scanned=389000 would-update=388975 excluded=2270 curated=25 fail=0 (lastId=f8a42039-c9a9-52d8-9879-db512c236be2, 420s)
[2026-06-02T18:09:05.811Z] [LOG] … scanned=390000 would-update=389975 excluded=2275 curated=25 fail=0 (lastId=f9500512-93c5-5fbe-bfb7-100fcca0d94e, 420s)
[2026-06-02T18:09:06.602Z] [LOG] … scanned=391000 would-update=390975 excluded=2282 curated=25 fail=0 (lastId=f9f7b537-a83f-50cc-b684-f07797f1ead6, 421s)
[2026-06-02T18:09:07.410Z] [LOG] … scanned=392000 would-update=391974 excluded=2288 curated=26 fail=0 (lastId=fa95b8fe-de30-5069-aeb9-0f2a4474bae2, 422s)
[2026-06-02T18:09:08.172Z] [LOG] … scanned=393000 would-update=392974 excluded=2293 curated=26 fail=0 (lastId=fb38b530-c4f6-5f60-88bb-73eb0d0c850c, 423s)
[2026-06-02T18:09:08.983Z] [LOG] … scanned=394000 would-update=393974 excluded=2299 curated=26 fail=0 (lastId=fbda44a6-e29f-5108-8ac9-65948e98b26d, 424s)
[2026-06-02T18:09:09.740Z] [LOG] … scanned=395000 would-update=394974 excluded=2301 curated=26 fail=0 (lastId=fc759356-beb4-5313-b970-71550400e8f9, 424s)
[2026-06-02T18:09:10.794Z] [LOG] … scanned=396000 would-update=395974 excluded=2307 curated=26 fail=0 (lastId=fd18894d-6de3-587d-ae1c-629682b53b63, 425s)
[2026-06-02T18:09:11.533Z] [LOG] … scanned=397000 would-update=396974 excluded=2312 curated=26 fail=0 (lastId=fdc315a4-c890-5c7a-adb9-113e594237ec, 426s)
[2026-06-02T18:09:12.317Z] [LOG] … scanned=398000 would-update=397974 excluded=2316 curated=26 fail=0 (lastId=fe6669f1-cd40-51b4-a135-1c753d64d38e, 427s)
[2026-06-02T18:09:13.052Z] [LOG] … scanned=399000 would-update=398973 excluded=2321 curated=27 fail=0 (lastId=ff0810a2-db72-5cf6-ba45-80650cb6bd8b, 428s)
[2026-06-02T18:09:13.859Z] [LOG] … scanned=400000 would-update=399972 excluded=2324 curated=28 fail=0 (lastId=ffaa5c4b-bf53-5481-9b43-a6979222072c, 428s)
[2026-06-02T18:09:14.544Z] [LOG] … scanned=400513 would-update=400485 excluded=2327 curated=28 fail=0 (lastId=fffff509-f11b-55a9-b8ef-bae356c8114b, 429s)
[2026-06-02T18:09:14.545Z] [LOG] 
============================================================
[2026-06-02T18:09:14.545Z] [LOG] 📊 Backfill summary (DRY-RUN)
[2026-06-02T18:09:14.545Z] [LOG] ============================================================
[2026-06-02T18:09:14.545Z] [LOG] Scanned:            400513
[2026-06-02T18:09:14.545Z] [LOG] Would update:       400485
[2026-06-02T18:09:14.545Z] [LOG] Excluded streets:   2327
[2026-06-02T18:09:14.545Z] [LOG] Notable (≥30):      110239
[2026-06-02T18:09:14.545Z] [LOG] Skipped curated:    28
[2026-06-02T18:09:14.545Z] [LOG] Failed updates:     0
[2026-06-02T18:09:14.545Z] [LOG] Last id processed:  fffff509-f11b-55a9-b8ef-bae356c8114b
[2026-06-02T18:09:14.545Z] [LOG] 
matched_by:
[2026-06-02T18:09:14.546Z] [LOG]     226838  osm_category
[2026-06-02T18:09:14.546Z] [LOG]      54235  osm_tags_reparse
[2026-06-02T18:09:14.546Z] [LOG]      49361  unmapped
[2026-06-02T18:09:14.546Z] [LOG]      42306  flattened
[2026-06-02T18:09:14.546Z] [LOG]      18946  name_heuristic
[2026-06-02T18:09:14.546Z] [LOG]       6472  key_fallback
[2026-06-02T18:09:14.546Z] [LOG]       2327  excluded_street
[2026-06-02T18:09:14.546Z] [LOG] 
category_group:
[2026-06-02T18:09:14.546Z] [LOG]      96714  leisure
[2026-06-02T18:09:14.546Z] [LOG]      76445  culture
[2026-06-02T18:09:14.546Z] [LOG]      73344  water
[2026-06-02T18:09:14.546Z] [LOG]      64286  nature
[2026-06-02T18:09:14.546Z] [LOG]      12590  place
[2026-06-02T18:09:14.546Z] [LOG]      11510  infrastructure
[2026-06-02T18:09:14.546Z] [LOG]       7502  religious
[2026-06-02T18:09:14.546Z] [LOG]       5156  civic
[2026-06-02T18:09:14.546Z] [LOG]       1250  lodging
[2026-06-02T18:09:14.547Z] [LOG] ============================================================
[2026-06-02T18:09:14.595Z] [LOG] 💾 Results: /Users/leandroramos/Documents/work/Tuggi/tuggi-cms/backfill-categories-results-1780423325429.json
[2026-06-02T18:09:14.595Z] [LOG] 📝 Log: /Users/leandroramos/Documents/work/Tuggi/tuggi-cms/backfill-categories-log-1780423325429.log
