components/poi-management/BearingSelector.tsx(4,20): error TS2792: Cannot find module '@/lib/utils'. Did you mean to set the 'moduleResolution' option to 'nodenext', or to add aliases to the 'paths' option?
components/poi-management/BearingSelector.tsx(100,5): error TS2339: Property 'div' does not exist on type 'JSX.IntrinsicElements'.
components/poi-management/BearingSelector.tsx(101,7): error TS2339: Property 'label' does not exist on type 'JSX.IntrinsicElements'.
components/poi-management/BearingSelector.tsx(103,7): error TS2339: Property 'label' does not exist on type 'JSX.IntrinsicElements'.
components/poi-management/BearingSelector.tsx(105,7): error TS2339: Property 'div' does not exist on type 'JSX.IntrinsicElements'.
components/poi-management/BearingSelector.tsx(107,9): error TS2339: Property 'div' does not exist on type 'JSX.IntrinsicElements'.
components/poi-management/BearingSelector.tsx(108,11): error TS2339: Property 'div' does not exist on type 'JSX.IntrinsicElements'.
components/poi-management/BearingSelector.tsx(119,13): error TS2339: Property 'svg' does not exist on type 'JSX.IntrinsicElements'.
components/poi-management/BearingSelector.tsx(126,15): error TS2339: Property 'g' does not exist on type 'JSX.IntrinsicElements'.
components/poi-management/BearingSelector.tsx(127,17): error TS2339: Property 'text' does not exist on type 'JSX.IntrinsicElements'.
components/poi-management/BearingSelector.tsx(127,92): error TS2339: Property 'text' does not exist on type 'JSX.IntrinsicElements'.
components/poi-management/BearingSelector.tsx(128,17): error TS2339: Property 'text' does not exist on type 'JSX.IntrinsicElements'.
components/poi-management/BearingSelector.tsx(128,72): error TS2339: Property 'text' does not exist on type 'JSX.IntrinsicElements'.
components/poi-management/BearingSelector.tsx(129,17): error TS2339: Property 'text' does not exist on type 'JSX.IntrinsicElements'.
components/poi-management/BearingSelector.tsx(129,68): error TS2339: Property 'text' does not exist on type 'JSX.IntrinsicElements'.
components/poi-management/BearingSelector.tsx(130,17): error TS2339: Property 'text' does not exist on type 'JSX.IntrinsicElements'.
components/poi-management/BearingSelector.tsx(130,65): error TS2339: Property 'text' does not exist on type 'JSX.IntrinsicElements'.
components/poi-management/BearingSelector.tsx(131,15): error TS2339: Property 'g' does not exist on type 'JSX.IntrinsicElements'.
components/poi-management/BearingSelector.tsx(142,19): error TS2339: Property 'line' does not exist on type 'JSX.IntrinsicElements'.
components/poi-management/BearingSelector.tsx(153,15): error TS2339: Property 'circle' does not exist on type 'JSX.IntrinsicElements'.
components/poi-management/BearingSelector.tsx(162,17): error TS2339: Property 'g' does not exist on type 'JSX.IntrinsicElements'.
components/poi-management/BearingSelector.tsx(164,19): error TS2339: Property 'line' does not exist on type 'JSX.IntrinsicElements'.
components/poi-management/BearingSelector.tsx(175,19): error TS2339: Property 'defs' does not exist on type 'JSX.IntrinsicElements'.
components/poi-management/BearingSelector.tsx(176,21): error TS2339: Property 'marker' does not exist on type 'JSX.IntrinsicElements'.
components/poi-management/BearingSelector.tsx(184,23): error TS2339: Property 'polygon' does not exist on type 'JSX.IntrinsicElements'.
components/poi-management/BearingSelector.tsx(189,21): error TS2339: Property 'marker' does not exist on type 'JSX.IntrinsicElements'.
components/poi-management/BearingSelector.tsx(190,19): error TS2339: Property 'defs' does not exist on type 'JSX.IntrinsicElements'.
components/poi-management/BearingSelector.tsx(191,17): error TS2339: Property 'g' does not exist on type 'JSX.IntrinsicElements'.
components/poi-management/BearingSelector.tsx(193,13): error TS2339: Property 'svg' does not exist on type 'JSX.IntrinsicElements'.
components/poi-management/BearingSelector.tsx(194,11): error TS2339: Property 'div' does not exist on type 'JSX.IntrinsicElements'.
components/poi-management/BearingSelector.tsx(195,9): error TS2339: Property 'div' does not exist on type 'JSX.IntrinsicElements'.
components/poi-management/BearingSelector.tsx(198,9): error TS2339: Property 'div' does not exist on type 'JSX.IntrinsicElements'.
components/poi-management/BearingSelector.tsx(199,11): error TS2339: Property 'div' does not exist on type 'JSX.IntrinsicElements'.
components/poi-management/BearingSelector.tsx(200,13): error TS2339: Property 'input' does not exist on type 'JSX.IntrinsicElements'.
components/poi-management/BearingSelector.tsx(218,13): error TS2339: Property 'span' does not exist on type 'JSX.IntrinsicElements'.
components/poi-management/BearingSelector.tsx(218,73): error TS2339: Property 'span' does not exist on type 'JSX.IntrinsicElements'.
components/poi-management/BearingSelector.tsx(219,13): error TS2339: Property 'button' does not exist on type 'JSX.IntrinsicElements'.
components/poi-management/BearingSelector.tsx(226,13): error TS2339: Property 'button' does not exist on type 'JSX.IntrinsicElements'.
components/poi-management/BearingSelector.tsx(227,11): error TS2339: Property 'div' does not exist on type 'JSX.IntrinsicElements'.
components/poi-management/BearingSelector.tsx(230,13): error TS2339: Property 'div' does not exist on type 'JSX.IntrinsicElements'.
components/poi-management/BearingSelector.tsx(238,13): error TS2339: Property 'div' does not exist on type 'JSX.IntrinsicElements'.
components/poi-management/BearingSelector.tsx(241,11): error TS2339: Property 'div' does not exist on type 'JSX.IntrinsicElements'.
components/poi-management/BearingSelector.tsx(243,11): error TS2339: Property 'div' does not exist on type 'JSX.IntrinsicElements'.
components/poi-management/BearingSelector.tsx(244,9): error TS2339: Property 'div' does not exist on type 'JSX.IntrinsicElements'.
components/poi-management/BearingSelector.tsx(245,7): error TS2339: Property 'div' does not exist on type 'JSX.IntrinsicElements'.
components/poi-management/BearingSelector.tsx(246,5): error TS2339: Property 'div' does not exist on type 'JSX.IntrinsicElements'.
components/poi-management/DirectionSelector.tsx(4,46): error TS2792: Cannot find module '@/types/trigger-points'. Did you mean to set the 'moduleResolution' option to 'nodenext', or to add aliases to the 'paths' option?
components/poi-management/DirectionSelector.tsx(5,20): error TS2792: Cannot find module '@/lib/utils'. Did you mean to set the 'moduleResolution' option to 'nodenext', or to add aliases to the 'paths' option?
components/poi-management/DirectionSelector.tsx(38,5): error TS2339: Property 'div' does not exist on type 'JSX.IntrinsicElements'.
components/poi-management/DirectionSelector.tsx(39,7): error TS2339: Property 'div' does not exist on type 'JSX.IntrinsicElements'.
components/poi-management/DirectionSelector.tsx(40,9): error TS2339: Property 'label' does not exist on type 'JSX.IntrinsicElements'.
components/poi-management/DirectionSelector.tsx(42,9): error TS2339: Property 'label' does not exist on type 'JSX.IntrinsicElements'.
components/poi-management/DirectionSelector.tsx(44,11): error TS2339: Property 'button' does not exist on type 'JSX.IntrinsicElements'.
components/poi-management/DirectionSelector.tsx(51,11): error TS2339: Property 'button' does not exist on type 'JSX.IntrinsicElements'.
components/poi-management/DirectionSelector.tsx(53,7): error TS2339: Property 'div' does not exist on type 'JSX.IntrinsicElements'.
components/poi-management/DirectionSelector.tsx(55,7): error TS2339: Property 'div' does not exist on type 'JSX.IntrinsicElements'.
components/poi-management/DirectionSelector.tsx(57,9): error TS2339: Property 'div' does not exist on type 'JSX.IntrinsicElements'.
components/poi-management/DirectionSelector.tsx(58,11): error TS2339: Property 'button' does not exist on type 'JSX.IntrinsicElements'.
components/poi-management/DirectionSelector.tsx(72,13): error TS2339: Property 'span' does not exist on type 'JSX.IntrinsicElements'.
components/poi-management/DirectionSelector.tsx(72,42): error TS2339: Property 'span' does not exist on type 'JSX.IntrinsicElements'.
components/poi-management/DirectionSelector.tsx(73,13): error TS2339: Property 'span' does not exist on type 'JSX.IntrinsicElements'.
components/poi-management/DirectionSelector.tsx(73,61): error TS2339: Property 'span' does not exist on type 'JSX.IntrinsicElements'.
components/poi-management/DirectionSelector.tsx(74,11): error TS2339: Property 'button' does not exist on type 'JSX.IntrinsicElements'.
components/poi-management/DirectionSelector.tsx(75,9): error TS2339: Property 'div' does not exist on type 'JSX.IntrinsicElements'.
components/poi-management/DirectionSelector.tsx(78,9): error TS2339: Property 'div' does not exist on type 'JSX.IntrinsicElements'.
components/poi-management/DirectionSelector.tsx(79,11): error TS2339: Property 'button' does not exist on type 'JSX.IntrinsicElements'.
components/poi-management/DirectionSelector.tsx(93,13): error TS2339: Property 'span' does not exist on type 'JSX.IntrinsicElements'.
components/poi-management/DirectionSelector.tsx(93,42): error TS2339: Property 'span' does not exist on type 'JSX.IntrinsicElements'.
components/poi-management/DirectionSelector.tsx(94,13): error TS2339: Property 'span' does not exist on type 'JSX.IntrinsicElements'.
components/poi-management/DirectionSelector.tsx(94,60): error TS2339: Property 'span' does not exist on type 'JSX.IntrinsicElements'.
components/poi-management/DirectionSelector.tsx(95,11): error TS2339: Property 'button' does not exist on type 'JSX.IntrinsicElements'.
components/poi-management/DirectionSelector.tsx(96,9): error TS2339: Property 'div' does not exist on type 'JSX.IntrinsicElements'.
components/poi-management/DirectionSelector.tsx(98,9): error TS2339: Property 'div' does not exist on type 'JSX.IntrinsicElements'.
components/poi-management/DirectionSelector.tsx(99,11): error TS2339: Property 'button' does not exist on type 'JSX.IntrinsicElements'.
components/poi-management/DirectionSelector.tsx(113,13): error TS2339: Property 'span' does not exist on type 'JSX.IntrinsicElements'.
components/poi-management/DirectionSelector.tsx(113,42): error TS2339: Property 'span' does not exist on type 'JSX.IntrinsicElements'.
components/poi-management/DirectionSelector.tsx(114,13): error TS2339: Property 'span' does not exist on type 'JSX.IntrinsicElements'.
components/poi-management/DirectionSelector.tsx(114,61): error TS2339: Property 'span' does not exist on type 'JSX.IntrinsicElements'.
components/poi-management/DirectionSelector.tsx(115,11): error TS2339: Property 'button' does not exist on type 'JSX.IntrinsicElements'.
components/poi-management/DirectionSelector.tsx(116,9): error TS2339: Property 'div' does not exist on type 'JSX.IntrinsicElements'.
components/poi-management/DirectionSelector.tsx(119,9): error TS2339: Property 'div' does not exist on type 'JSX.IntrinsicElements'.
components/poi-management/DirectionSelector.tsx(137,9): error TS2339: Property 'div' does not exist on type 'JSX.IntrinsicElements'.
components/poi-management/DirectionSelector.tsx(138,7): error TS2339: Property 'div' does not exist on type 'JSX.IntrinsicElements'.
components/poi-management/DirectionSelector.tsx(141,7): error TS2339: Property 'div' does not exist on type 'JSX.IntrinsicElements'.
components/poi-management/DirectionSelector.tsx(142,9): error TS2339: Property 'p' does not exist on type 'JSX.IntrinsicElements'.
components/poi-management/DirectionSelector.tsx(142,63): error TS2339: Property 'p' does not exist on type 'JSX.IntrinsicElements'.
components/poi-management/DirectionSelector.tsx(143,9): error TS2339: Property 'p' does not exist on type 'JSX.IntrinsicElements'.
components/poi-management/DirectionSelector.tsx(143,79): error TS2339: Property 'p' does not exist on type 'JSX.IntrinsicElements'.
components/poi-management/DirectionSelector.tsx(144,7): error TS2339: Property 'div' does not exist on type 'JSX.IntrinsicElements'.
components/poi-management/DirectionSelector.tsx(148,9): error TS2339: Property 'div' does not exist on type 'JSX.IntrinsicElements'.
components/poi-management/DirectionSelector.tsx(150,9): error TS2339: Property 'div' does not exist on type 'JSX.IntrinsicElements'.
components/poi-management/DirectionSelector.tsx(152,5): error TS2339: Property 'div' does not exist on type 'JSX.IntrinsicElements'.
components/poi-management/POIDetailsModal.tsx(4,54): error TS2792: Cannot find module '@supabase/auth-helpers-react'. Did you mean to set the 'moduleResolution' option to 'nodenext', or to add aliases to the 'paths' option?
components/poi-management/POIDetailsModal.tsx(5,32): error TS2792: Cannot find module '@tanstack/react-query'. Did you mean to set the 'moduleResolution' option to 'nodenext', or to add aliases to the 'paths' option?
components/poi-management/POIDetailsModal.tsx(6,236): error TS2792: Cannot find module 'lucide-react'. Did you mean to set the 'moduleResolution' option to 'nodenext', or to add aliases to the 'paths' option?
components/poi-management/POIDetailsModal.tsx(7,20): error TS2792: Cannot find module '@/lib/utils'. Did you mean to set the 'moduleResolution' option to 'nodenext', or to add aliases to the 'paths' option?
components/poi-management/POIDetailsModal.tsx(8,77): error TS2792: Cannot find module '@/lib/score/compute'. Did you mean to set the 'moduleResolution' option to 'nodenext', or to add aliases to the 'paths' option?
components/poi-management/POIDetailsModal.tsx(9,28): error TS2792: Cannot find module '@/lib/utils'. Did you mean to set the 'moduleResolution' option to 'nodenext', or to add aliases to the 'paths' option?
components/poi-management/POIDetailsModal.tsx(10,32): error TS2792: Cannot find module '@/constants/poi-importer'. Did you mean to set the 'moduleResolution' option to 'nodenext', or to add aliases to the 'paths' option?
components/poi-management/POIDetailsModal.tsx(12,63): error TS2792: Cannot find module '@/components/ui/GoogleMapComponent'. Did you mean to set the 'moduleResolution' option to 'nodenext', or to add aliases to the 'paths' option?
components/poi-management/POIDetailsModal.tsx(13,35): error TS2792: Cannot find module '@/components/verification/VerificationBadge'. Did you mean to set the 'moduleResolution' option to 'nodenext', or to add aliases to the 'paths' option?
components/poi-management/POIDetailsModal.tsx(14,37): error TS2792: Cannot find module '@/lib/imageUtils'. Did you mean to set the 'moduleResolution' option to 'nodenext', or to add aliases to the 'paths' option?
components/poi-management/POIDetailsModal.tsx(15,46): error TS2792: Cannot find module '@/lib/hooks/useAuthenticatedFunctionCall'. Did you mean to set the 'moduleResolution' option to 'nodenext', or to add aliases to the 'paths' option?
components/poi-management/POIDetailsModal.tsx(79,33): error TS2792: Cannot find module 'next-intl'. Did you mean to set the 'moduleResolution' option to 'nodenext', or to add aliases to the 'paths' option?
components/poi-management/POIDetailsModal.tsx(2211,5): error TS2339: Property 'div' does not exist on type 'JSX.IntrinsicElements'.
components/poi-management/POIDetailsModal.tsx(2212,7): error TS2339: Property 'div' does not exist on type 'JSX.IntrinsicElements'.
components/poi-management/POIDetailsModal.tsx(2213,9): error TS2339: Property 'div' does not exist on type 'JSX.IntrinsicElements'.
components/poi-management/POIDetailsModal.tsx(2215,9): error TS2339: Property 'div' does not exist on type 'JSX.IntrinsicElements'.
components/poi-management/POIDetailsModal.tsx(2218,13): error TS2339: Property 'div' does not exist on type 'JSX.IntrinsicElements'.
components/poi-management/POIDetailsModal.tsx(2219,15): error TS2339: Property 'div' does not exist on type 'JSX.IntrinsicElements'.
components/poi-management/POIDetailsModal.tsx(2220,17): error TS2339: Property 'div' does not exist on type 'JSX.IntrinsicElements'.
components/poi-management/POIDetailsModal.tsx(2222,17): error TS2339: Property 'div' does not exist on type 'JSX.IntrinsicElements'.
components/poi-management/POIDetailsModal.tsx(2223,17): error TS2339: Property 'div' does not exist on type 'JSX.IntrinsicElements'.
components/poi-management/POIDetailsModal.tsx(2224,19): error TS2339: Property 'p' does not exist on type 'JSX.IntrinsicElements'.
components/poi-management/POIDetailsModal.tsx(2226,19): error TS2339: Property 'p' does not exist on type 'JSX.IntrinsicElements'.
components/poi-management/POIDetailsModal.tsx(2227,17): error TS2339: Property 'div' does not exist on type 'JSX.IntrinsicElements'.
components/poi-management/POIDetailsModal.tsx(2228,17): error TS2339: Property 'div' does not exist on type 'JSX.IntrinsicElements'.
components/poi-management/POIDetailsModal.tsx(2229,19): error TS2339: Property 'div' does not exist on type 'JSX.IntrinsicElements'.
components/poi-management/POIDetailsModal.tsx(2230,21): error TS2339: Property 'button' does not exist on type 'JSX.IntrinsicElements'.
components/poi-management/POIDetailsModal.tsx(2235,21): error TS2339: Property 'button' does not exist on type 'JSX.IntrinsicElements'.
components/poi-management/POIDetailsModal.tsx(2236,19): error TS2339: Property 'div' does not exist on type 'JSX.IntrinsicElements'.
components/poi-management/POIDetailsModal.tsx(2237,17): error TS2339: Property 'div' does not exist on type 'JSX.IntrinsicElements'.
components/poi-management/POIDetailsModal.tsx(2238,15): error TS2339: Property 'div' does not exist on type 'JSX.IntrinsicElements'.
components/poi-management/POIDetailsModal.tsx(2239,13): error TS2339: Property 'div' does not exist on type 'JSX.IntrinsicElements'.
components/poi-management/POIDetailsModal.tsx(2243,13): error TS2339: Property 'div' does not exist on type 'JSX.IntrinsicElements'.
components/poi-management/POIDetailsModal.tsx(2244,15): error TS2339: Property 'div' does not exist on type 'JSX.IntrinsicElements'.
components/poi-management/POIDetailsModal.tsx(2245,17): error TS2339: Property 'div' does not exist on type 'JSX.IntrinsicElements'.
components/poi-management/POIDetailsModal.tsx(2247,17): error TS2339: Property 'div' does not exist on type 'JSX.IntrinsicElements'.
components/poi-management/POIDetailsModal.tsx(2248,17): error TS2339: Property 'div' does not exist on type 'JSX.IntrinsicElements'.
components/poi-management/POIDetailsModal.tsx(2249,19): error TS2339: Property 'p' does not exist on type 'JSX.IntrinsicElements'.
components/poi-management/POIDetailsModal.tsx(2251,19): error TS2339: Property 'p' does not exist on type 'JSX.IntrinsicElements'.
components/poi-management/POIDetailsModal.tsx(2252,17): error TS2339: Property 'div' does not exist on type 'JSX.IntrinsicElements'.
components/poi-management/POIDetailsModal.tsx(2253,17): error TS2339: Property 'div' does not exist on type 'JSX.IntrinsicElements'.
components/poi-management/POIDetailsModal.tsx(2254,19): error TS2339: Property 'div' does not exist on type 'JSX.IntrinsicElements'.
components/poi-management/POIDetailsModal.tsx(2255,21): error TS2339: Property 'button' does not exist on type 'JSX.IntrinsicElements'.
components/poi-management/POIDetailsModal.tsx(2260,21): error TS2339: Property 'button' does not exist on type 'JSX.IntrinsicElements'.
components/poi-management/POIDetailsModal.tsx(2261,19): error TS2339: Property 'div' does not exist on type 'JSX.IntrinsicElements'.
components/poi-management/POIDetailsModal.tsx(2262,17): error TS2339: Property 'div' does not exist on type 'JSX.IntrinsicElements'.
components/poi-management/POIDetailsModal.tsx(2263,15): error TS2339: Property 'div' does not exist on type 'JSX.IntrinsicElements'.
components/poi-management/POIDetailsModal.tsx(2264,13): error TS2339: Property 'div' does not exist on type 'JSX.IntrinsicElements'.
components/poi-management/POIDetailsModal.tsx(2268,11): error TS2339: Property 'div' does not exist on type 'JSX.IntrinsicElements'.
components/poi-management/POIDetailsModal.tsx(2269,13): error TS2339: Property 'div' does not exist on type 'JSX.IntrinsicElements'.
components/poi-management/POIDetailsModal.tsx(2270,15): error TS2339: Property 'h3' does not exist on type 'JSX.IntrinsicElements'.
components/poi-management/POIDetailsModal.tsx(2272,15): error TS2339: Property 'h3' does not exist on type 'JSX.IntrinsicElements'.
components/poi-management/POIDetailsModal.tsx(2273,15): error TS2339: Property 'button' does not exist on type 'JSX.IntrinsicElements'.
components/poi-management/POIDetailsModal.tsx(2278,15): error TS2339: Property 'button' does not exist on type 'JSX.IntrinsicElements'.
components/poi-management/POIDetailsModal.tsx(2279,13): error TS2339: Property 'div' does not exist on type 'JSX.IntrinsicElements'.
components/poi-management/POIDetailsModal.tsx(2282,13): error TS2339: Property 'div' does not exist on type 'JSX.IntrinsicElements'.
components/poi-management/POIDetailsModal.tsx(2283,15): error TS2339: Property 'nav' does not exist on type 'JSX.IntrinsicElements'.
components/poi-management/POIDetailsModal.tsx(2286,19): error TS2339: Property 'button' does not exist on type 'JSX.IntrinsicElements'.
components/poi-management/POIDetailsModal.tsx(2297,19): error TS2339: Property 'button' does not exist on type 'JSX.IntrinsicElements'.
components/poi-management/POIDetailsModal.tsx(2301,19): error TS2339: Property 'button' does not exist on type 'JSX.IntrinsicElements'.
components/poi-management/POIDetailsModal.tsx(2312,19): error TS2339: Property 'button' does not exist on type 'JSX.IntrinsicElements'.
components/poi-management/POIDetailsModal.tsx(2315,17): error TS2339: Property 'button' does not exist on type 'JSX.IntrinsicElements'.
components/poi-management/POIDetailsModal.tsx(2326,17): error TS2339: Property 'button' does not exist on type 'JSX.IntrinsicElements'.
components/poi-management/POIDetailsModal.tsx(2327,17): error TS2339: Property 'button' does not exist on type 'JSX.IntrinsicElements'.
components/poi-management/POIDetailsModal.tsx(2338,17): error TS2339: Property 'button' does not exist on type 'JSX.IntrinsicElements'.
components/poi-management/POIDetailsModal.tsx(2340,17): error TS2339: Property 'button' does not exist on type 'JSX.IntrinsicElements'.
components/poi-management/POIDetailsModal.tsx(2351,17): error TS2339: Property 'button' does not exist on type 'JSX.IntrinsicElements'.
components/poi-management/POIDetailsModal.tsx(2352,17): error TS2339: Property 'button' does not exist on type 'JSX.IntrinsicElements'.
components/poi-management/POIDetailsModal.tsx(2363,17): error TS2339: Property 'button' does not exist on type 'JSX.IntrinsicElements'.
components/poi-management/POIDetailsModal.tsx(2364,17): error TS2339: Property 'button' does not exist on type 'JSX.IntrinsicElements'.
components/poi-management/POIDetailsModal.tsx(2375,17): error TS2339: Property 'button' does not exist on type 'JSX.IntrinsicElements'.
components/poi-management/POIDetailsModal.tsx(2377,15): error TS2339: Property 'nav' does not exist on type 'JSX.IntrinsicElements'.
components/poi-management/POIDetailsModal.tsx(2378,13): error TS2339: Property 'div' does not exist on type 'JSX.IntrinsicElements'.
components/poi-management/POIDetailsModal.tsx(2379,11): error TS2339: Property 'div' does not exist on type 'JSX.IntrinsicElements'.
components/poi-management/POIDetailsModal.tsx(2382,11): error TS2339: Property 'div' does not exist on type 'JSX.IntrinsicElements'.
components/poi-management/POIDetailsModal.tsx(2384,15): error TS2339: Property 'div' does not exist on type 'JSX.IntrinsicElements'.
components/poi-management/POIDetailsModal.tsx(2385,17): error TS2339: Property 'div' does not exist on type 'JSX.IntrinsicElements'.
components/poi-management/POIDetailsModal.tsx(2386,19): error TS2339: Property 'div' does not exist on type 'JSX.IntrinsicElements'.
components/poi-management/POIDetailsModal.tsx(2387,21): error TS2339: Property 'h3' does not exist on type 'JSX.IntrinsicElements'.
components/poi-management/POIDetailsModal.tsx(2390,21): error TS2339: Property 'h3' does not exist on type 'JSX.IntrinsicElements'.
components/poi-management/POIDetailsModal.tsx(2392,21): error TS2339: Property 'div' does not exist on type 'JSX.IntrinsicElements'.
components/poi-management/POIDetailsModal.tsx(2393,23): error TS2339: Property 'div' does not exist on type 'JSX.IntrinsicElements'.
components/poi-management/POIDetailsModal.tsx(2394,25): error TS2339: Property 'label' does not exist on type 'JSX.IntrinsicElements'.
components/poi-management/POIDetailsModal.tsx(2396,25): error TS2339: Property 'label' does not exist on type 'JSX.IntrinsicElements'.
components/poi-management/POIDetailsModal.tsx(2397,25): error TS2339: Property 'input' does not exist on type 'JSX.IntrinsicElements'.
components/poi-management/POIDetailsModal.tsx(2404,23): error TS2339: Property 'div' does not exist on type 'JSX.IntrinsicElements'.
components/poi-management/POIDetailsModal.tsx(2406,23): error TS2339: Property 'div' does not exist on type 'JSX.IntrinsicElements'.
components/poi-management/POIDetailsModal.tsx(2407,25): error TS2339: Property 'div' does not exist on type 'JSX.IntrinsicElements'.
components/poi-management/POIDetailsModal.tsx(2408,27): error TS2339: Property 'label' does not exist on type 'JSX.IntrinsicElements'.
components/poi-management/POIDetailsModal.tsx(2410,27): error TS2339: Property 'label' does not exist on type 'JSX.IntrinsicElements'.
components/poi-management/POIDetailsModal.tsx(2411,27): error TS2339: Property 'button' does not exist on type 'JSX.IntrinsicElements'.
components/poi-management/POIDetailsModal.tsx(2423,27): error TS2339: Property 'button' does not exist on type 'JSX.IntrinsicElements'.
components/poi-management/POIDetailsModal.tsx(2424,25): error TS2339: Property 'div' does not exist on type 'JSX.IntrinsicElements'.
components/poi-management/POIDetailsModal.tsx(2426,25): error TS2339: Property 'p' does not exist on type 'JSX.IntrinsicElements'.
components/poi-management/POIDetailsModal.tsx(2428,25): error TS2339: Property 'p' does not exist on type 'JSX.IntrinsicElements'.
components/poi-management/POIDetailsModal.tsx(2430,25): error TS2339: Property 'div' does not exist on type 'JSX.IntrinsicElements'.
components/poi-management/POIDetailsModal.tsx(2461,25): error TS2339: Property 'div' does not exist on type 'JSX.IntrinsicElements'.
components/poi-management/POIDetailsModal.tsx(2463,27): error TS2339: Property 'div' does not exist on type 'JSX.IntrinsicElements'.
components/poi-management/POIDetailsModal.tsx(2464,29): error TS2339: Property 'div' does not exist on type 'JSX.IntrinsicElements'.
components/poi-management/POIDetailsModal.tsx(2465,31): error TS2339: Property 'div' does not exist on type 'JSX.IntrinsicElements'.
components/poi-management/POIDetailsModal.tsx(2468,31): error TS2339: Property 'div' does not exist on type 'JSX.IntrinsicElements'.
components/poi-management/POIDetailsModal.tsx(2469,31): error TS2339: Property 'button' does not exist on type 'JSX.IntrinsicElements'.
components/poi-management/POIDetailsModal.tsx(2478,31): error TS2339: Property 'button' does not exist on type 'JSX.IntrinsicElements'.
components/poi-management/POIDetailsModal.tsx(2479,29): error TS2339: Property 'div' does not exist on type 'JSX.IntrinsicElements'.
components/poi-management/POIDetailsModal.tsx(2480,27): error TS2339: Property 'div' does not exist on type 'JSX.IntrinsicElements'.
components/poi-management/POIDetailsModal.tsx(2482,23): error TS2339: Property 'div' does not exist on type 'JSX.IntrinsicElements'.
components/poi-management/POIDetailsModal.tsx(2485,25): error TS2339: Property 'div' does not exist on type 'JSX.IntrinsicElements'.
components/poi-management/POIDetailsModal.tsx(2488,25): error TS2339: Property 'div' does not exist on type 'JSX.IntrinsicElements'.
components/poi-management/POIDetailsModal.tsx(2492,25): error TS2339: Property 'div' does not exist on type 'JSX.IntrinsicElements'.
components/poi-management/POIDetailsModal.tsx(2493,27): error TS2339: Property 'h4' does not exist on type 'JSX.IntrinsicElements'.
components/poi-management/POIDetailsModal.tsx(2495,27): error TS2339: Property 'h4' does not exist on type 'JSX.IntrinsicElements'.
components/poi-management/POIDetailsModal.tsx(2496,27): error TS2339: Property 'div' does not exist on type 'JSX.IntrinsicElements'.
components/poi-management/POIDetailsModal.tsx(2498,31): error TS2339: Property 'p' does not exist on type 'JSX.IntrinsicElements'.
components/poi-management/POIDetailsModal.tsx(2498,34): error TS2339: Property 'strong' does not exist on type 'JSX.IntrinsicElements'.
components/poi-management/POIDetailsModal.tsx(2498,61): error TS2339: Property 'strong' does not exist on type 'JSX.IntrinsicElements'.
components/poi-management/POIDetailsModal.tsx(2498,92): error TS2339: Property 'p' does not exist on type 'JSX.IntrinsicElements'.
components/poi-management/POIDetailsModal.tsx(2501,31): error TS2339: Property 'p' does not exist on type 'JSX.IntrinsicElements'.
components/poi-management/POIDetailsModal.tsx(2501,34): error TS2339: Property 'strong' does not exist on type 'JSX.IntrinsicElements'.
components/poi-management/POIDetailsModal.tsx(2501,62): error TS2339: Property 'strong' does not exist on type 'JSX.IntrinsicElements'.
components/poi-management/POIDetailsModal.tsx(2501,94): error TS2339: Property 'p' does not exist on type 'JSX.IntrinsicElements'.
components/poi-management/POIDetailsModal.tsx(2504,31): error TS2339: Property 'p' does not exist on type 'JSX.IntrinsicElements'.
components/poi-management/POIDetailsModal.tsx(2504,34): error TS2339: Property 'strong' does not exist on type 'JSX.IntrinsicElements'.
components/poi-management/POIDetailsModal.tsx(2504,64): error TS2339: Property 'strong' does not exist on type 'JSX.IntrinsicElements'.
components/poi-management/POIDetailsModal.tsx(2504,98): error TS2339: Property 'p' does not exist on type 'JSX.IntrinsicElements'.
components/poi-management/POIDetailsModal.tsx(2507,31): error TS2339: Property 'p' does not exist on type 'JSX.IntrinsicElements'.
components/poi-management/POIDetailsModal.tsx(2509,31): error TS2339: Property 'p' does not exist on type 'JSX.IntrinsicElements'.
components/poi-management/POIDetailsModal.tsx(2511,27): error TS2339: Property 'div' does not exist on type 'JSX.IntrinsicElements'.
components/poi-management/POIDetailsModal.tsx(2512,25): error TS2339: Property 'div' does not exist on type 'JSX.IntrinsicElements'.
components/poi-management/POIDetailsModal.tsx(2516,25): error TS2339: Property 'div' does not exist on type 'JSX.IntrinsicElements'.
components/poi-management/POIDetailsModal.tsx(2517,27): error TS2339: Property 'p' does not exist on type 'JSX.IntrinsicElements'.
components/poi-management/POIDetailsModal.tsx(2517,94): error TS2339: Property 'p' does not exist on type 'JSX.IntrinsicElements'.
components/poi-management/POIDetailsModal.tsx(2518,25): error TS2339: Property 'div' does not exist on type 'JSX.IntrinsicElements'.
components/poi-management/POIDetailsModal.tsx(2521,23): error TS2339: Property 'div' does not exist on type 'JSX.IntrinsicElements'.
components/poi-management/POIDetailsModal.tsx(2522,25): error TS2339: Property 'button' does not exist on type 'JSX.IntrinsicElements'.
components/poi-management/POIDetailsModal.tsx(2527,25): error TS2339: Property 'button' does not exist on type 'JSX.IntrinsicElements'.
components/poi-management/POIDetailsModal.tsx(2528,25): error TS2339: Property 'button' does not exist on type 'JSX.IntrinsicElements'.
components/poi-management/POIDetailsModal.tsx(2544,25): error TS2339: Property 'button' does not exist on type 'JSX.IntrinsicElements'.
components/poi-management/POIDetailsModal.tsx(2545,23): error TS2339: Property 'div' does not exist on type 'JSX.IntrinsicElements'.
components/poi-management/POIDetailsModal.tsx(2546,21): error TS2339: Property 'div' does not exist on type 'JSX.IntrinsicElements'.
components/poi-management/POIDetailsModal.tsx(2547,19): error TS2339: Property 'div' does not exist on type 'JSX.IntrinsicElements'.
components/poi-management/POIDetailsModal.tsx(2548,17): error TS2339: Property 'div' does not exist on type 'JSX.IntrinsicElements'.
components/poi-management/POIDetailsModal.tsx(2549,15): error TS2339: Property 'div' does not exist on type 'JSX.IntrinsicElements'.
components/poi-management/POIDetailsModal.tsx(2551,15): error TS2339: Property 'div' does not exist on type 'JSX.IntrinsicElements'.
components/poi-management/POIDetailsModal.tsx(2565,19): error TS2339: Property 'div' does not exist on type 'JSX.IntrinsicElements'.
components/poi-management/POIDetailsModal.tsx(2566,21): error TS2339: Property 'div' does not exist on type 'JSX.IntrinsicElements'.
components/poi-management/POIDetailsModal.tsx(2566,85): error TS2339: Property 'div' does not exist on type 'JSX.IntrinsicElements'.
components/poi-management/POIDetailsModal.tsx(2567,21): error TS2339: Property 'div' does not exist on type 'JSX.IntrinsicElements'.
components/poi-management/POIDetailsModal.tsx(2567,85): error TS2339: Property 'div' does not exist on type 'JSX.IntrinsicElements'.
components/poi-management/POIDetailsModal.tsx(2568,21): error TS2339: Property 'div' does not exist on type 'JSX.IntrinsicElements'.
components/poi-management/POIDetailsModal.tsx(2568,80): error TS2339: Property 'div' does not exist on type 'JSX.IntrinsicElements'.
components/poi-management/POIDetailsModal.tsx(2569,19): error TS2339: Property 'div' does not exist on type 'JSX.IntrinsicElements'.
components/poi-management/POIDetailsModal.tsx(2571,19): error TS2339: Property 'div' does not exist on type 'JSX.IntrinsicElements'.
components/poi-management/POIDetailsModal.tsx(2573,21): error TS2339: Property 'div' does not exist on type 'JSX.IntrinsicElements'.
components/poi-management/POIDetailsModal.tsx(2574,23): error TS2339: Property 'div' does not exist on type 'JSX.IntrinsicElements'.
components/poi-management/POIDetailsModal.tsx(2575,25): error TS2339: Property 'h3' does not exist on type 'JSX.IntrinsicElements'.
components/poi-management/POIDetailsModal.tsx(2578,25): error TS2339: Property 'h3' does not exist on type 'JSX.IntrinsicElements'.
components/poi-management/POIDetailsModal.tsx(2580,27): error TS2339: Property 'button' does not exist on type 'JSX.IntrinsicElements'.
components/poi-management/POIDetailsModal.tsx(2596,27): error TS2339: Property 'button' does not exist on type 'JSX.IntrinsicElements'.
components/poi-management/POIDetailsModal.tsx(2598,23): error TS2339: Property 'div' does not exist on type 'JSX.IntrinsicElements'.
components/poi-management/POIDetailsModal.tsx(2600,23): error TS2339: Property 'div' does not exist on type 'JSX.IntrinsicElements'.
components/poi-management/POIDetailsModal.tsx(2602,25): error TS2339: Property 'div' does not exist on type 'JSX.IntrinsicElements'.
components/poi-management/POIDetailsModal.tsx(2603,27): error TS2339: Property 'div' does not exist on type 'JSX.IntrinsicElements'.
components/poi-management/POIDetailsModal.tsx(2604,29): error TS2339: Property 'label' does not exist on type 'JSX.IntrinsicElements'.
components/poi-management/POIDetailsModal.tsx(2606,29): error TS2339: Property 'label' does not exist on type 'JSX.IntrinsicElements'.
components/poi-management/POIDetailsModal.tsx(2607,29): error TS2339: Property 'input' does not exist on type 'JSX.IntrinsicElements'.
components/poi-management/POIDetailsModal.tsx(2613,27): error TS2339: Property 'div' does not exist on type 'JSX.IntrinsicElements'.
components/poi-management/POIDetailsModal.tsx(2615,27): error TS2339: Property 'div' does not exist on type 'JSX.IntrinsicElements'.
components/poi-management/POIDetailsModal.tsx(2616,29): error TS2339: Property 'label' does not exist on type 'JSX.IntrinsicElements'.
components/poi-management/POIDetailsModal.tsx(2618,29): error TS2339: Property 'label' does not exist on type 'JSX.IntrinsicElements'.
components/poi-management/POIDetailsModal.tsx(2619,29): error TS2339: Property 'select' does not exist on type 'JSX.IntrinsicElements'.
components/poi-management/POIDetailsModal.tsx(2624,31): error TS2339: Property 'option' does not exist on type 'JSX.IntrinsicElements'.
components/poi-management/POIDetailsModal.tsx(2624,83): error TS2339: Property 'option' does not exist on type 'JSX.IntrinsicElements'.
components/poi-management/POIDetailsModal.tsx(2626,33): error TS2339: Property 'option' does not exist on type 'JSX.IntrinsicElements'.
components/poi-management/POIDetailsModal.tsx(2628,33): error TS2339: Property 'option' does not exist on type 'JSX.IntrinsicElements'.
components/poi-management/POIDetailsModal.tsx(2630,29): error TS2339: Property 'select' does not exist on type 'JSX.IntrinsicElements'.
components/poi-management/POIDetailsModal.tsx(2631,27): error TS2339: Property 'div' does not exist on type 'JSX.IntrinsicElements'.
components/poi-management/POIDetailsModal.tsx(2633,27): error TS2339: Property 'div' does not exist on type 'JSX.IntrinsicElements'.
components/poi-management/POIDetailsModal.tsx(2634,29): error TS2339: Property 'div' does not exist on type 'JSX.IntrinsicElements'.
components/poi-management/POIDetailsModal.tsx(2635,31): error TS2339: Property 'label' does not exist on type 'JSX.IntrinsicElements'.
components/poi-management/POIDetailsModal.tsx(2637,31): error TS2339: Property 'label' does not exist on type 'JSX.IntrinsicElements'.
components/poi-management/POIDetailsModal.tsx(2638,31): error TS2339: Property 'input' does not exist on type 'JSX.IntrinsicElements'.
components/poi-management/POIDetailsModal.tsx(2644,29): error TS2339: Property 'div' does not exist on type 'JSX.IntrinsicElements'.
components/poi-management/POIDetailsModal.tsx(2645,29): error TS2339: Property 'div' does not exist on type 'JSX.IntrinsicElements'.
components/poi-management/POIDetailsModal.tsx(2646,31): error TS2339: Property 'label' does not exist on type 'JSX.IntrinsicElements'.
components/poi-management/POIDetailsModal.tsx(2648,31): error TS2339: Property 'label' does not exist on type 'JSX.IntrinsicElements'.
components/poi-management/POIDetailsModal.tsx(2649,31): error TS2339: Property 'input' does not exist on type 'JSX.IntrinsicElements'.
components/poi-management/POIDetailsModal.tsx(2655,29): error TS2339: Property 'div' does not exist on type 'JSX.IntrinsicElements'.
components/poi-management/POIDetailsModal.tsx(2656,29): error TS2339: Property 'div' does not exist on type 'JSX.IntrinsicElements'.
components/poi-management/POIDetailsModal.tsx(2657,31): error TS2339: Property 'label' does not exist on type 'JSX.IntrinsicElements'.
components/poi-management/POIDetailsModal.tsx(2659,31): error TS2339: Property 'label' does not exist on type 'JSX.IntrinsicElements'.
components/poi-management/POIDetailsModal.tsx(2660,31): error TS2339: Property 'input' does not exist on type 'JSX.IntrinsicElements'.
components/poi-management/POIDetailsModal.tsx(2666,29): error TS2339: Property 'div' does not exist on type 'JSX.IntrinsicElements'.
components/poi-management/POIDetailsModal.tsx(2667,27): error TS2339: Property 'div' does not exist on type 'JSX.IntrinsicElements'.
components/poi-management/POIDetailsModal.tsx(2668,25): error TS2339: Property 'div' does not exist on type 'JSX.IntrinsicElements'.
components/poi-management/POIDetailsModal.tsx(2671,25): error TS2339: Property 'div' does not exist on type 'JSX.IntrinsicElements'.
components/poi-management/POIDetailsModal.tsx(2674,29): error TS2339: Property 'div' does not exist on type 'JSX.IntrinsicElements'.
components/poi-management/POIDetailsModal.tsx(2675,31): error TS2339: Property 'label' does not exist on type 'JSX.IntrinsicElements'.
components/poi-management/POIDetailsModal.tsx(2677,31): error TS2339: Property 'label' does not exist on type 'JSX.IntrinsicElements'.
components/poi-management/POIDetailsModal.tsx(2678,31): error TS2339: Property 'div' does not exist on type 'JSX.IntrinsicElements'.
components/poi-management/POIDetailsModal.tsx(2680,35): error TS2339: Property 'span' does not exist on type 'JSX.IntrinsicElements'.
components/poi-management/POIDetailsModal.tsx(2685,35): error TS2339: Property 'span' does not exist on type 'JSX.IntrinsicElements'.
components/poi-management/POIDetailsModal.tsx(2687,31): error TS2339: Property 'div' does not exist on type 'JSX.IntrinsicElements'.
components/poi-management/POIDetailsModal.tsx(2688,29): error TS2339: Property 'div' does not exist on type 'JSX.IntrinsicElements'.
components/poi-management/POIDetailsModal.tsx(2692,27): error TS2339: Property 'div' does not exist on type 'JSX.IntrinsicElements'.
components/poi-management/POIDetailsModal.tsx(2693,29): error TS2339: Property 'label' does not exist on type 'JSX.IntrinsicElements'.
components/poi-management/POIDetailsModal.tsx(2695,29): error TS2339: Property 'label' does not exist on type 'JSX.IntrinsicElements'.
components/poi-management/POIDetailsModal.tsx(2696,29): error TS2339: Property 'div' does not exist on type 'JSX.IntrinsicElements'.
components/poi-management/POIDetailsModal.tsx(2697,31): error TS2339: Property 'div' does not exist on type 'JSX.IntrinsicElements'.
components/poi-management/POIDetailsModal.tsx(2699,33): error TS2339: Property 'div' does not exist on type 'JSX.IntrinsicElements'.
components/poi-management/POIDetailsModal.tsx(2700,35): error TS2339: Property 'div' does not exist on type 'JSX.IntrinsicElements'.
components/poi-management/POIDetailsModal.tsx(2700,125): error TS2339: Property 'div' does not exist on type 'JSX.IntrinsicElements'.
components/poi-management/POIDetailsModal.tsx(2701,35): error TS2339: Property 'div' does not exist on type 'JSX.IntrinsicElements'.
components/poi-management/POIDetailsModal.tsx(2701,138): error TS2339: Property 'div' does not exist on type 'JSX.IntrinsicElements'.
components/poi-management/POIDetailsModal.tsx(2702,33): error TS2339: Property 'div' does not exist on type 'JSX.IntrinsicElements'.
components/poi-management/POIDetailsModal.tsx(2703,31): error TS2339: Property 'div' does not exist on type 'JSX.IntrinsicElements'.
components/poi-management/POIDetailsModal.tsx(2704,31): error TS2339: Property 'div' does not exist on type 'JSX.IntrinsicElements'.
components/poi-management/POIDetailsModal.tsx(2706,33): error TS2339: Property 'div' does not exist on type 'JSX.IntrinsicElements'.
components/poi-management/POIDetailsModal.tsx(2707,35): error TS2339: Property 'div' does not exist on type 'JSX.IntrinsicElements'.
components/poi-management/POIDetailsModal.tsx(2707,118): error TS2339: Property 'div' does not exist on type 'JSX.IntrinsicElements'.
components/poi-management/POIDetailsModal.tsx(2708,35): error TS2339: Property 'div' does not exist on type 'JSX.IntrinsicElements'.
components/poi-management/POIDetailsModal.tsx(2708,132): error TS2339: Property 'div' does not exist on type 'JSX.IntrinsicElements'.
components/poi-management/POIDetailsModal.tsx(2709,33): error TS2339: Property 'div' does not exist on type 'JSX.IntrinsicElements'.
components/poi-management/POIDetailsModal.tsx(2710,31): error TS2339: Property 'div' does not exist on type 'JSX.IntrinsicElements'.
components/poi-management/POIDetailsModal.tsx(2711,31): error TS2339: Property 'div' does not exist on type 'JSX.IntrinsicElements'.
components/poi-management/POIDetailsModal.tsx(2713,33): error TS2339: Property 'div' does not exist on type 'JSX.IntrinsicElements'.
components/poi-management/POIDetailsModal.tsx(2714,35): error TS2339: Property 'div' does not exist on type 'JSX.IntrinsicElements'.
components/poi-management/POIDetailsModal.tsx(2714,127): error TS2339: Property 'div' does not exist on type 'JSX.IntrinsicElements'.
components/poi-management/POIDetailsModal.tsx(2715,35): error TS2339: Property 'div' does not exist on type 'JSX.IntrinsicElements'.
components/poi-management/POIDetailsModal.tsx(2715,141): error TS2339: Property 'div' does not exist on type 'JSX.IntrinsicElements'.
components/poi-management/POIDetailsModal.tsx(2716,33): error TS2339: Property 'div' does not exist on type 'JSX.IntrinsicElements'.
components/poi-management/POIDetailsModal.tsx(2717,31): error TS2339: Property 'div' does not exist on type 'JSX.IntrinsicElements'.
components/poi-management/POIDetailsModal.tsx(2718,31): error TS2339: Property 'div' does not exist on type 'JSX.IntrinsicElements'.
components/poi-management/POIDetailsModal.tsx(2720,33): error TS2339: Property 'div' does not exist on type 'JSX.IntrinsicElements'.
components/poi-management/POIDetailsModal.tsx(2721,35): error TS2339: Property 'div' does not exist on type 'JSX.IntrinsicElements'.
components/poi-management/POIDetailsModal.tsx(2721,123): error TS2339: Property 'div' does not exist on type 'JSX.IntrinsicElements'.
components/poi-management/POIDetailsModal.tsx(2722,35): error TS2339: Property 'div' does not exist on type 'JSX.IntrinsicElements'.
components/poi-management/POIDetailsModal.tsx(2722,148): error TS2339: Property 'div' does not exist on type 'JSX.IntrinsicElements'.
components/poi-management/POIDetailsModal.tsx(2723,33): error TS2339: Property 'div' does not exist on type 'JSX.IntrinsicElements'.
components/poi-management/POIDetailsModal.tsx(2724,31): error TS2339: Property 'div' does not exist on type 'JSX.IntrinsicElements'.
components/poi-management/POIDetailsModal.tsx(2725,29): error TS2339: Property 'div' does not exist on type 'JSX.IntrinsicElements'.
components/poi-management/POIDetailsModal.tsx(2726,27): error TS2339: Property 'div' does not exist on type 'JSX.IntrinsicElements'.
components/poi-management/POIDetailsModal.tsx(2727,25): error TS2339: Property 'div' does not exist on type 'JSX.IntrinsicElements'.
components/poi-management/POIDetailsModal.tsx(2728,23): error TS2339: Property 'div' does not exist on type 'JSX.IntrinsicElements'.
components/poi-management/POIDetailsModal.tsx(2729,21): error TS2339: Property 'div' does not exist on type 'JSX.IntrinsicElements'.
components/poi-management/POIDetailsModal.tsx(2732,21): error TS2339: Property 'div' does not exist on type 'JSX.IntrinsicElements'.
components/poi-management/POIDetailsModal.tsx(2734,23): error TS2339: Property 'div' does not exist on type 'JSX.IntrinsicElements'.
components/poi-management/POIDetailsModal.tsx(2735,25): error TS2339: Property 'h3' does not exist on type 'JSX.IntrinsicElements'.
components/poi-management/POIDetailsModal.tsx(2738,25): error TS2339: Property 'h3' does not exist on type 'JSX.IntrinsicElements'.
components/poi-management/POIDetailsModal.tsx(2740,25): error TS2339: Property 'div' does not exist on type 'JSX.IntrinsicElements'.
components/poi-management/POIDetailsModal.tsx(2742,27): error TS2339: Property 'div' does not exist on type 'JSX.IntrinsicElements'.
components/poi-management/POIDetailsModal.tsx(2743,29): error TS2339: Property 'div' does not exist on type 'JSX.IntrinsicElements'.
components/poi-management/POIDetailsModal.tsx(2743,121): error TS2339: Property 'div' does not exist on type 'JSX.IntrinsicElements'.
components/poi-management/POIDetailsModal.tsx(2744,29): error TS2339: Property 'span' does not exist on type 'JSX.IntrinsicElements'.
components/poi-management/POIDetailsModal.tsx(2761,29): error TS2339: Property 'span' does not exist on type 'JSX.IntrinsicElements'.
components/poi-management/POIDetailsModal.tsx(2762,27): error TS2339: Property 'div' does not exist on type 'JSX.IntrinsicElements'.
components/poi-management/POIDetailsModal.tsx(2766,29): error TS2339: Property 'div' does not exist on type 'JSX.IntrinsicElements'.
components/poi-management/POIDetailsModal.tsx(2767,31): error TS2339: Property 'div' does not exist on type 'JSX.IntrinsicElements'.
components/poi-management/POIDetailsModal.tsx(2767,114): error TS2339: Property 'div' does not exist on type 'JSX.IntrinsicElements'.
components/poi-management/POIDetailsModal.tsx(2768,31): error TS2339: Property 'div' does not exist on type 'JSX.IntrinsicElements'.
components/poi-management/POIDetailsModal.tsx(2770,33): error TS2339: Property 'span' does not exist on type 'JSX.IntrinsicElements'.
components/poi-management/POIDetailsModal.tsx(2772,33): error TS2339: Property 'span' does not exist on type 'JSX.IntrinsicElements'.
components/poi-management/POIDetailsModal.tsx(2774,35): error TS2339: Property 'span' does not exist on type 'JSX.IntrinsicElements'.
components/poi-management/POIDetailsModal.tsx(2776,35): error TS2339: Property 'span' does not exist on type 'JSX.IntrinsicElements'.
components/poi-management/POIDetailsModal.tsx(2778,31): error TS2339: Property 'div' does not exist on type 'JSX.IntrinsicElements'.
components/poi-management/POIDetailsModal.tsx(2779,29): error TS2339: Property 'div' does not exist on type 'JSX.IntrinsicElements'.
components/poi-management/POIDetailsModal.tsx(2781,29): error TS2339: Property 'div' does not exist on type 'JSX.IntrinsicElements'.
components/poi-management/POIDetailsModal.tsx(2782,31): error TS2339: Property 'div' does not exist on type 'JSX.IntrinsicElements'.
components/poi-management/POIDetailsModal.tsx(2782,100): error TS2339: Property 'div' does not exist on type 'JSX.IntrinsicElements'.
components/poi-management/POIDetailsModal.tsx(2783,31): error TS2339: Property 'div' does not exist on type 'JSX.IntrinsicElements'.
components/poi-management/POIDetailsModal.tsx(2783,92): error TS2339: Property 'div' does not exist on type 'JSX.IntrinsicElements'.
components/poi-management/POIDetailsModal.tsx(2784,29): error TS2339: Property 'div' does not exist on type 'JSX.IntrinsicElements'.
components/poi-management/POIDetailsModal.tsx(2789,29): error TS2339: Property 'div' does not exist on type 'JSX.IntrinsicElements'.
components/poi-management/POIDetailsModal.tsx(2790,31): error TS2339: Property 'div' does not exist on type 'JSX.IntrinsicElements'.
components/poi-management/POIDetailsModal.tsx(2790,126): error TS2339: Property 'div' does not exist on type 'JSX.IntrinsicElements'.
components/poi-management/POIDetailsModal.tsx(2791,31): error TS2339: Property 'div' does not exist on type 'JSX.IntrinsicElements'.
components/poi-management/POIDetailsModal.tsx(2796,37): error TS2339: Property 'span' does not exist on type 'JSX.IntrinsicElements'.
components/poi-management/POIDetailsModal.tsx(2803,37): error TS2339: Property 'span' does not exist on type 'JSX.IntrinsicElements'.
components/poi-management/POIDetailsModal.tsx(2806,31): error TS2339: Property 'div' does not exist on type 'JSX.IntrinsicElements'.
components/poi-management/POIDetailsModal.tsx(2807,29): error TS2339: Property 'div' does not exist on type 'JSX.IntrinsicElements'.
components/poi-management/POIDetailsModal.tsx(2812,29): error TS2339: Property 'div' does not exist on type 'JSX.IntrinsicElements'.
components/poi-management/POIDetailsModal.tsx(2813,31): error TS2339: Property 'div' does not exist on type 'JSX.IntrinsicElements'.
components/poi-management/POIDetailsModal.tsx(2813,113): error TS2339: Property 'div' does not exist on type 'JSX.IntrinsicElements'.
components/poi-management/POIDetailsModal.tsx(2814,31): error TS2339: Property 'div' does not exist on type 'JSX.IntrinsicElements'.
components/poi-management/POIDetailsModal.tsx(2816,31): error TS2339: Property 'div' does not exist on type 'JSX.IntrinsicElements'.
components/poi-management/POIDetailsModal.tsx(2818,33): error TS2339: Property 'div' does not exist on type 'JSX.IntrinsicElements'.
components/poi-management/POIDetailsModal.tsx(2820,33): error TS2339: Property 'div' does not exist on type 'JSX.IntrinsicElements'.
components/poi-management/POIDetailsModal.tsx(2822,29): error TS2339: Property 'div' does not exist on type 'JSX.IntrinsicElements'.
components/poi-management/POIDetailsModal.tsx(2827,29): error TS2339: Property 'div' does not exist on type 'JSX.IntrinsicElements'.
components/poi-management/POIDetailsModal.tsx(2828,31): error TS2339: Property 'div' does not exist on type 'JSX.IntrinsicElements'.
components/poi-management/POIDetailsModal.tsx(2828,123): error TS2339: Property 'div' does not exist on type 'JSX.IntrinsicElements'.
components/poi-management/POIDetailsModal.tsx(2829,31): error TS2339: Property 'div' does not exist on type 'JSX.IntrinsicElements'.
components/poi-management/POIDetailsModal.tsx(2831,31): error TS2339: Property 'div' does not exist on type 'JSX.IntrinsicElements'.
components/poi-management/POIDetailsModal.tsx(2832,29): error TS2339: Property 'div' does not exist on type 'JSX.IntrinsicElements'.
components/poi-management/POIDetailsModal.tsx(2834,25): error TS2339: Property 'div' does not exist on type 'JSX.IntrinsicElements'.
components/poi-management/POIDetailsModal.tsx(2835,23): error TS2339: Property 'div' does not exist on type 'JSX.IntrinsicElements'.
components/poi-management/POIDetailsModal.tsx(2839,25): error TS2339: Property 'div' does not exist on type 'JSX.IntrinsicElements'.
components/poi-management/POIDetailsModal.tsx(2840,27): error TS2339: Property 'h3' does not exist on type 'JSX.IntrinsicElements'.
components/poi-management/POIDetailsModal.tsx(2843,27): error TS2339: Property 'h3' does not exist on type 'JSX.IntrinsicElements'.
components/poi-management/POIDetailsModal.tsx(2845,27): error TS2339: Property 'div' does not exist on type 'JSX.IntrinsicElements'.
components/poi-management/POIDetailsModal.tsx(2848,31): error TS2339: Property 'div' does not exist on type 'JSX.IntrinsicElements'.
components/poi-management/POIDetailsModal.tsx(2849,33): error TS2339: Property 'div' does not exist on type 'JSX.IntrinsicElements'.
components/poi-management/POIDetailsModal.tsx(2850,35): error TS2339: Property 'div' does not exist on type 'JSX.IntrinsicElements'.
components/poi-management/POIDetailsModal.tsx(2851,37): error TS2339: Property 'div' does not exist on type 'JSX.IntrinsicElements'.
components/poi-management/POIDetailsModal.tsx(2851,137): error TS2339: Property 'div' does not exist on type 'JSX.IntrinsicElements'.
components/poi-management/POIDetailsModal.tsx(2852,37): error TS2339: Property 'div' does not exist on type 'JSX.IntrinsicElements'.
components/poi-management/POIDetailsModal.tsx(2855,37): error TS2339: Property 'div' does not exist on type 'JSX.IntrinsicElements'.
components/poi-management/POIDetailsModal.tsx(2856,35): error TS2339: Property 'div' does not exist on type 'JSX.IntrinsicElements'.
components/poi-management/POIDetailsModal.tsx(2857,35): error TS2339: Property 'div' does not exist on type 'JSX.IntrinsicElements'.
components/poi-management/POIDetailsModal.tsx(2858,37): error TS2339: Property 'span' does not exist on type 'JSX.IntrinsicElements'.
components/poi-management/POIDetailsModal.tsx(2865,37): error TS2339: Property 'span' does not exist on type 'JSX.IntrinsicElements'.
components/poi-management/POIDetailsModal.tsx(2866,35): error TS2339: Property 'div' does not exist on type 'JSX.IntrinsicElements'.
components/poi-management/POIDetailsModal.tsx(2867,33): error TS2339: Property 'div' does not exist on type 'JSX.IntrinsicElements'.
components/poi-management/POIDetailsModal.tsx(2868,31): error TS2339: Property 'div' does not exist on type 'JSX.IntrinsicElements'.
components/poi-management/POIDetailsModal.tsx(2874,31): error TS2339: Property 'div' does not exist on type 'JSX.IntrinsicElements'.
components/poi-management/POIDetailsModal.tsx(2875,33): error TS2339: Property 'div' does not exist on type 'JSX.IntrinsicElements'.
components/poi-management/POIDetailsModal.tsx(2876,35): error TS2339: Property 'div' does not exist on type 'JSX.IntrinsicElements'.
components/poi-management/POIDetailsModal.tsx(2877,37): error TS2339: Property 'div' does not exist on type 'JSX.IntrinsicElements'.
components/poi-management/POIDetailsModal.tsx(2877,137): error TS2339: Property 'div' does not exist on type 'JSX.IntrinsicElements'.
components/poi-management/POIDetailsModal.tsx(2878,37): error TS2339: Property 'div' does not exist on type 'JSX.IntrinsicElements'.
components/poi-management/POIDetailsModal.tsx(2878,128): error TS2339: Property 'div' does not exist on type 'JSX.IntrinsicElements'.
components/poi-management/POIDetailsModal.tsx(2879,35): error TS2339: Property 'div' does not exist on type 'JSX.IntrinsicElements'.
components/poi-management/POIDetailsModal.tsx(2880,35): error TS2339: Property 'span' does not exist on type 'JSX.IntrinsicElements'.
components/poi-management/POIDetailsModal.tsx(2882,35): error TS2339: Property 'span' does not exist on type 'JSX.IntrinsicElements'.
components/poi-management/POIDetailsModal.tsx(2883,33): error TS2339: Property 'div' does not exist on type 'JSX.IntrinsicElements'.
components/poi-management/POIDetailsModal.tsx(2884,31): error TS2339: Property 'div' does not exist on type 'JSX.IntrinsicElements'.
components/poi-management/POIDetailsModal.tsx(2893,33): error TS2339: Property 'div' does not exist on type 'JSX.IntrinsicElements'.
components/poi-management/POIDetailsModal.tsx(2894,35): error TS2339: Property 'div' does not exist on type 'JSX.IntrinsicElements'.
components/poi-management/POIDetailsModal.tsx(2895,37): error TS2339: Property 'div' does not exist on type 'JSX.IntrinsicElements'.
components/poi-management/POIDetailsModal.tsx(2896,39): error TS2339: Property 'div' does not exist on type 'JSX.IntrinsicElements'.
components/poi-management/POIDetailsModal.tsx(2896,136): error TS2339: Property 'div' does not exist on type 'JSX.IntrinsicElements'.
components/poi-management/POIDetailsModal.tsx(2897,39): error TS2339: Property 'div' does not exist on type 'JSX.IntrinsicElements'.
components/poi-management/POIDetailsModal.tsx(2897,129): error TS2339: Property 'div' does not exist on type 'JSX.IntrinsicElements'.
components/poi-management/POIDetailsModal.tsx(2898,37): error TS2339: Property 'div' does not exist on type 'JSX.IntrinsicElements'.
components/poi-management/POIDetailsModal.tsx(2899,37): error TS2339: Property 'span' does not exist on type 'JSX.IntrinsicElements'.
components/poi-management/POIDetailsModal.tsx(2902,37): error TS2339: Property 'span' does not exist on type 'JSX.IntrinsicElements'.
components/poi-management/POIDetailsModal.tsx(2903,35): error TS2339: Property 'div' does not exist on type 'JSX.IntrinsicElements'.
components/poi-management/POIDetailsModal.tsx(2904,33): error TS2339: Property 'div' does not exist on type 'JSX.IntrinsicElements'.
components/poi-management/POIDetailsModal.tsx(2914,33): error TS2339: Property 'div' does not exist on type 'JSX.IntrinsicElements'.
components/poi-management/POIDetailsModal.tsx(2915,35): error TS2339: Property 'div' does not exist on type 'JSX.IntrinsicElements'.
components/poi-management/POIDetailsModal.tsx(2916,37): error TS2339: Property 'div' does not exist on type 'JSX.IntrinsicElements'.
components/poi-management/POIDetailsModal.tsx(2917,39): error TS2339: Property 'div' does not exist on type 'JSX.IntrinsicElements'.
components/poi-management/POIDetailsModal.tsx(2917,123): error TS2339: Property 'div' does not exist on type 'JSX.IntrinsicElements'.
components/poi-management/POIDetailsModal.tsx(2918,39): error TS2339: Property 'div' does not exist on type 'JSX.IntrinsicElements'.
components/poi-management/POIDetailsModal.tsx(2918,137): error TS2339: Property 'div' does not exist on type 'JSX.IntrinsicElements'.
components/poi-management/POIDetailsModal.tsx(2919,37): error TS2339: Property 'div' does not exist on type 'JSX.IntrinsicElements'.
components/poi-management/POIDetailsModal.tsx(2920,37): error TS2339: Property 'span' does not exist on type 'JSX.IntrinsicElements'.
components/poi-management/POIDetailsModal.tsx(2923,37): error TS2339: Property 'span' does not exist on type 'JSX.IntrinsicElements'.
components/poi-management/POIDetailsModal.tsx(2924,35): error TS2339: Property 'div' does not exist on type 'JSX.IntrinsicElements'.
components/poi-management/POIDetailsModal.tsx(2925,33): error TS2339: Property 'div' does not exist on type 'JSX.IntrinsicElements'.
components/poi-management/POIDetailsModal.tsx(2940,35): error TS2339: Property 'div' does not exist on type 'JSX.IntrinsicElements'.
components/poi-management/POIDetailsModal.tsx(2941,37): error TS2339: Property 'div' does not exist on type 'JSX.IntrinsicElements'.
components/poi-management/POIDetailsModal.tsx(2943,37): error TS2339: Property 'div' does not exist on type 'JSX.IntrinsicElements'.
components/poi-management/POIDetailsModal.tsx(2944,35): error TS2339: Property 'div' does not exist on type 'JSX.IntrinsicElements'.
components/poi-management/POIDetailsModal.tsx(2949,27): error TS2339: Property 'div' does not exist on type 'JSX.IntrinsicElements'.
components/poi-management/POIDetailsModal.tsx(2950,25): error TS2339: Property 'div' does not exist on type 'JSX.IntrinsicElements'.
components/poi-management/POIDetailsModal.tsx(2952,21): error TS2339: Property 'div' does not exist on type 'JSX.IntrinsicElements'.
components/poi-management/POIDetailsModal.tsx(2955,21): error TS2339: Property 'div' does not exist on type 'JSX.IntrinsicElements'.
components/poi-management/POIDetailsModal.tsx(2957,23): error TS2339: Property 'div' does not exist on type 'JSX.IntrinsicElements'.
components/poi-management/POIDetailsModal.tsx(2958,25): error TS2339: Property 'h3' does not exist on type 'JSX.IntrinsicElements'.
components/poi-management/POIDetailsModal.tsx(2961,25): error TS2339: Property 'h3' does not exist on type 'JSX.IntrinsicElements'.
components/poi-management/POIDetailsModal.tsx(2963,25): error TS2339: Property 'div' does not exist on type 'JSX.IntrinsicElements'.
components/poi-management/POIDetailsModal.tsx(2965,29): error TS2339: Property 'div' does not exist on type 'JSX.IntrinsicElements'.
components/poi-management/POIDetailsModal.tsx(2966,31): error TS2339: Property 'div' does not exist on type 'JSX.IntrinsicElements'.
components/poi-management/POIDetailsModal.tsx(2968,33): error TS2339: Property 'div' does not exist on type 'JSX.IntrinsicElements'.
components/poi-management/POIDetailsModal.tsx(2969,35): error TS2339: Property 'div' does not exist on type 'JSX.IntrinsicElements'.
components/poi-management/POIDetailsModal.tsx(2969,136): error TS2339: Property 'div' does not exist on type 'JSX.IntrinsicElements'.
components/poi-management/POIDetailsModal.tsx(2970,35): error TS2339: Property 'div' does not exist on type 'JSX.IntrinsicElements'.
components/poi-management/POIDetailsModal.tsx(2970,119): error TS2339: Property 'div' does not exist on type 'JSX.IntrinsicElements'.
components/poi-management/POIDetailsModal.tsx(2971,33): error TS2339: Property 'div' does not exist on type 'JSX.IntrinsicElements'.
components/poi-management/POIDetailsModal.tsx(2972,31): error TS2339: Property 'div' does not exist on type 'JSX.IntrinsicElements'.
components/poi-management/POIDetailsModal.tsx(2973,29): error TS2339: Property 'div' does not exist on type 'JSX.IntrinsicElements'.
components/poi-management/POIDetailsModal.tsx(2977,29): error TS2339: Property 'div' does not exist on type 'JSX.IntrinsicElements'.
components/poi-management/POIDetailsModal.tsx(2978,31): error TS2339: Property 'div' does not exist on type 'JSX.IntrinsicElements'.
components/poi-management/POIDetailsModal.tsx(2980,33): error TS2339: Property 'div' does not exist on type 'JSX.IntrinsicElements'.
components/poi-management/POIDetailsModal.tsx(2981,35): error TS2339: Property 'div' does not exist on type 'JSX.IntrinsicElements'.
components/poi-management/POIDetailsModal.tsx(2981,132): error TS2339: Property 'div' does not exist on type 'JSX.IntrinsicElements'.
components/poi-management/POIDetailsModal.tsx(2982,35): error TS2339: Property 'div' does not exist on type 'JSX.IntrinsicElements'.
components/poi-management/POIDetailsModal.tsx(2982,110): error TS2339: Property 'div' does not exist on type 'JSX.IntrinsicElements'.
components/poi-management/POIDetailsModal.tsx(2983,33): error TS2339: Property 'div' does not exist on type 'JSX.IntrinsicElements'.
components/poi-management/POIDetailsModal.tsx(2984,31): error TS2339: Property 'div' does not exist on type 'JSX.IntrinsicElements'.
components/poi-management/POIDetailsModal.tsx(2985,29): error TS2339: Property 'div' does not exist on type 'JSX.IntrinsicElements'.
components/poi-management/POIDetailsModal.tsx(2989,29): error TS2339: Property 'div' does not exist on type 'JSX.IntrinsicElements'.
components/poi-management/POIDetailsModal.tsx(2990,31): error TS2339: Property 'div' does not exist on type 'JSX.IntrinsicElements'.
components/poi-management/POIDetailsModal.tsx(2992,33): error TS2339: Property 'div' does not exist on type 'JSX.IntrinsicElements'.
components/poi-management/POIDetailsModal.tsx(2993,35): error TS2339: Property 'div' does not exist on type 'JSX.IntrinsicElements'.
components/poi-management/POIDetailsModal.tsx(2993,135): error TS2339: Property 'div' does not exist on type 'JSX.IntrinsicElements'.
components/poi-management/POIDetailsModal.tsx(2994,35): error TS2339: Property 'div' does not exist on type 'JSX.IntrinsicElements'.
components/poi-management/POIDetailsModal.tsx(2996,35): error TS2339: Property 'div' does not exist on type 'JSX.IntrinsicElements'.
components/poi-management/POIDetailsModal.tsx(2997,35): error TS2339: Property 'button' does not exist on type 'JSX.IntrinsicElements'.
components/poi-management/POIDetailsModal.tsx(3003,35): error TS2339: Property 'button' does not exist on type 'JSX.IntrinsicElements'.
components/poi-management/POIDetailsModal.tsx(3004,33): error TS2339: Property 'div' does not exist on type 'JSX.IntrinsicElements'.
components/poi-management/POIDetailsModal.tsx(3005,31): error TS2339: Property 'div' does not exist on type 'JSX.IntrinsicElements'.
components/poi-management/POIDetailsModal.tsx(3006,29): error TS2339: Property 'div' does not exist on type 'JSX.IntrinsicElements'.
components/poi-management/POIDetailsModal.tsx(3008,25): error TS2339: Property 'div' does not exist on type 'JSX.IntrinsicElements'.
components/poi-management/POIDetailsModal.tsx(3009,23): error TS2339: Property 'div' does not exist on type 'JSX.IntrinsicElements'.
components/poi-management/POIDetailsModal.tsx(3033,23): error TS2339: Property 'div' does not exist on type 'JSX.IntrinsicElements'.
components/poi-management/POIDetailsModal.tsx(3034,25): error TS2339: Property 'div' does not exist on type 'JSX.IntrinsicElements'.
components/poi-management/POIDetailsModal.tsx(3035,27): error TS2339: Property 'h3' does not exist on type 'JSX.IntrinsicElements'.
components/poi-management/POIDetailsModal.tsx(3038,27): error TS2339: Property 'h3' does not exist on type 'JSX.IntrinsicElements'.
components/poi-management/POIDetailsModal.tsx(3040,29): error TS2339: Property 'button' does not exist on type 'JSX.IntrinsicElements'.
components/poi-management/POIDetailsModal.tsx(3056,29): error TS2339: Property 'button' does not exist on type 'JSX.IntrinsicElements'.
components/poi-management/POIDetailsModal.tsx(3058,25): error TS2339: Property 'div' does not exist on type 'JSX.IntrinsicElements'.
components/poi-management/POIDetailsModal.tsx(3060,25): error TS2339: Property 'p' does not exist on type 'JSX.IntrinsicElements'.
components/poi-management/POIDetailsModal.tsx(3062,25): error TS2339: Property 'p' does not exist on type 'JSX.IntrinsicElements'.
components/poi-management/POIDetailsModal.tsx(3065,27): error TS2339: Property 'div' does not exist on type 'JSX.IntrinsicElements'.
components/poi-management/POIDetailsModal.tsx(3066,29): error TS2339: Property 'div' does not exist on type 'JSX.IntrinsicElements'.
components/poi-management/POIDetailsModal.tsx(3069,29): error TS2339: Property 'div' does not exist on type 'JSX.IntrinsicElements'.
components/poi-management/POIDetailsModal.tsx(3070,27): error TS2339: Property 'div' does not exist on type 'JSX.IntrinsicElements'.
components/poi-management/POIDetailsModal.tsx(3073,25): error TS2339: Property 'div' does not exist on type 'JSX.IntrinsicElements'.
components/poi-management/POIDetailsModal.tsx(3082,33): error TS2339: Property 'div' does not exist on type 'JSX.IntrinsicElements'.
components/poi-management/POIDetailsModal.tsx(3084,33): error TS2339: Property 'div' does not exist on type 'JSX.IntrinsicElements'.
components/poi-management/POIDetailsModal.tsx(3133,25): error TS2339: Property 'div' does not exist on type 'JSX.IntrinsicElements'.
components/poi-management/POIDetailsModal.tsx(3136,27): error TS2339: Property 'div' does not exist on type 'JSX.IntrinsicElements'.
components/poi-management/POIDetailsModal.tsx(3137,29): error TS2339: Property 'div' does not exist on type 'JSX.IntrinsicElements'.
components/poi-management/POIDetailsModal.tsx(3138,31): error TS2339: Property 'div' does not exist on type 'JSX.IntrinsicElements'.
components/poi-management/POIDetailsModal.tsx(3141,31): error TS2339: Property 'div' does not exist on type 'JSX.IntrinsicElements'.
components/poi-management/POIDetailsModal.tsx(3142,31): error TS2339: Property 'button' does not exist on type 'JSX.IntrinsicElements'.
components/poi-management/POIDetailsModal.tsx(3150,31): error TS2339: Property 'button' does not exist on type 'JSX.IntrinsicElements'.
components/poi-management/POIDetailsModal.tsx(3151,29): error TS2339: Property 'div' does not exist on type 'JSX.IntrinsicElements'.
components/poi-management/POIDetailsModal.tsx(3152,27): error TS2339: Property 'div' does not exist on type 'JSX.IntrinsicElements'.
components/poi-management/POIDetailsModal.tsx(3154,23): error TS2339: Property 'div' does not exist on type 'JSX.IntrinsicElements'.
components/poi-management/POIDetailsModal.tsx(3157,23): error TS2339: Property 'div' does not exist on type 'JSX.IntrinsicElements'.
components/poi-management/POIDetailsModal.tsx(3163,29): error TS2339: Property 'div' does not exist on type 'JSX.IntrinsicElements'.
components/poi-management/POIDetailsModal.tsx(3164,31): error TS2339: Property 'label' does not exist on type 'JSX.IntrinsicElements'.
components/poi-management/POIDetailsModal.tsx(3166,31): error TS2339: Property 'label' does not exist on type 'JSX.IntrinsicElements'.
components/poi-management/POIDetailsModal.tsx(3167,31): error TS2339: Property 'div' does not exist on type 'JSX.IntrinsicElements'.
components/poi-management/POIDetailsModal.tsx(3169,35): error TS2339: Property 'img' does not exist on type 'JSX.IntrinsicElements'.
components/poi-management/POIDetailsModal.tsx(3176,31): error TS2339: Property 'div' does not exist on type 'JSX.IntrinsicElements'.
components/poi-management/POIDetailsModal.tsx(3177,29): error TS2339: Property 'div' does not exist on type 'JSX.IntrinsicElements'.
components/poi-management/POIDetailsModal.tsx(3180,23): error TS2339: Property 'div' does not exist on type 'JSX.IntrinsicElements'.
components/poi-management/POIDetailsModal.tsx(3181,21): error TS2339: Property 'div' does not exist on type 'JSX.IntrinsicElements'.
components/poi-management/POIDetailsModal.tsx(3187,25): error TS2339: Property 'div' does not exist on type 'JSX.IntrinsicElements'.
components/poi-management/POIDetailsModal.tsx(3190,29): error TS2339: Property 'div' does not exist on type 'JSX.IntrinsicElements'.
components/poi-management/POIDetailsModal.tsx(3191,31): error TS2339: Property 'h3' does not exist on type 'JSX.IntrinsicElements'.
components/poi-management/POIDetailsModal.tsx(3194,31): error TS2339: Property 'h3' does not exist on type 'JSX.IntrinsicElements'.
components/poi-management/POIDetailsModal.tsx(3196,31): error TS2339: Property 'div' does not exist on type 'JSX.IntrinsicElements'.
components/poi-management/POIDetailsModal.tsx(3198,35): error TS2339: Property 'div' does not exist on type 'JSX.IntrinsicElements'.
components/poi-management/POIDetailsModal.tsx(3199,37): error TS2339: Property 'div' does not exist on type 'JSX.IntrinsicElements'.
components/poi-management/POIDetailsModal.tsx(3199,142): error TS2339: Property 'div' does not exist on type 'JSX.IntrinsicElements'.
components/poi-management/POIDetailsModal.tsx(3200,37): error TS2339: Property 'div' does not exist on type 'JSX.IntrinsicElements'.
components/poi-management/POIDetailsModal.tsx(3200,154): error TS2339: Property 'div' does not exist on type 'JSX.IntrinsicElements'.
components/poi-management/POIDetailsModal.tsx(3202,39): error TS2339: Property 'div' does not exist on type 'JSX.IntrinsicElements'.
components/poi-management/POIDetailsModal.tsx(3202,164): error TS2339: Property 'div' does not exist on type 'JSX.IntrinsicElements'.
components/poi-management/POIDetailsModal.tsx(3204,35): error TS2339: Property 'div' does not exist on type 'JSX.IntrinsicElements'.
components/poi-management/POIDetailsModal.tsx(3208,35): error TS2339: Property 'div' does not exist on type 'JSX.IntrinsicElements'.
components/poi-management/POIDetailsModal.tsx(3209,37): error TS2339: Property 'div' does not exist on type 'JSX.IntrinsicElements'.
components/poi-management/POIDetailsModal.tsx(3209,140): error TS2339: Property 'div' does not exist on type 'JSX.IntrinsicElements'.
components/poi-management/POIDetailsModal.tsx(3210,37): error TS2339: Property 'div' does not exist on type 'JSX.IntrinsicElements'.
components/poi-management/POIDetailsModal.tsx(3212,41): error TS2339: Property 'span' does not exist on type 'JSX.IntrinsicElements'.
components/poi-management/POIDetailsModal.tsx(3217,41): error TS2339: Property 'span' does not exist on type 'JSX.IntrinsicElements'.
components/poi-management/POIDetailsModal.tsx(3219,37): error TS2339: Property 'div' does not exist on type 'JSX.IntrinsicElements'.
components/poi-management/POIDetailsModal.tsx(3220,35): error TS2339: Property 'div' does not exist on type 'JSX.IntrinsicElements'.
components/poi-management/POIDetailsModal.tsx(3222,31): error TS2339: Property 'div' does not exist on type 'JSX.IntrinsicElements'.
components/poi-management/POIDetailsModal.tsx(3223,29): error TS2339: Property 'div' does not exist on type 'JSX.IntrinsicElements'.
components/poi-management/POIDetailsModal.tsx(3227,27): error TS2339: Property 'div' does not exist on type 'JSX.IntrinsicElements'.
components/poi-management/POIDetailsModal.tsx(3228,29): error TS2339: Property 'h3' does not exist on type 'JSX.IntrinsicElements'.
components/poi-management/POIDetailsModal.tsx(3231,29): error TS2339: Property 'h3' does not exist on type 'JSX.IntrinsicElements'.
components/poi-management/POIDetailsModal.tsx(3233,29): error TS2339: Property 'div' does not exist on type 'JSX.IntrinsicElements'.
components/poi-management/POIDetailsModal.tsx(3234,31): error TS2339: Property 'div' does not exist on type 'JSX.IntrinsicElements'.
components/poi-management/POIDetailsModal.tsx(3235,33): error TS2339: Property 'div' does not exist on type 'JSX.IntrinsicElements'.
components/poi-management/POIDetailsModal.tsx(3237,35): error TS2339: Property 'div' does not exist on type 'JSX.IntrinsicElements'.
components/poi-management/POIDetailsModal.tsx(3238,37): error TS2339: Property 'div' does not exist on type 'JSX.IntrinsicElements'.
components/poi-management/POIDetailsModal.tsx(3238,128): error TS2339: Property 'div' does not exist on type 'JSX.IntrinsicElements'.
components/poi-management/POIDetailsModal.tsx(3239,37): error TS2339: Property 'div' does not exist on type 'JSX.IntrinsicElements'.
components/poi-management/POIDetailsModal.tsx(3239,166): error TS2339: Property 'div' does not exist on type 'JSX.IntrinsicElements'.
components/poi-management/POIDetailsModal.tsx(3240,35): error TS2339: Property 'div' does not exist on type 'JSX.IntrinsicElements'.
components/poi-management/POIDetailsModal.tsx(3241,33): error TS2339: Property 'div' does not exist on type 'JSX.IntrinsicElements'.
components/poi-management/POIDetailsModal.tsx(3242,31): error TS2339: Property 'div' does not exist on type 'JSX.IntrinsicElements'.
components/poi-management/POIDetailsModal.tsx(3244,31): error TS2339: Property 'div' does not exist on type 'JSX.IntrinsicElements'.
components/poi-management/POIDetailsModal.tsx(3245,33): error TS2339: Property 'div' does not exist on type 'JSX.IntrinsicElements'.
components/poi-management/POIDetailsModal.tsx(3247,35): error TS2339: Property 'div' does not exist on type 'JSX.IntrinsicElements'.
components/poi-management/POIDetailsModal.tsx(3248,37): error TS2339: Property 'div' does not exist on type 'JSX.IntrinsicElements'.
components/poi-management/POIDetailsModal.tsx(3248,128): error TS2339: Property 'div' does not exist on type 'JSX.IntrinsicElements'.
components/poi-management/POIDetailsModal.tsx(3249,37): error TS2339: Property 'div' does not exist on type 'JSX.IntrinsicElements'.
components/poi-management/POIDetailsModal.tsx(3249,166): error TS2339: Property 'div' does not exist on type 'JSX.IntrinsicElements'.
components/poi-management/POIDetailsModal.tsx(3250,35): error TS2339: Property 'div' does not exist on type 'JSX.IntrinsicElements'.
components/poi-management/POIDetailsModal.tsx(3251,33): error TS2339: Property 'div' does not exist on type 'JSX.IntrinsicElements'.
components/poi-management/POIDetailsModal.tsx(3252,31): error TS2339: Property 'div' does not exist on type 'JSX.IntrinsicElements'.
components/poi-management/POIDetailsModal.tsx(3259,35): error TS2339: Property 'div' does not exist on type 'JSX.IntrinsicElements'.
components/poi-management/POIDetailsModal.tsx(3260,37): error TS2339: Property 'div' does not exist on type 'JSX.IntrinsicElements'.
components/poi-management/POIDetailsModal.tsx(3262,39): error TS2339: Property 'div' does not exist on type 'JSX.IntrinsicElements'.
components/poi-management/POIDetailsModal.tsx(3263,41): error TS2339: Property 'div' does not exist on type 'JSX.IntrinsicElements'.
components/poi-management/POIDetailsModal.tsx(3263,136): error TS2339: Property 'div' does not exist on type 'JSX.IntrinsicElements'.
components/poi-management/POIDetailsModal.tsx(3264,41): error TS2339: Property 'div' does not exist on type 'JSX.IntrinsicElements'.
components/poi-management/POIDetailsModal.tsx(3264,120): error TS2339: Property 'div' does not exist on type 'JSX.IntrinsicElements'.
components/poi-management/POIDetailsModal.tsx(3266,43): error TS2339: Property 'div' does not exist on type 'JSX.IntrinsicElements'.
components/poi-management/POIDetailsModal.tsx(3266,141): error TS2339: Property 'div' does not exist on type 'JSX.IntrinsicElements'.
components/poi-management/POIDetailsModal.tsx(3268,39): error TS2339: Property 'div' does not exist on type 'JSX.IntrinsicElements'.
components/poi-management/POIDetailsModal.tsx(3269,37): error TS2339: Property 'div' does not exist on type 'JSX.IntrinsicElements'.
components/poi-management/POIDetailsModal.tsx(3270,35): error TS2339: Property 'div' does not exist on type 'JSX.IntrinsicElements'.
components/poi-management/POIDetailsModal.tsx(3275,33): error TS2339: Property 'div' does not exist on type 'JSX.IntrinsicElements'.
components/poi-management/POIDetailsModal.tsx(3276,35): error TS2339: Property 'div' does not exist on type 'JSX.IntrinsicElements'.
components/poi-management/POIDetailsModal.tsx(3278,37): error TS2339: Property 'div' does not exist on type 'JSX.IntrinsicElements'.
components/poi-management/POIDetailsModal.tsx(3279,39): error TS2339: Property 'div' does not exist on type 'JSX.IntrinsicElements'.
components/poi-management/POIDetailsModal.tsx(3279,138): error TS2339: Property 'div' does not exist on type 'JSX.IntrinsicElements'.
components/poi-management/POIDetailsModal.tsx(3280,39): error TS2339: Property 'div' does not exist on type 'JSX.IntrinsicElements'.
components/poi-management/POIDetailsModal.tsx(3280,144): error TS2339: Property 'div' does not exist on type 'JSX.IntrinsicElements'.
components/poi-management/POIDetailsModal.tsx(3281,37): error TS2339: Property 'div' does not exist on type 'JSX.IntrinsicElements'.
components/poi-management/POIDetailsModal.tsx(3282,35): error TS2339: Property 'div' does not exist on type 'JSX.IntrinsicElements'.
components/poi-management/POIDetailsModal.tsx(3283,33): error TS2339: Property 'div' does not exist on type 'JSX.IntrinsicElements'.
components/poi-management/POIDetailsModal.tsx(3285,29): error TS2339: Property 'div' does not exist on type 'JSX.IntrinsicElements'.
components/poi-management/POIDetailsModal.tsx(3286,27): error TS2339: Property 'div' does not exist on type 'JSX.IntrinsicElements'.
components/poi-management/POIDetailsModal.tsx(3287,25): error TS2339: Property 'div' does not exist on type 'JSX.IntrinsicElements'.
components/poi-management/POIDetailsModal.tsx(3292,29): error TS2339: Property 'div' does not exist on type 'JSX.IntrinsicElements'.
components/poi-management/POIDetailsModal.tsx(3295,33): error TS2339: Property 'div' does not exist on type 'JSX.IntrinsicElements'.
components/poi-management/POIDetailsModal.tsx(3296,35): error TS2339: Property 'h3' does not exist on type 'JSX.IntrinsicElements'.
components/poi-management/POIDetailsModal.tsx(3299,35): error TS2339: Property 'h3' does not exist on type 'JSX.IntrinsicElements'.
components/poi-management/POIDetailsModal.tsx(3301,35): error TS2339: Property 'div' does not exist on type 'JSX.IntrinsicElements'.
components/poi-management/POIDetailsModal.tsx(3303,39): error TS2339: Property 'div' does not exist on type 'JSX.IntrinsicElements'.
components/poi-management/POIDetailsModal.tsx(3304,41): error TS2339: Property 'div' does not exist on type 'JSX.IntrinsicElements'.
components/poi-management/POIDetailsModal.tsx(3304,130): error TS2339: Property 'div' does not exist on type 'JSX.IntrinsicElements'.
components/poi-management/POIDetailsModal.tsx(3305,41): error TS2339: Property 'div' does not exist on type 'JSX.IntrinsicElements'.
components/poi-management/POIDetailsModal.tsx(3305,129): error TS2339: Property 'div' does not exist on type 'JSX.IntrinsicElements'.
components/poi-management/POIDetailsModal.tsx(3306,39): error TS2339: Property 'div' does not exist on type 'JSX.IntrinsicElements'.
components/poi-management/POIDetailsModal.tsx(3310,39): error TS2339: Property 'div' does not exist on type 'JSX.IntrinsicElements'.
components/poi-management/POIDetailsModal.tsx(3311,41): error TS2339: Property 'div' does not exist on type 'JSX.IntrinsicElements'.
components/poi-management/POIDetailsModal.tsx(3311,124): error TS2339: Property 'div' does not exist on type 'JSX.IntrinsicElements'.
components/poi-management/POIDetailsModal.tsx(3312,41): error TS2339: Property 'div' does not exist on type 'JSX.IntrinsicElements'.
components/poi-management/POIDetailsModal.tsx(3315,41): error TS2339: Property 'div' does not exist on type 'JSX.IntrinsicElements'.
components/poi-management/POIDetailsModal.tsx(3316,39): error TS2339: Property 'div' does not exist on type 'JSX.IntrinsicElements'.
components/poi-management/POIDetailsModal.tsx(3320,39): error TS2339: Property 'div' does not exist on type 'JSX.IntrinsicElements'.
components/poi-management/POIDetailsModal.tsx(3321,41): error TS2339: Property 'div' does not exist on type 'JSX.IntrinsicElements'.
components/poi-management/POIDetailsModal.tsx(3321,129): error TS2339: Property 'div' does not exist on type 'JSX.IntrinsicElements'.
components/poi-management/POIDetailsModal.tsx(3322,41): error TS2339: Property 'div' does not exist on type 'JSX.IntrinsicElements'.
components/poi-management/POIDetailsModal.tsx(3322,128): error TS2339: Property 'div' does not exist on type 'JSX.IntrinsicElements'.
components/poi-management/POIDetailsModal.tsx(3323,39): error TS2339: Property 'div' does not exist on type 'JSX.IntrinsicElements'.
components/poi-management/POIDetailsModal.tsx(3327,39): error TS2339: Property 'div' does not exist on type 'JSX.IntrinsicElements'.
components/poi-management/POIDetailsModal.tsx(3328,41): error TS2339: Property 'div' does not exist on type 'JSX.IntrinsicElements'.
components/poi-management/POIDetailsModal.tsx(3328,129): error TS2339: Property 'div' does not exist on type 'JSX.IntrinsicElements'.
components/poi-management/POIDetailsModal.tsx(3329,41): error TS2339: Property 'div' does not exist on type 'JSX.IntrinsicElements'.
components/poi-management/POIDetailsModal.tsx(3329,128): error TS2339: Property 'div' does not exist on type 'JSX.IntrinsicElements'.
components/poi-management/POIDetailsModal.tsx(3330,39): error TS2339: Property 'div' does not exist on type 'JSX.IntrinsicElements'.
components/poi-management/POIDetailsModal.tsx(3332,35): error TS2339: Property 'div' does not exist on type 'JSX.IntrinsicElements'.
components/poi-management/POIDetailsModal.tsx(3333,33): error TS2339: Property 'div' does not exist on type 'JSX.IntrinsicElements'.
components/poi-management/POIDetailsModal.tsx(3338,33): error TS2339: Property 'div' does not exist on type 'JSX.IntrinsicElements'.
components/poi-management/POIDetailsModal.tsx(3339,35): error TS2339: Property 'h3' does not exist on type 'JSX.IntrinsicElements'.
components/poi-management/POIDetailsModal.tsx(3342,35): error TS2339: Property 'h3' does not exist on type 'JSX.IntrinsicElements'.
components/poi-management/POIDetailsModal.tsx(3344,35): error TS2339: Property 'div' does not exist on type 'JSX.IntrinsicElements'.
components/poi-management/POIDetailsModal.tsx(3346,39): error TS2339: Property 'div' does not exist on type 'JSX.IntrinsicElements'.
components/poi-management/POIDetailsModal.tsx(3347,41): error TS2339: Property 'div' does not exist on type 'JSX.IntrinsicElements'.
components/poi-management/POIDetailsModal.tsx(3349,43): error TS2339: Property 'div' does not exist on type 'JSX.IntrinsicElements'.
components/poi-management/POIDetailsModal.tsx(3350,45): error TS2339: Property 'div' does not exist on type 'JSX.IntrinsicElements'.
components/poi-management/POIDetailsModal.tsx(3350,139): error TS2339: Property 'div' does not exist on type 'JSX.IntrinsicElements'.
components/poi-management/POIDetailsModal.tsx(3351,45): error TS2339: Property 'a' does not exist on type 'JSX.IntrinsicElements'.
components/poi-management/POIDetailsModal.tsx(3356,45): error TS2339: Property 'a' does not exist on type 'JSX.IntrinsicElements'.
components/poi-management/POIDetailsModal.tsx(3357,43): error TS2339: Property 'div' does not exist on type 'JSX.IntrinsicElements'.
components/poi-management/POIDetailsModal.tsx(3358,41): error TS2339: Property 'div' does not exist on type 'JSX.IntrinsicElements'.
components/poi-management/POIDetailsModal.tsx(3359,39): error TS2339: Property 'div' does not exist on type 'JSX.IntrinsicElements'.
components/poi-management/POIDetailsModal.tsx(3363,39): error TS2339: Property 'div' does not exist on type 'JSX.IntrinsicElements'.
components/poi-management/POIDetailsModal.tsx(3364,41): error TS2339: Property 'div' does not exist on type 'JSX.IntrinsicElements'.
components/poi-management/POIDetailsModal.tsx(3366,43): error TS2339: Property 'div' does not exist on type 'JSX.IntrinsicElements'.
components/poi-management/POIDetailsModal.tsx(3367,45): error TS2339: Property 'div' does not exist on type 'JSX.IntrinsicElements'.
components/poi-management/POIDetailsModal.tsx(3367,142): error TS2339: Property 'div' does not exist on type 'JSX.IntrinsicElements'.
components/poi-management/POIDetailsModal.tsx(3368,45): error TS2339: Property 'div' does not exist on type 'JSX.IntrinsicElements'.
components/poi-management/POIDetailsModal.tsx(3368,134): error TS2339: Property 'div' does not exist on type 'JSX.IntrinsicElements'.
components/poi-management/POIDetailsModal.tsx(3369,43): error TS2339: Property 'div' does not exist on type 'JSX.IntrinsicElements'.
components/poi-management/POIDetailsModal.tsx(3370,41): error TS2339: Property 'div' does not exist on type 'JSX.IntrinsicElements'.
components/poi-management/POIDetailsModal.tsx(3371,39): error TS2339: Property 'div' does not exist on type 'JSX.IntrinsicElements'.
components/poi-management/POIDetailsModal.tsx(3373,35): error TS2339: Property 'div' does not exist on type 'JSX.IntrinsicElements'.
components/poi-management/POIDetailsModal.tsx(3374,33): error TS2339: Property 'div' does not exist on type 'JSX.IntrinsicElements'.
components/poi-management/POIDetailsModal.tsx(3376,29): error TS2339: Property 'div' does not exist on type 'JSX.IntrinsicElements'.
components/poi-management/POIDetailsModal.tsx(3382,29): error TS2339: Property 'div' does not exist on type 'JSX.IntrinsicElements'.
components/poi-management/POIDetailsModal.tsx(3385,33): error TS2339: Property 'div' does not exist on type 'JSX.IntrinsicElements'.
components/poi-management/POIDetailsModal.tsx(3386,35): error TS2339: Property 'h3' does not exist on type 'JSX.IntrinsicElements'.
components/poi-management/POIDetailsModal.tsx(3389,35): error TS2339: Property 'h3' does not exist on type 'JSX.IntrinsicElements'.
components/poi-management/POIDetailsModal.tsx(3391,35): error TS2339: Property 'div' does not exist on type 'JSX.IntrinsicElements'.
components/poi-management/POIDetailsModal.tsx(3392,37): error TS2339: Property 'div' does not exist on type 'JSX.IntrinsicElements'.
components/poi-management/POIDetailsModal.tsx(3393,39): error TS2339: Property 'div' does not exist on type 'JSX.IntrinsicElements'.
components/poi-management/POIDetailsModal.tsx(3393,121): error TS2339: Property 'div' does not exist on type 'JSX.IntrinsicElements'.
components/poi-management/POIDetailsModal.tsx(3394,39): error TS2339: Property 'div' does not exist on type 'JSX.IntrinsicElements'.
components/poi-management/POIDetailsModal.tsx(3394,134): error TS2339: Property 'div' does not exist on type 'JSX.IntrinsicElements'.
components/poi-management/POIDetailsModal.tsx(3395,37): error TS2339: Property 'div' does not exist on type 'JSX.IntrinsicElements'.
components/poi-management/POIDetailsModal.tsx(3398,39): error TS2339: Property 'div' does not exist on type 'JSX.IntrinsicElements'.
components/poi-management/POIDetailsModal.tsx(3399,41): error TS2339: Property 'div' does not exist on type 'JSX.IntrinsicElements'.
components/poi-management/POIDetailsModal.tsx(3399,129): error TS2339: Property 'div' does not exist on type 'JSX.IntrinsicElements'.
components/poi-management/POIDetailsModal.tsx(3400,41): error TS2339: Property 'div' does not exist on type 'JSX.IntrinsicElements'.
components/poi-management/POIDetailsModal.tsx(3400,141): error TS2339: Property 'div' does not exist on type 'JSX.IntrinsicElements'.
components/poi-management/POIDetailsModal.tsx(3401,39): error TS2339: Property 'div' does not exist on type 'JSX.IntrinsicElements'.
components/poi-management/POIDetailsModal.tsx(3405,39): error TS2339: Property 'div' does not exist on type 'JSX.IntrinsicElements'.
components/poi-management/POIDetailsModal.tsx(3406,41): error TS2339: Property 'div' does not exist on type 'JSX.IntrinsicElements'.
components/poi-management/POIDetailsModal.tsx(3406,127): error TS2339: Property 'div' does not exist on type 'JSX.IntrinsicElements'.
components/poi-management/POIDetailsModal.tsx(3407,41): error TS2339: Property 'div' does not exist on type 'JSX.IntrinsicElements'.
components/poi-management/POIDetailsModal.tsx(3407,132): error TS2339: Property 'div' does not exist on type 'JSX.IntrinsicElements'.
components/poi-management/POIDetailsModal.tsx(3408,39): error TS2339: Property 'div' does not exist on type 'JSX.IntrinsicElements'.
components/poi-management/POIDetailsModal.tsx(3410,35): error TS2339: Property 'div' does not exist on type 'JSX.IntrinsicElements'.
components/poi-management/POIDetailsModal.tsx(3411,33): error TS2339: Property 'div' does not exist on type 'JSX.IntrinsicElements'.
components/poi-management/POIDetailsModal.tsx(3416,33): error TS2339: Property 'div' does not exist on type 'JSX.IntrinsicElements'.
components/poi-management/POIDetailsModal.tsx(3417,35): error TS2339: Property 'h3' does not exist on type 'JSX.IntrinsicElements'.
components/poi-management/POIDetailsModal.tsx(3420,35): error TS2339: Property 'h3' does not exist on type 'JSX.IntrinsicElements'.
components/poi-management/POIDetailsModal.tsx(3422,35): error TS2339: Property 'div' does not exist on type 'JSX.IntrinsicElements'.
components/poi-management/POIDetailsModal.tsx(3424,39): error TS2339: Property 'div' does not exist on type 'JSX.IntrinsicElements'.
components/poi-management/POIDetailsModal.tsx(3425,41): error TS2339: Property 'div' does not exist on type 'JSX.IntrinsicElements'.
components/poi-management/POIDetailsModal.tsx(3425,135): error TS2339: Property 'div' does not exist on type 'JSX.IntrinsicElements'.
components/poi-management/POIDetailsModal.tsx(3426,41): error TS2339: Property 'div' does not exist on type 'JSX.IntrinsicElements'.
components/poi-management/POIDetailsModal.tsx(3428,41): error TS2339: Property 'div' does not exist on type 'JSX.IntrinsicElements'.
components/poi-management/POIDetailsModal.tsx(3429,39): error TS2339: Property 'div' does not exist on type 'JSX.IntrinsicElements'.
components/poi-management/POIDetailsModal.tsx(3433,39): error TS2339: Property 'div' does not exist on type 'JSX.IntrinsicElements'.
components/poi-management/POIDetailsModal.tsx(3434,41): error TS2339: Property 'div' does not exist on type 'JSX.IntrinsicElements'.
components/poi-management/POIDetailsModal.tsx(3434,136): error TS2339: Property 'div' does not exist on type 'JSX.IntrinsicElements'.
components/poi-management/POIDetailsModal.tsx(3435,41): error TS2339: Property 'div' does not exist on type 'JSX.IntrinsicElements'.
components/poi-management/POIDetailsModal.tsx(3435,146): error TS2339: Property 'div' does not exist on type 'JSX.IntrinsicElements'.
components/poi-management/POIDetailsModal.tsx(3436,39): error TS2339: Property 'div' does not exist on type 'JSX.IntrinsicElements'.
components/poi-management/POIDetailsModal.tsx(3440,39): error TS2339: Property 'div' does not exist on type 'JSX.IntrinsicElements'.
components/poi-management/POIDetailsModal.tsx(3441,41): error TS2339: Property 'div' does not exist on type 'JSX.IntrinsicElements'.
components/poi-management/POIDetailsModal.tsx(3441,137): error TS2339: Property 'div' does not exist on type 'JSX.IntrinsicElements'.
components/poi-management/POIDetailsModal.tsx(3442,41): error TS2339: Property 'div' does not exist on type 'JSX.IntrinsicElements'.
components/poi-management/POIDetailsModal.tsx(3442,136): error TS2339: Property 'div' does not exist on type 'JSX.IntrinsicElements'.
components/poi-management/POIDetailsModal.tsx(3443,39): error TS2339: Property 'div' does not exist on type 'JSX.IntrinsicElements'.
components/poi-management/POIDetailsModal.tsx(3445,35): error TS2339: Property 'div' does not exist on type 'JSX.IntrinsicElements'.
components/poi-management/POIDetailsModal.tsx(3446,33): error TS2339: Property 'div' does not exist on type 'JSX.IntrinsicElements'.
components/poi-management/POIDetailsModal.tsx(3448,29): error TS2339: Property 'div' does not exist on type 'JSX.IntrinsicElements'.
components/poi-management/POIDetailsModal.tsx(3453,27): error TS2339: Property 'div' does not exist on type 'JSX.IntrinsicElements'.
components/poi-management/POIDetailsModal.tsx(3454,29): error TS2339: Property 'h3' does not exist on type 'JSX.IntrinsicElements'.
components/poi-management/POIDetailsModal.tsx(3457,29): error TS2339: Property 'h3' does not exist on type 'JSX.IntrinsicElements'.
components/poi-management/POIDetailsModal.tsx(3459,29): error TS2339: Property 'div' does not exist on type 'JSX.IntrinsicElements'.
components/poi-management/POIDetailsModal.tsx(3461,33): error TS2339: Property 'div' does not exist on type 'JSX.IntrinsicElements'.
components/poi-management/POIDetailsModal.tsx(3462,35): error TS2339: Property 'div' does not exist on type 'JSX.IntrinsicElements'.
components/poi-management/POIDetailsModal.tsx(3462,118): error TS2339: Property 'div' does not exist on type 'JSX.IntrinsicElements'.
components/poi-management/POIDetailsModal.tsx(3463,35): error TS2339: Property 'div' does not exist on type 'JSX.IntrinsicElements'.
components/poi-management/POIDetailsModal.tsx(3465,35): error TS2339: Property 'div' does not exist on type 'JSX.IntrinsicElements'.
components/poi-management/POIDetailsModal.tsx(3466,33): error TS2339: Property 'div' does not exist on type 'JSX.IntrinsicElements'.
components/poi-management/POIDetailsModal.tsx(3470,33): error TS2339: Property 'div' does not exist on type 'JSX.IntrinsicElements'.
components/poi-management/POIDetailsModal.tsx(3471,35): error TS2339: Property 'div' does not exist on type 'JSX.IntrinsicElements'.
components/poi-management/POIDetailsModal.tsx(3471,129): error TS2339: Property 'div' does not exist on type 'JSX.IntrinsicElements'.
components/poi-management/POIDetailsModal.tsx(3472,35): error TS2339: Property 'div' does not exist on type 'JSX.IntrinsicElements'.
components/poi-management/POIDetailsModal.tsx(3472,139): error TS2339: Property 'div' does not exist on type 'JSX.IntrinsicElements'.
components/poi-management/POIDetailsModal.tsx(3473,33): error TS2339: Property 'div' does not exist on type 'JSX.IntrinsicElements'.
components/poi-management/POIDetailsModal.tsx(3477,33): error TS2339: Property 'div' does not exist on type 'JSX.IntrinsicElements'.
components/poi-management/POIDetailsModal.tsx(3478,35): error TS2339: Property 'div' does not exist on type 'JSX.IntrinsicElements'.
components/poi-management/POIDetailsModal.tsx(3478,127): error TS2339: Property 'div' does not exist on type 'JSX.IntrinsicElements'.
components/poi-management/POIDetailsModal.tsx(3479,35): error TS2339: Property 'div' does not exist on type 'JSX.IntrinsicElements'.
components/poi-management/POIDetailsModal.tsx(3479,137): error TS2339: Property 'div' does not exist on type 'JSX.IntrinsicElements'.
components/poi-management/POIDetailsModal.tsx(3480,33): error TS2339: Property 'div' does not exist on type 'JSX.IntrinsicElements'.
components/poi-management/POIDetailsModal.tsx(3484,33): error TS2339: Property 'div' does not exist on type 'JSX.IntrinsicElements'.
components/poi-management/POIDetailsModal.tsx(3485,35): error TS2339: Property 'div' does not exist on type 'JSX.IntrinsicElements'.
components/poi-management/POIDetailsModal.tsx(3485,131): error TS2339: Property 'div' does not exist on type 'JSX.IntrinsicElements'.
components/poi-management/POIDetailsModal.tsx(3486,35): error TS2339: Property 'div' does not exist on type 'JSX.IntrinsicElements'.
components/poi-management/POIDetailsModal.tsx(3486,141): error TS2339: Property 'div' does not exist on type 'JSX.IntrinsicElements'.
components/poi-management/POIDetailsModal.tsx(3487,33): error TS2339: Property 'div' does not exist on type 'JSX.IntrinsicElements'.
components/poi-management/POIDetailsModal.tsx(3489,29): error TS2339: Property 'div' does not exist on type 'JSX.IntrinsicElements'.
components/poi-management/POIDetailsModal.tsx(3490,27): error TS2339: Property 'div' does not exist on type 'JSX.IntrinsicElements'.
components/poi-management/POIDetailsModal.tsx(3495,27): error TS2339: Property 'div' does not exist on type 'JSX.IntrinsicElements'.
components/poi-management/POIDetailsModal.tsx(3496,29): error TS2339: Property 'h3' does not exist on type 'JSX.IntrinsicElements'.
components/poi-management/POIDetailsModal.tsx(3499,29): error TS2339: Property 'h3' does not exist on type 'JSX.IntrinsicElements'.
components/poi-management/POIDetailsModal.tsx(3501,29): error TS2339: Property 'div' does not exist on type 'JSX.IntrinsicElements'.
components/poi-management/POIDetailsModal.tsx(3503,33): error TS2339: Property 'div' does not exist on type 'JSX.IntrinsicElements'.
components/poi-management/POIDetailsModal.tsx(3504,35): error TS2339: Property 'div' does not exist on type 'JSX.IntrinsicElements'.
components/poi-management/POIDetailsModal.tsx(3504,127): error TS2339: Property 'div' does not exist on type 'JSX.IntrinsicElements'.
components/poi-management/POIDetailsModal.tsx(3505,35): error TS2339: Property 'div' does not exist on type 'JSX.IntrinsicElements'.
components/poi-management/POIDetailsModal.tsx(3505,137): error TS2339: Property 'div' does not exist on type 'JSX.IntrinsicElements'.
components/poi-management/POIDetailsModal.tsx(3506,33): error TS2339: Property 'div' does not exist on type 'JSX.IntrinsicElements'.
components/poi-management/POIDetailsModal.tsx(3510,33): error TS2339: Property 'div' does not exist on type 'JSX.IntrinsicElements'.
components/poi-management/POIDetailsModal.tsx(3511,35): error TS2339: Property 'div' does not exist on type 'JSX.IntrinsicElements'.
components/poi-management/POIDetailsModal.tsx(3511,125): error TS2339: Property 'div' does not exist on type 'JSX.IntrinsicElements'.
components/poi-management/POIDetailsModal.tsx(3512,35): error TS2339: Property 'div' does not exist on type 'JSX.IntrinsicElements'.
components/poi-management/POIDetailsModal.tsx(3512,149): error TS2339: Property 'div' does not exist on type 'JSX.IntrinsicElements'.
components/poi-management/POIDetailsModal.tsx(3514,37): error TS2339: Property 'div' does not exist on type 'JSX.IntrinsicElements'.
components/poi-management/POIDetailsModal.tsx(3516,37): error TS2339: Property 'div' does not exist on type 'JSX.IntrinsicElements'.
components/poi-management/POIDetailsModal.tsx(3518,33): error TS2339: Property 'div' does not exist on type 'JSX.IntrinsicElements'.
components/poi-management/POIDetailsModal.tsx(3522,33): error TS2339: Property 'div' does not exist on type 'JSX.IntrinsicElements'.
components/poi-management/POIDetailsModal.tsx(3523,35): error TS2339: Property 'div' does not exist on type 'JSX.IntrinsicElements'.
components/poi-management/POIDetailsModal.tsx(3523,125): error TS2339: Property 'div' does not exist on type 'JSX.IntrinsicElements'.
components/poi-management/POIDetailsModal.tsx(3524,35): error TS2339: Property 'div' does not exist on type 'JSX.IntrinsicElements'.
components/poi-management/POIDetailsModal.tsx(3524,135): error TS2339: Property 'div' does not exist on type 'JSX.IntrinsicElements'.
components/poi-management/POIDetailsModal.tsx(3526,37): error TS2339: Property 'div' does not exist on type 'JSX.IntrinsicElements'.
components/poi-management/POIDetailsModal.tsx(3528,37): error TS2339: Property 'div' does not exist on type 'JSX.IntrinsicElements'.
components/poi-management/POIDetailsModal.tsx(3530,33): error TS2339: Property 'div' does not exist on type 'JSX.IntrinsicElements'.
components/poi-management/POIDetailsModal.tsx(3534,33): error TS2339: Property 'div' does not exist on type 'JSX.IntrinsicElements'.
components/poi-management/POIDetailsModal.tsx(3535,35): error TS2339: Property 'div' does not exist on type 'JSX.IntrinsicElements'.
components/poi-management/POIDetailsModal.tsx(3535,121): error TS2339: Property 'div' does not exist on type 'JSX.IntrinsicElements'.
components/poi-management/POIDetailsModal.tsx(3536,35): error TS2339: Property 'div' does not exist on type 'JSX.IntrinsicElements'.
components/poi-management/POIDetailsModal.tsx(3536,120): error TS2339: Property 'div' does not exist on type 'JSX.IntrinsicElements'.
components/poi-management/POIDetailsModal.tsx(3537,33): error TS2339: Property 'div' does not exist on type 'JSX.IntrinsicElements'.
components/poi-management/POIDetailsModal.tsx(3541,33): error TS2339: Property 'div' does not exist on type 'JSX.IntrinsicElements'.
components/poi-management/POIDetailsModal.tsx(3542,35): error TS2339: Property 'div' does not exist on type 'JSX.IntrinsicElements'.
components/poi-management/POIDetailsModal.tsx(3542,122): error TS2339: Property 'div' does not exist on type 'JSX.IntrinsicElements'.
components/poi-management/POIDetailsModal.tsx(3543,35): error TS2339: Property 'div' does not exist on type 'JSX.IntrinsicElements'.
components/poi-management/POIDetailsModal.tsx(3543,121): error TS2339: Property 'div' does not exist on type 'JSX.IntrinsicElements'.
components/poi-management/POIDetailsModal.tsx(3544,33): error TS2339: Property 'div' does not exist on type 'JSX.IntrinsicElements'.
components/poi-management/POIDetailsModal.tsx(3548,33): error TS2339: Property 'div' does not exist on type 'JSX.IntrinsicElements'.
components/poi-management/POIDetailsModal.tsx(3549,35): error TS2339: Property 'div' does not exist on type 'JSX.IntrinsicElements'.
components/poi-management/POIDetailsModal.tsx(3549,127): error TS2339: Property 'div' does not exist on type 'JSX.IntrinsicElements'.
components/poi-management/POIDetailsModal.tsx(3550,35): error TS2339: Property 'div' does not exist on type 'JSX.IntrinsicElements'.
components/poi-management/POIDetailsModal.tsx(3550,137): error TS2339: Property 'div' does not exist on type 'JSX.IntrinsicElements'.
components/poi-management/POIDetailsModal.tsx(3551,33): error TS2339: Property 'div' does not exist on type 'JSX.IntrinsicElements'.
components/poi-management/POIDetailsModal.tsx(3553,29): error TS2339: Property 'div' does not exist on type 'JSX.IntrinsicElements'.
components/poi-management/POIDetailsModal.tsx(3554,27): error TS2339: Property 'div' does not exist on type 'JSX.IntrinsicElements'.
components/poi-management/POIDetailsModal.tsx(3560,29): error TS2339: Property 'div' does not exist on type 'JSX.IntrinsicElements'.
components/poi-management/POIDetailsModal.tsx(3563,33): error TS2339: Property 'div' does not exist on type 'JSX.IntrinsicElements'.
components/poi-management/POIDetailsModal.tsx(3564,35): error TS2339: Property 'h3' does not exist on type 'JSX.IntrinsicElements'.
components/poi-management/POIDetailsModal.tsx(3567,35): error TS2339: Property 'h3' does not exist on type 'JSX.IntrinsicElements'.
components/poi-management/POIDetailsModal.tsx(3569,35): error TS2339: Property 'div' does not exist on type 'JSX.IntrinsicElements'.
components/poi-management/POIDetailsModal.tsx(3571,39): error TS2339: Property 'div' does not exist on type 'JSX.IntrinsicElements'.
components/poi-management/POIDetailsModal.tsx(3572,41): error TS2339: Property 'div' does not exist on type 'JSX.IntrinsicElements'.
components/poi-management/POIDetailsModal.tsx(3572,129): error TS2339: Property 'div' does not exist on type 'JSX.IntrinsicElements'.
components/poi-management/POIDetailsModal.tsx(3573,41): error TS2339: Property 'div' does not exist on type 'JSX.IntrinsicElements'.
components/poi-management/POIDetailsModal.tsx(3573,139): error TS2339: Property 'div' does not exist on type 'JSX.IntrinsicElements'.
components/poi-management/POIDetailsModal.tsx(3574,39): error TS2339: Property 'div' does not exist on type 'JSX.IntrinsicElements'.
components/poi-management/POIDetailsModal.tsx(3578,39): error TS2339: Property 'div' does not exist on type 'JSX.IntrinsicElements'.
components/poi-management/POIDetailsModal.tsx(3579,41): error TS2339: Property 'div' does not exist on type 'JSX.IntrinsicElements'.
components/poi-management/POIDetailsModal.tsx(3579,130): error TS2339: Property 'div' does not exist on type 'JSX.IntrinsicElements'.
components/poi-management/POIDetailsModal.tsx(3580,41): error TS2339: Property 'div' does not exist on type 'JSX.IntrinsicElements'.
components/poi-management/POIDetailsModal.tsx(3580,140): error TS2339: Property 'div' does not exist on type 'JSX.IntrinsicElements'.
components/poi-management/POIDetailsModal.tsx(3581,39): error TS2339: Property 'div' does not exist on type 'JSX.IntrinsicElements'.
components/poi-management/POIDetailsModal.tsx(3585,39): error TS2339: Property 'div' does not exist on type 'JSX.IntrinsicElements'.
components/poi-management/POIDetailsModal.tsx(3586,41): error TS2339: Property 'div' does not exist on type 'JSX.IntrinsicElements'.
components/poi-management/POIDetailsModal.tsx(3586,131): error TS2339: Property 'div' does not exist on type 'JSX.IntrinsicElements'.
components/poi-management/POIDetailsModal.tsx(3587,41): error TS2339: Property 'div' does not exist on type 'JSX.IntrinsicElements'.
components/poi-management/POIDetailsModal.tsx(3587,141): error TS2339: Property 'div' does not exist on type 'JSX.IntrinsicElements'.
components/poi-management/POIDetailsModal.tsx(3588,39): error TS2339: Property 'div' does not exist on type 'JSX.IntrinsicElements'.
components/poi-management/POIDetailsModal.tsx(3590,35): error TS2339: Property 'div' does not exist on type 'JSX.IntrinsicElements'.
components/poi-management/POIDetailsModal.tsx(3591,33): error TS2339: Property 'div' does not exist on type 'JSX.IntrinsicElements'.
components/poi-management/POIDetailsModal.tsx(3596,33): error TS2339: Property 'div' does not exist on type 'JSX.IntrinsicElements'.
components/poi-management/POIDetailsModal.tsx(3597,35): error TS2339: Property 'h3' does not exist on type 'JSX.IntrinsicElements'.
components/poi-management/POIDetailsModal.tsx(3600,35): error TS2339: Property 'h3' does not exist on type 'JSX.IntrinsicElements'.
components/poi-management/POIDetailsModal.tsx(3602,35): error TS2339: Property 'div' does not exist on type 'JSX.IntrinsicElements'.
components/poi-management/POIDetailsModal.tsx(3604,39): error TS2339: Property 'div' does not exist on type 'JSX.IntrinsicElements'.
components/poi-management/POIDetailsModal.tsx(3605,41): error TS2339: Property 'div' does not exist on type 'JSX.IntrinsicElements'.
components/poi-management/POIDetailsModal.tsx(3605,134): error TS2339: Property 'div' does not exist on type 'JSX.IntrinsicElements'.
components/poi-management/POIDetailsModal.tsx(3606,41): error TS2339: Property 'div' does not exist on type 'JSX.IntrinsicElements'.
components/poi-management/POIDetailsModal.tsx(3606,133): error TS2339: Property 'div' does not exist on type 'JSX.IntrinsicElements'.
components/poi-management/POIDetailsModal.tsx(3607,39): error TS2339: Property 'div' does not exist on type 'JSX.IntrinsicElements'.
components/poi-management/POIDetailsModal.tsx(3611,39): error TS2339: Property 'div' does not exist on type 'JSX.IntrinsicElements'.
components/poi-management/POIDetailsModal.tsx(3612,41): error TS2339: Property 'div' does not exist on type 'JSX.IntrinsicElements'.
components/poi-management/POIDetailsModal.tsx(3612,130): error TS2339: Property 'div' does not exist on type 'JSX.IntrinsicElements'.
components/poi-management/POIDetailsModal.tsx(3613,41): error TS2339: Property 'div' does not exist on type 'JSX.IntrinsicElements'.
components/poi-management/POIDetailsModal.tsx(3613,140): error TS2339: Property 'div' does not exist on type 'JSX.IntrinsicElements'.
components/poi-management/POIDetailsModal.tsx(3614,39): error TS2339: Property 'div' does not exist on type 'JSX.IntrinsicElements'.
components/poi-management/POIDetailsModal.tsx(3616,35): error TS2339: Property 'div' does not exist on type 'JSX.IntrinsicElements'.
components/poi-management/POIDetailsModal.tsx(3617,33): error TS2339: Property 'div' does not exist on type 'JSX.IntrinsicElements'.
components/poi-management/POIDetailsModal.tsx(3619,29): error TS2339: Property 'div' does not exist on type 'JSX.IntrinsicElements'.
components/poi-management/POIDetailsModal.tsx(3624,27): error TS2339: Property 'div' does not exist on type 'JSX.IntrinsicElements'.
components/poi-management/POIDetailsModal.tsx(3625,29): error TS2339: Property 'div' does not exist on type 'JSX.IntrinsicElements'.
components/poi-management/POIDetailsModal.tsx(3627,31): error TS2339: Property 'span' does not exist on type 'JSX.IntrinsicElements'.
components/poi-management/POIDetailsModal.tsx(3629,31): error TS2339: Property 'span' does not exist on type 'JSX.IntrinsicElements'.
components/poi-management/POIDetailsModal.tsx(3630,29): error TS2339: Property 'div' does not exist on type 'JSX.IntrinsicElements'.
components/poi-management/POIDetailsModal.tsx(3631,27): error TS2339: Property 'div' does not exist on type 'JSX.IntrinsicElements'.
components/poi-management/POIDetailsModal.tsx(3637,21): error TS2339: Property 'div' does not exist on type 'JSX.IntrinsicElements'.
components/poi-management/POIDetailsModal.tsx(3639,25): error TS2339: Property 'button' does not exist on type 'JSX.IntrinsicElements'.
components/poi-management/POIDetailsModal.tsx(3646,25): error TS2339: Property 'button' does not exist on type 'JSX.IntrinsicElements'.
components/poi-management/POIDetailsModal.tsx(3648,23): error TS2339: Property 'button' does not exist on type 'JSX.IntrinsicElements'.
components/poi-management/POIDetailsModal.tsx(3653,23): error TS2339: Property 'button' does not exist on type 'JSX.IntrinsicElements'.
components/poi-management/POIDetailsModal.tsx(3655,25): error TS2339: Property 'button' does not exist on type 'JSX.IntrinsicElements'.
components/poi-management/POIDetailsModal.tsx(3662,25): error TS2339: Property 'button' does not exist on type 'JSX.IntrinsicElements'.
components/poi-management/POIDetailsModal.tsx(3664,21): error TS2339: Property 'div' does not exist on type 'JSX.IntrinsicElements'.
components/poi-management/POIDetailsModal.tsx(3665,19): error TS2339: Property 'div' does not exist on type 'JSX.IntrinsicElements'.
components/poi-management/POIDetailsModal.tsx(3667,15): error TS2339: Property 'div' does not exist on type 'JSX.IntrinsicElements'.
components/poi-management/POIDetailsModal.tsx(3669,15): error TS2339: Property 'div' does not exist on type 'JSX.IntrinsicElements'.
components/poi-management/POIDetailsModal.tsx(3671,19): error TS2339: Property 'div' does not exist on type 'JSX.IntrinsicElements'.
components/poi-management/POIDetailsModal.tsx(3672,21): error TS2339: Property 'div' does not exist on type 'JSX.IntrinsicElements'.
components/poi-management/POIDetailsModal.tsx(3672,85): error TS2339: Property 'div' does not exist on type 'JSX.IntrinsicElements'.
components/poi-management/POIDetailsModal.tsx(3673,21): error TS2339: Property 'div' does not exist on type 'JSX.IntrinsicElements'.
components/poi-management/POIDetailsModal.tsx(3673,80): error TS2339: Property 'div' does not exist on type 'JSX.IntrinsicElements'.
components/poi-management/POIDetailsModal.tsx(3674,21): error TS2339: Property 'div' does not exist on type 'JSX.IntrinsicElements'.
components/poi-management/POIDetailsModal.tsx(3674,85): error TS2339: Property 'div' does not exist on type 'JSX.IntrinsicElements'.
components/poi-management/POIDetailsModal.tsx(3675,19): error TS2339: Property 'div' does not exist on type 'JSX.IntrinsicElements'.
components/poi-management/POIDetailsModal.tsx(3677,19): error TS2339: Property 'div' does not exist on type 'JSX.IntrinsicElements'.
components/poi-management/POIDetailsModal.tsx(3680,21): error TS2339: Property 'div' does not exist on type 'JSX.IntrinsicElements'.
components/poi-management/POIDetailsModal.tsx(3681,23): error TS2339: Property 'div' does not exist on type 'JSX.IntrinsicElements'.
components/poi-management/POIDetailsModal.tsx(3682,25): error TS2339: Property 'h4' does not exist on type 'JSX.IntrinsicElements'.
components/poi-management/POIDetailsModal.tsx(3684,25): error TS2339: Property 'h4' does not exist on type 'JSX.IntrinsicElements'.
components/poi-management/POIDetailsModal.tsx(3691,23): error TS2339: Property 'div' does not exist on type 'JSX.IntrinsicElements'.
components/poi-management/POIDetailsModal.tsx(3692,23): error TS2339: Property 'div' does not exist on type 'JSX.IntrinsicElements'.
components/poi-management/POIDetailsModal.tsx(3693,25): error TS2339: Property 'select' does not exist on type 'JSX.IntrinsicElements'.
components/poi-management/POIDetailsModal.tsx(3699,27): error TS2339: Property 'option' does not exist on type 'JSX.IntrinsicElements'.
components/poi-management/POIDetailsModal.tsx(3699,63): error TS2339: Property 'option' does not exist on type 'JSX.IntrinsicElements'.
components/poi-management/POIDetailsModal.tsx(3700,27): error TS2339: Property 'option' does not exist on type 'JSX.IntrinsicElements'.
components/poi-management/POIDetailsModal.tsx(3700,61): error TS2339: Property 'option' does not exist on type 'JSX.IntrinsicElements'.
components/poi-management/POIDetailsModal.tsx(3701,27): error TS2339: Property 'option' does not exist on type 'JSX.IntrinsicElements'.
components/poi-management/POIDetailsModal.tsx(3701,61): error TS2339: Property 'option' does not exist on type 'JSX.IntrinsicElements'.
components/poi-management/POIDetailsModal.tsx(3702,27): error TS2339: Property 'option' does not exist on type 'JSX.IntrinsicElements'.
components/poi-management/POIDetailsModal.tsx(3702,62): error TS2339: Property 'option' does not exist on type 'JSX.IntrinsicElements'.
components/poi-management/POIDetailsModal.tsx(3703,27): error TS2339: Property 'option' does not exist on type 'JSX.IntrinsicElements'.
components/poi-management/POIDetailsModal.tsx(3703,61): error TS2339: Property 'option' does not exist on type 'JSX.IntrinsicElements'.
components/poi-management/POIDetailsModal.tsx(3704,27): error TS2339: Property 'option' does not exist on type 'JSX.IntrinsicElements'.
components/poi-management/POIDetailsModal.tsx(3704,62): error TS2339: Property 'option' does not exist on type 'JSX.IntrinsicElements'.
components/poi-management/POIDetailsModal.tsx(3705,25): error TS2339: Property 'select' does not exist on type 'JSX.IntrinsicElements'.
components/poi-management/POIDetailsModal.tsx(3706,25): error TS2339: Property 'button' does not exist on type 'JSX.IntrinsicElements'.
components/poi-management/POIDetailsModal.tsx(3713,25): error TS2339: Property 'button' does not exist on type 'JSX.IntrinsicElements'.
components/poi-management/POIDetailsModal.tsx(3715,27): error TS2339: Property 'button' does not exist on type 'JSX.IntrinsicElements'.
components/poi-management/POIDetailsModal.tsx(3722,27): error TS2339: Property 'button' does not exist on type 'JSX.IntrinsicElements'.
components/poi-management/POIDetailsModal.tsx(3724,23): error TS2339: Property 'div' does not exist on type 'JSX.IntrinsicElements'.
components/poi-management/POIDetailsModal.tsx(3725,21): error TS2339: Property 'div' does not exist on type 'JSX.IntrinsicElements'.
components/poi-management/POIDetailsModal.tsx(3728,21): error TS2339: Property 'div' does not exist on type 'JSX.IntrinsicElements'.
components/poi-management/POIDetailsModal.tsx(3729,23): error TS2339: Property 'label' does not exist on type 'JSX.IntrinsicElements'.
components/poi-management/POIDetailsModal.tsx(3731,23): error TS2339: Property 'label' does not exist on type 'JSX.IntrinsicElements'.
components/poi-management/POIDetailsModal.tsx(3732,23): error TS2339: Property 'p' does not exist on type 'JSX.IntrinsicElements'.
components/poi-management/POIDetailsModal.tsx(3734,23): error TS2339: Property 'p' does not exist on type 'JSX.IntrinsicElements'.
components/poi-management/POIDetailsModal.tsx(3735,23): error TS2339: Property 'div' does not exist on type 'JSX.IntrinsicElements'.
components/poi-management/POIDetailsModal.tsx(3737,27): error TS2339: Property 'div' does not exist on type 'JSX.IntrinsicElements'.
components/poi-management/POIDetailsModal.tsx(3738,29): error TS2339: Property 'input' does not exist on type 'JSX.IntrinsicElements'.
components/poi-management/POIDetailsModal.tsx(3749,29): error TS2339: Property 'button' does not exist on type 'JSX.IntrinsicElements'.
components/poi-management/POIDetailsModal.tsx(3755,29): error TS2339: Property 'button' does not exist on type 'JSX.IntrinsicElements'.
components/poi-management/POIDetailsModal.tsx(3756,27): error TS2339: Property 'div' does not exist on type 'JSX.IntrinsicElements'.
components/poi-management/POIDetailsModal.tsx(3758,25): error TS2339: Property 'div' does not exist on type 'JSX.IntrinsicElements'.
components/poi-management/POIDetailsModal.tsx(3759,27): error TS2339: Property 'button' does not exist on type 'JSX.IntrinsicElements'.
components/poi-management/POIDetailsModal.tsx(3765,27): error TS2339: Property 'button' does not exist on type 'JSX.IntrinsicElements'.
components/poi-management/POIDetailsModal.tsx(3766,27): error TS2339: Property 'button' does not exist on type 'JSX.IntrinsicElements'.
components/poi-management/POIDetailsModal.tsx(3774,27): error TS2339: Property 'button' does not exist on type 'JSX.IntrinsicElements'.
components/poi-management/POIDetailsModal.tsx(3775,25): error TS2339: Property 'div' does not exist on type 'JSX.IntrinsicElements'.
components/poi-management/POIDetailsModal.tsx(3777,27): error TS2339: Property 'p' does not exist on type 'JSX.IntrinsicElements'.
components/poi-management/POIDetailsModal.tsx(3779,27): error TS2339: Property 'p' does not exist on type 'JSX.IntrinsicElements'.
components/poi-management/POIDetailsModal.tsx(3781,23): error TS2339: Property 'div' does not exist on type 'JSX.IntrinsicElements'.
components/poi-management/POIDetailsModal.tsx(3782,21): error TS2339: Property 'div' does not exist on type 'JSX.IntrinsicElements'.
components/poi-management/POIDetailsModal.tsx(3785,21): error TS2339: Property 'div' does not exist on type 'JSX.IntrinsicElements'.
components/poi-management/POIDetailsModal.tsx(3786,23): error TS2339: Property 'div' does not exist on type 'JSX.IntrinsicElements'.
components/poi-management/POIDetailsModal.tsx(3787,25): error TS2339: Property 'div' does not exist on type 'JSX.IntrinsicElements'.
components/poi-management/POIDetailsModal.tsx(3788,27): error TS2339: Property 'div' does not exist on type 'JSX.IntrinsicElements'.
components/poi-management/POIDetailsModal.tsx(3789,30): error TS2339: Property 'label' does not exist on type 'JSX.IntrinsicElements'.
components/poi-management/POIDetailsModal.tsx(3791,30): error TS2339: Property 'label' does not exist on type 'JSX.IntrinsicElements'.
components/poi-management/POIDetailsModal.tsx(3794,31): error TS2339: Property 'div' does not exist on type 'JSX.IntrinsicElements'.
components/poi-management/POIDetailsModal.tsx(3795,33): error TS2339: Property 'span' does not exist on type 'JSX.IntrinsicElements'.
components/poi-management/POIDetailsModal.tsx(3800,35): error TS2339: Property 'span' does not exist on type 'JSX.IntrinsicElements'.
components/poi-management/POIDetailsModal.tsx(3800,96): error TS2339: Property 'span' does not exist on type 'JSX.IntrinsicElements'.
components/poi-management/POIDetailsModal.tsx(3802,33): error TS2339: Property 'span' does not exist on type 'JSX.IntrinsicElements'.
components/poi-management/POIDetailsModal.tsx(3803,31): error TS2339: Property 'div' does not exist on type 'JSX.IntrinsicElements'.
components/poi-management/POIDetailsModal.tsx(3805,27): error TS2339: Property 'div' does not exist on type 'JSX.IntrinsicElements'.
components/poi-management/POIDetailsModal.tsx(3806,25): error TS2339: Property 'div' does not exist on type 'JSX.IntrinsicElements'.
components/poi-management/POIDetailsModal.tsx(3807,25): error TS2339: Property 'textarea' does not exist on type 'JSX.IntrinsicElements'.
components/poi-management/POIDetailsModal.tsx(3814,26): error TS2339: Property 'div' does not exist on type 'JSX.IntrinsicElements'.
components/poi-management/POIDetailsModal.tsx(3815,28): error TS2339: Property 'div' does not exist on type 'JSX.IntrinsicElements'.
components/poi-management/POIDetailsModal.tsx(3817,28): error TS2339: Property 'div' does not exist on type 'JSX.IntrinsicElements'.
components/poi-management/POIDetailsModal.tsx(3819,29): error TS2339: Property 'div' does not exist on type 'JSX.IntrinsicElements'.
components/poi-management/POIDetailsModal.tsx(3821,33): error TS2339: Property 'span' does not exist on type 'JSX.IntrinsicElements'.
components/poi-management/POIDetailsModal.tsx(3824,34): error TS2339: Property 'span' does not exist on type 'JSX.IntrinsicElements'.
components/poi-management/POIDetailsModal.tsx(3826,33): error TS2339: Property 'span' does not exist on type 'JSX.IntrinsicElements'.
components/poi-management/POIDetailsModal.tsx(3829,34): error TS2339: Property 'span' does not exist on type 'JSX.IntrinsicElements'.
components/poi-management/POIDetailsModal.tsx(3831,29): error TS2339: Property 'div' does not exist on type 'JSX.IntrinsicElements'.
components/poi-management/POIDetailsModal.tsx(3833,25): error TS2339: Property 'div' does not exist on type 'JSX.IntrinsicElements'.
components/poi-management/POIDetailsModal.tsx(3834,23): error TS2339: Property 'div' does not exist on type 'JSX.IntrinsicElements'.
components/poi-management/POIDetailsModal.tsx(3863,23): error TS2339: Property 'div' does not exist on type 'JSX.IntrinsicElements'.
components/poi-management/POIDetailsModal.tsx(3864,25): error TS2339: Property 'div' does not exist on type 'JSX.IntrinsicElements'.
components/poi-management/POIDetailsModal.tsx(3866,30): error TS2339: Property 'span' does not exist on type 'JSX.IntrinsicElements'.
components/poi-management/POIDetailsModal.tsx(3866,97): error TS2339: Property 'span' does not exist on type 'JSX.IntrinsicElements'.
components/poi-management/POIDetailsModal.tsx(3868,25): error TS2339: Property 'div' does not exist on type 'JSX.IntrinsicElements'.
components/poi-management/POIDetailsModal.tsx(3869,25): error TS2339: Property 'div' does not exist on type 'JSX.IntrinsicElements'.
components/poi-management/POIDetailsModal.tsx(3870,27): error TS2339: Property 'button' does not exist on type 'JSX.IntrinsicElements'.
components/poi-management/POIDetailsModal.tsx(3878,28): error TS2339: Property 'button' does not exist on type 'JSX.IntrinsicElements'.
components/poi-management/POIDetailsModal.tsx(3879,25): error TS2339: Property 'div' does not exist on type 'JSX.IntrinsicElements'.
components/poi-management/POIDetailsModal.tsx(3880,23): error TS2339: Property 'div' does not exist on type 'JSX.IntrinsicElements'.
components/poi-management/POIDetailsModal.tsx(3881,21): error TS2339: Property 'div' does not exist on type 'JSX.IntrinsicElements'.
components/poi-management/POIDetailsModal.tsx(3885,23): error TS2339: Property 'div' does not exist on type 'JSX.IntrinsicElements'.
components/poi-management/POIDetailsModal.tsx(3886,26): error TS2339: Property 'h4' does not exist on type 'JSX.IntrinsicElements'.
components/poi-management/POIDetailsModal.tsx(3888,26): error TS2339: Property 'h4' does not exist on type 'JSX.IntrinsicElements'.
components/poi-management/POIDetailsModal.tsx(3889,25): error TS2339: Property 'div' does not exist on type 'JSX.IntrinsicElements'.
components/poi-management/POIDetailsModal.tsx(3891,29): error TS2339: Property 'div' does not exist on type 'JSX.IntrinsicElements'.
components/poi-management/POIDetailsModal.tsx(3892,31): error TS2339: Property 'div' does not exist on type 'JSX.IntrinsicElements'.
components/poi-management/POIDetailsModal.tsx(3893,33): error TS2339: Property 'div' does not exist on type 'JSX.IntrinsicElements'.
components/poi-management/POIDetailsModal.tsx(3894,35): error TS2339: Property 'span' does not exist on type 'JSX.IntrinsicElements'.
components/poi-management/POIDetailsModal.tsx(3900,35): error TS2339: Property 'span' does not exist on type 'JSX.IntrinsicElements'.
components/poi-management/POIDetailsModal.tsx(3902,37): error TS2339: Property 'span' does not exist on type 'JSX.IntrinsicElements'.
components/poi-management/POIDetailsModal.tsx(3905,37): error TS2339: Property 'span' does not exist on type 'JSX.IntrinsicElements'.
components/poi-management/POIDetailsModal.tsx(3907,33): error TS2339: Property 'div' does not exist on type 'JSX.IntrinsicElements'.
components/poi-management/POIDetailsModal.tsx(3908,33): error TS2339: Property 'span' does not exist on type 'JSX.IntrinsicElements'.
components/poi-management/POIDetailsModal.tsx(3910,33): error TS2339: Property 'span' does not exist on type 'JSX.IntrinsicElements'.
components/poi-management/POIDetailsModal.tsx(3911,31): error TS2339: Property 'div' does not exist on type 'JSX.IntrinsicElements'.
components/poi-management/POIDetailsModal.tsx(3912,31): error TS2339: Property 'p' does not exist on type 'JSX.IntrinsicElements'.
components/poi-management/POIDetailsModal.tsx(3912,102): error TS2339: Property 'p' does not exist on type 'JSX.IntrinsicElements'.
components/poi-management/POIDetailsModal.tsx(3913,29): error TS2339: Property 'div' does not exist on type 'JSX.IntrinsicElements'.
components/poi-management/POIDetailsModal.tsx(3915,25): error TS2339: Property 'div' does not exist on type 'JSX.IntrinsicElements'.
components/poi-management/POIDetailsModal.tsx(3916,23): error TS2339: Property 'div' does not exist on type 'JSX.IntrinsicElements'.
components/poi-management/POIDetailsModal.tsx(3918,19): error TS2339: Property 'div' does not exist on type 'JSX.IntrinsicElements'.
components/poi-management/POIDetailsModal.tsx(3920,15): error TS2339: Property 'div' does not exist on type 'JSX.IntrinsicElements'.
components/poi-management/POIDetailsModal.tsx(3922,15): error TS2339: Property 'div' does not exist on type 'JSX.IntrinsicElements'.
components/poi-management/POIDetailsModal.tsx(3929,15): error TS2339: Property 'div' does not exist on type 'JSX.IntrinsicElements'.
components/poi-management/POIDetailsModal.tsx(3931,15): error TS2339: Property 'div' does not exist on type 'JSX.IntrinsicElements'.
components/poi-management/POIDetailsModal.tsx(3933,19): error TS2339: Property 'div' does not exist on type 'JSX.IntrinsicElements'.
components/poi-management/POIDetailsModal.tsx(3934,21): error TS2339: Property 'div' does not exist on type 'JSX.IntrinsicElements'.
components/poi-management/POIDetailsModal.tsx(3934,85): error TS2339: Property 'div' does not exist on type 'JSX.IntrinsicElements'.
components/poi-management/POIDetailsModal.tsx(3935,21): error TS2339: Property 'div' does not exist on type 'JSX.IntrinsicElements'.
components/poi-management/POIDetailsModal.tsx(3935,80): error TS2339: Property 'div' does not exist on type 'JSX.IntrinsicElements'.
components/poi-management/POIDetailsModal.tsx(3936,21): error TS2339: Property 'div' does not exist on type 'JSX.IntrinsicElements'.
components/poi-management/POIDetailsModal.tsx(3936,85): error TS2339: Property 'div' does not exist on type 'JSX.IntrinsicElements'.
components/poi-management/POIDetailsModal.tsx(3937,19): error TS2339: Property 'div' does not exist on type 'JSX.IntrinsicElements'.
components/poi-management/POIDetailsModal.tsx(3939,19): error TS2339: Property 'div' does not exist on type 'JSX.IntrinsicElements'.
components/poi-management/POIDetailsModal.tsx(3940,21): error TS2339: Property 'div' does not exist on type 'JSX.IntrinsicElements'.
components/poi-management/POIDetailsModal.tsx(3941,23): error TS2339: Property 'div' does not exist on type 'JSX.IntrinsicElements'.
components/poi-management/POIDetailsModal.tsx(3942,26): error TS2339: Property 'h4' does not exist on type 'JSX.IntrinsicElements'.
components/poi-management/POIDetailsModal.tsx(3944,26): error TS2339: Property 'h4' does not exist on type 'JSX.IntrinsicElements'.
components/poi-management/POIDetailsModal.tsx(3945,25): error TS2339: Property 'p' does not exist on type 'JSX.IntrinsicElements'.
components/poi-management/POIDetailsModal.tsx(3947,25): error TS2339: Property 'p' does not exist on type 'JSX.IntrinsicElements'.
components/poi-management/POIDetailsModal.tsx(3948,23): error TS2339: Property 'div' does not exist on type 'JSX.IntrinsicElements'.
components/poi-management/POIDetailsModal.tsx(3949,23): error TS2339: Property 'div' does not exist on type 'JSX.IntrinsicElements'.
components/poi-management/POIDetailsModal.tsx(3950,25): error TS2339: Property 'button' does not exist on type 'JSX.IntrinsicElements'.
components/poi-management/POIDetailsModal.tsx(3959,26): error TS2339: Property 'button' does not exist on type 'JSX.IntrinsicElements'.
components/poi-management/POIDetailsModal.tsx(3960,25): error TS2339: Property 'button' does not exist on type 'JSX.IntrinsicElements'.
components/poi-management/POIDetailsModal.tsx(3979,25): error TS2339: Property 'button' does not exist on type 'JSX.IntrinsicElements'.
components/poi-management/POIDetailsModal.tsx(3981,28): error TS2339: Property 'span' does not exist on type 'JSX.IntrinsicElements'.
components/poi-management/POIDetailsModal.tsx(3983,28): error TS2339: Property 'span' does not exist on type 'JSX.IntrinsicElements'.
components/poi-management/POIDetailsModal.tsx(3985,23): error TS2339: Property 'div' does not exist on type 'JSX.IntrinsicElements'.
components/poi-management/POIDetailsModal.tsx(3986,21): error TS2339: Property 'div' does not exist on type 'JSX.IntrinsicElements'.
components/poi-management/POIDetailsModal.tsx(3989,21): error TS2339: Property 'div' does not exist on type 'JSX.IntrinsicElements'.
components/poi-management/POIDetailsModal.tsx(3991,23): error TS2339: Property 'div' does not exist on type 'JSX.IntrinsicElements'.
components/poi-management/POIDetailsModal.tsx(3992,26): error TS2339: Property 'label' does not exist on type 'JSX.IntrinsicElements'.
components/poi-management/POIDetailsModal.tsx(3994,26): error TS2339: Property 'label' does not exist on type 'JSX.IntrinsicElements'.
components/poi-management/POIDetailsModal.tsx(3995,25): error TS2339: Property 'div' does not exist on type 'JSX.IntrinsicElements'.
components/poi-management/POIDetailsModal.tsx(3996,27): error TS2339: Property 'label' does not exist on type 'JSX.IntrinsicElements'.
components/poi-management/POIDetailsModal.tsx(3997,29): error TS2339: Property 'input' does not exist on type 'JSX.IntrinsicElements'.
components/poi-management/POIDetailsModal.tsx(4005,30): error TS2339: Property 'span' does not exist on type 'JSX.IntrinsicElements'.
components/poi-management/POIDetailsModal.tsx(4005,107): error TS2339: Property 'span' does not exist on type 'JSX.IntrinsicElements'.
components/poi-management/POIDetailsModal.tsx(4006,27): error TS2339: Property 'label' does not exist on type 'JSX.IntrinsicElements'.
components/poi-management/POIDetailsModal.tsx(4007,27): error TS2339: Property 'label' does not exist on type 'JSX.IntrinsicElements'.
components/poi-management/POIDetailsModal.tsx(4008,29): error TS2339: Property 'input' does not exist on type 'JSX.IntrinsicElements'.
components/poi-management/POIDetailsModal.tsx(4016,30): error TS2339: Property 'span' does not exist on type 'JSX.IntrinsicElements'.
components/poi-management/POIDetailsModal.tsx(4016,109): error TS2339: Property 'span' does not exist on type 'JSX.IntrinsicElements'.
components/poi-management/POIDetailsModal.tsx(4017,27): error TS2339: Property 'label' does not exist on type 'JSX.IntrinsicElements'.
components/poi-management/POIDetailsModal.tsx(4018,25): error TS2339: Property 'div' does not exist on type 'JSX.IntrinsicElements'.
components/poi-management/POIDetailsModal.tsx(4019,23): error TS2339: Property 'div' does not exist on type 'JSX.IntrinsicElements'.
components/poi-management/POIDetailsModal.tsx(4022,23): error TS2339: Property 'div' does not exist on type 'JSX.IntrinsicElements'.
components/poi-management/POIDetailsModal.tsx(4023,26): error TS2339: Property 'label' does not exist on type 'JSX.IntrinsicElements'.
components/poi-management/POIDetailsModal.tsx(4025,26): error TS2339: Property 'label' does not exist on type 'JSX.IntrinsicElements'.
components/poi-management/POIDetailsModal.tsx(4026,25): error TS2339: Property 'div' does not exist on type 'JSX.IntrinsicElements'.
components/poi-management/POIDetailsModal.tsx(4041,29): error TS2339: Property 'label' does not exist on type 'JSX.IntrinsicElements'.
components/poi-management/POIDetailsModal.tsx(4051,31): error TS2339: Property 'div' does not exist on type 'JSX.IntrinsicElements'.
components/poi-management/POIDetailsModal.tsx(4052,33): error TS2339: Property 'input' does not exist on type 'JSX.IntrinsicElements'.
components/poi-management/POIDetailsModal.tsx(4064,31): error TS2339: Property 'div' does not exist on type 'JSX.IntrinsicElements'.
components/poi-management/POIDetailsModal.tsx(4065,31): error TS2339: Property 'div' does not exist on type 'JSX.IntrinsicElements'.
components/poi-management/POIDetailsModal.tsx(4066,33): error TS2339: Property 'span' does not exist on type 'JSX.IntrinsicElements'.
components/poi-management/POIDetailsModal.tsx(4068,33): error TS2339: Property 'span' does not exist on type 'JSX.IntrinsicElements'.
components/poi-management/POIDetailsModal.tsx(4069,31): error TS2339: Property 'div' does not exist on type 'JSX.IntrinsicElements'.
components/poi-management/POIDetailsModal.tsx(4070,29): error TS2339: Property 'label' does not exist on type 'JSX.IntrinsicElements'.
components/poi-management/POIDetailsModal.tsx(4072,25): error TS2339: Property 'div' does not exist on type 'JSX.IntrinsicElements'.
components/poi-management/POIDetailsModal.tsx(4073,26): error TS2339: Property 'p' does not exist on type 'JSX.IntrinsicElements'.
components/poi-management/POIDetailsModal.tsx(4075,26): error TS2339: Property 'p' does not exist on type 'JSX.IntrinsicElements'.
components/poi-management/POIDetailsModal.tsx(4076,23): error TS2339: Property 'div' does not exist on type 'JSX.IntrinsicElements'.
components/poi-management/POIDetailsModal.tsx(4077,21): error TS2339: Property 'div' does not exist on type 'JSX.IntrinsicElements'.
components/poi-management/POIDetailsModal.tsx(4081,23): error TS2339: Property 'div' does not exist on type 'JSX.IntrinsicElements'.
components/poi-management/POIDetailsModal.tsx(4082,25): error TS2339: Property 'div' does not exist on type 'JSX.IntrinsicElements'.
components/poi-management/POIDetailsModal.tsx(4083,28): error TS2339: Property 'h6' does not exist on type 'JSX.IntrinsicElements'.
components/poi-management/POIDetailsModal.tsx(4085,28): error TS2339: Property 'h6' does not exist on type 'JSX.IntrinsicElements'.
components/poi-management/POIDetailsModal.tsx(4086,28): error TS2339: Property 'span' does not exist on type 'JSX.IntrinsicElements'.
components/poi-management/POIDetailsModal.tsx(4088,28): error TS2339: Property 'span' does not exist on type 'JSX.IntrinsicElements'.
components/poi-management/POIDetailsModal.tsx(4089,25): error TS2339: Property 'div' does not exist on type 'JSX.IntrinsicElements'.
components/poi-management/POIDetailsModal.tsx(4090,25): error TS2339: Property 'div' does not exist on type 'JSX.IntrinsicElements'.
components/poi-management/POIDetailsModal.tsx(4091,27): error TS2339: Property 'div' does not exist on type 'JSX.IntrinsicElements'.
components/poi-management/POIDetailsModal.tsx(4094,28): error TS2339: Property 'div' does not exist on type 'JSX.IntrinsicElements'.
components/poi-management/POIDetailsModal.tsx(4095,25): error TS2339: Property 'div' does not exist on type 'JSX.IntrinsicElements'.
components/poi-management/POIDetailsModal.tsx(4096,25): error TS2339: Property 'p' does not exist on type 'JSX.IntrinsicElements'.
components/poi-management/POIDetailsModal.tsx(4098,25): error TS2339: Property 'p' does not exist on type 'JSX.IntrinsicElements'.
components/poi-management/POIDetailsModal.tsx(4099,23): error TS2339: Property 'div' does not exist on type 'JSX.IntrinsicElements'.
components/poi-management/POIDetailsModal.tsx(4104,23): error TS2339: Property 'div' does not exist on type 'JSX.IntrinsicElements'.
components/poi-management/POIDetailsModal.tsx(4105,25): error TS2339: Property 'div' does not exist on type 'JSX.IntrinsicElements'.
components/poi-management/POIDetailsModal.tsx(4106,28): error TS2339: Property 'h6' does not exist on type 'JSX.IntrinsicElements'.
components/poi-management/POIDetailsModal.tsx(4108,28): error TS2339: Property 'h6' does not exist on type 'JSX.IntrinsicElements'.
components/poi-management/POIDetailsModal.tsx(4109,27): error TS2339: Property 'button' does not exist on type 'JSX.IntrinsicElements'.
components/poi-management/POIDetailsModal.tsx(4114,27): error TS2339: Property 'button' does not exist on type 'JSX.IntrinsicElements'.
components/poi-management/POIDetailsModal.tsx(4115,25): error TS2339: Property 'div' does not exist on type 'JSX.IntrinsicElements'.
components/poi-management/POIDetailsModal.tsx(4116,25): error TS2339: Property 'div' does not exist on type 'JSX.IntrinsicElements'.
components/poi-management/POIDetailsModal.tsx(4118,29): error TS2339: Property 'div' does not exist on type 'JSX.IntrinsicElements'.
components/poi-management/POIDetailsModal.tsx(4126,29): error TS2339: Property 'div' does not exist on type 'JSX.IntrinsicElements'.
components/poi-management/POIDetailsModal.tsx(4128,25): error TS2339: Property 'div' does not exist on type 'JSX.IntrinsicElements'.
components/poi-management/POIDetailsModal.tsx(4129,25): error TS2339: Property 'div' does not exist on type 'JSX.IntrinsicElements'.
components/poi-management/POIDetailsModal.tsx(4130,27): error TS2339: Property 'div' does not exist on type 'JSX.IntrinsicElements'.
components/poi-management/POIDetailsModal.tsx(4131,30): error TS2339: Property 'span' does not exist on type 'JSX.IntrinsicElements'.
components/poi-management/POIDetailsModal.tsx(4133,30): error TS2339: Property 'span' does not exist on type 'JSX.IntrinsicElements'.
components/poi-management/POIDetailsModal.tsx(4134,29): error TS2339: Property 'button' does not exist on type 'JSX.IntrinsicElements'.
components/poi-management/POIDetailsModal.tsx(4140,30): error TS2339: Property 'button' does not exist on type 'JSX.IntrinsicElements'.
components/poi-management/POIDetailsModal.tsx(4141,27): error TS2339: Property 'div' does not exist on type 'JSX.IntrinsicElements'.
components/poi-management/POIDetailsModal.tsx(4142,25): error TS2339: Property 'div' does not exist on type 'JSX.IntrinsicElements'.
components/poi-management/POIDetailsModal.tsx(4143,23): error TS2339: Property 'div' does not exist on type 'JSX.IntrinsicElements'.
components/poi-management/POIDetailsModal.tsx(4148,23): error TS2339: Property 'div' does not exist on type 'JSX.IntrinsicElements'.
components/poi-management/POIDetailsModal.tsx(4149,25): error TS2339: Property 'div' does not exist on type 'JSX.IntrinsicElements'.
components/poi-management/POIDetailsModal.tsx(4150,28): error TS2339: Property 'h5' does not exist on type 'JSX.IntrinsicElements'.
components/poi-management/POIDetailsModal.tsx(4152,28): error TS2339: Property 'h5' does not exist on type 'JSX.IntrinsicElements'.
components/poi-management/POIDetailsModal.tsx(4154,25): error TS2339: Property 'div' does not exist on type 'JSX.IntrinsicElements'.
components/poi-management/POIDetailsModal.tsx(4155,25): error TS2339: Property 'div' does not exist on type 'JSX.IntrinsicElements'.
components/poi-management/POIDetailsModal.tsx(4156,27): error TS2339: Property 'table' does not exist on type 'JSX.IntrinsicElements'.
components/poi-management/POIDetailsModal.tsx(4157,29): error TS2339: Property 'thead' does not exist on type 'JSX.IntrinsicElements'.
components/poi-management/POIDetailsModal.tsx(4158,31): error TS2339: Property 'tr' does not exist on type 'JSX.IntrinsicElements'.
components/poi-management/POIDetailsModal.tsx(4159,34): error TS2339: Property 'th' does not exist on type 'JSX.IntrinsicElements'.
components/poi-management/POIDetailsModal.tsx(4159,145): error TS2339: Property 'th' does not exist on type 'JSX.IntrinsicElements'.
components/poi-management/POIDetailsModal.tsx(4160,34): error TS2339: Property 'th' does not exist on type 'JSX.IntrinsicElements'.
components/poi-management/POIDetailsModal.tsx(4160,143): error TS2339: Property 'th' does not exist on type 'JSX.IntrinsicElements'.
components/poi-management/POIDetailsModal.tsx(4161,34): error TS2339: Property 'th' does not exist on type 'JSX.IntrinsicElements'.
components/poi-management/POIDetailsModal.tsx(4161,148): error TS2339: Property 'th' does not exist on type 'JSX.IntrinsicElements'.
components/poi-management/POIDetailsModal.tsx(4162,34): error TS2339: Property 'th' does not exist on type 'JSX.IntrinsicElements'.
components/poi-management/POIDetailsModal.tsx(4162,142): error TS2339: Property 'th' does not exist on type 'JSX.IntrinsicElements'.
components/poi-management/POIDetailsModal.tsx(4163,34): error TS2339: Property 'th' does not exist on type 'JSX.IntrinsicElements'.
components/poi-management/POIDetailsModal.tsx(4163,142): error TS2339: Property 'th' does not exist on type 'JSX.IntrinsicElements'.
components/poi-management/POIDetailsModal.tsx(4164,34): error TS2339: Property 'th' does not exist on type 'JSX.IntrinsicElements'.
components/poi-management/POIDetailsModal.tsx(4164,144): error TS2339: Property 'th' does not exist on type 'JSX.IntrinsicElements'.
components/poi-management/POIDetailsModal.tsx(4165,31): error TS2339: Property 'tr' does not exist on type 'JSX.IntrinsicElements'.
components/poi-management/POIDetailsModal.tsx(4166,29): error TS2339: Property 'thead' does not exist on type 'JSX.IntrinsicElements'.
components/poi-management/POIDetailsModal.tsx(4167,29): error TS2339: Property 'tbody' does not exist on type 'JSX.IntrinsicElements'.
components/poi-management/POIDetailsModal.tsx(4169,33): error TS2339: Property 'tr' does not exist on type 'JSX.IntrinsicElements'.
components/poi-management/POIDetailsModal.tsx(4170,35): error TS2339: Property 'td' does not exist on type 'JSX.IntrinsicElements'.
components/poi-management/POIDetailsModal.tsx(4171,37): error TS2339: Property 'div' does not exist on type 'JSX.IntrinsicElements'.
components/poi-management/POIDetailsModal.tsx(4172,39): error TS2339: Property 'span' does not exist on type 'JSX.IntrinsicElements'.
components/poi-management/POIDetailsModal.tsx(4191,39): error TS2339: Property 'span' does not exist on type 'JSX.IntrinsicElements'.
components/poi-management/POIDetailsModal.tsx(4200,45): error TS2339: Property 'span' does not exist on type 'JSX.IntrinsicElements'.
components/poi-management/POIDetailsModal.tsx(4202,45): error TS2339: Property 'span' does not exist on type 'JSX.IntrinsicElements'.
components/poi-management/POIDetailsModal.tsx(4207,37): error TS2339: Property 'div' does not exist on type 'JSX.IntrinsicElements'.
components/poi-management/POIDetailsModal.tsx(4208,35): error TS2339: Property 'td' does not exist on type 'JSX.IntrinsicElements'.
components/poi-management/POIDetailsModal.tsx(4209,35): error TS2339: Property 'td' does not exist on type 'JSX.IntrinsicElements'.
components/poi-management/POIDetailsModal.tsx(4210,37): error TS2339: Property 'span' does not exist on type 'JSX.IntrinsicElements'.
components/poi-management/POIDetailsModal.tsx(4215,37): error TS2339: Property 'span' does not exist on type 'JSX.IntrinsicElements'.
components/poi-management/POIDetailsModal.tsx(4216,35): error TS2339: Property 'td' does not exist on type 'JSX.IntrinsicElements'.
components/poi-management/POIDetailsModal.tsx(4217,35): error TS2339: Property 'td' does not exist on type 'JSX.IntrinsicElements'.
components/poi-management/POIDetailsModal.tsx(4218,37): error TS2339: Property 'div' does not exist on type 'JSX.IntrinsicElements'.
components/poi-management/POIDetailsModal.tsx(4219,39): error TS2339: Property 'p' does not exist on type 'JSX.IntrinsicElements'.
components/poi-management/POIDetailsModal.tsx(4221,39): error TS2339: Property 'p' does not exist on type 'JSX.IntrinsicElements'.
components/poi-management/POIDetailsModal.tsx(4222,37): error TS2339: Property 'div' does not exist on type 'JSX.IntrinsicElements'.
components/poi-management/POIDetailsModal.tsx(4223,35): error TS2339: Property 'td' does not exist on type 'JSX.IntrinsicElements'.
components/poi-management/POIDetailsModal.tsx(4224,35): error TS2339: Property 'td' does not exist on type 'JSX.IntrinsicElements'.
components/poi-management/POIDetailsModal.tsx(4226,39): error TS2339: Property 'button' does not exist on type 'JSX.IntrinsicElements'.
components/poi-management/POIDetailsModal.tsx(4235,40): error TS2339: Property 'button' does not exist on type 'JSX.IntrinsicElements'.
components/poi-management/POIDetailsModal.tsx(4237,40): error TS2339: Property 'span' does not exist on type 'JSX.IntrinsicElements'.
components/poi-management/POIDetailsModal.tsx(4237,129): error TS2339: Property 'span' does not exist on type 'JSX.IntrinsicElements'.
components/poi-management/POIDetailsModal.tsx(4239,35): error TS2339: Property 'td' does not exist on type 'JSX.IntrinsicElements'.
components/poi-management/POIDetailsModal.tsx(4240,35): error TS2339: Property 'td' does not exist on type 'JSX.IntrinsicElements'.
components/poi-management/POIDetailsModal.tsx(4241,37): error TS2339: Property 'div' does not exist on type 'JSX.IntrinsicElements'.
components/poi-management/POIDetailsModal.tsx(4242,40): error TS2339: Property 'p' does not exist on type 'JSX.IntrinsicElements'.
components/poi-management/POIDetailsModal.tsx(4242,86): error TS2339: Property 'p' does not exist on type 'JSX.IntrinsicElements'.
components/poi-management/POIDetailsModal.tsx(4244,42): error TS2339: Property 'p' does not exist on type 'JSX.IntrinsicElements'.
components/poi-management/POIDetailsModal.tsx(4244,105): error TS2339: Property 'p' does not exist on type 'JSX.IntrinsicElements'.
components/poi-management/POIDetailsModal.tsx(4246,37): error TS2339: Property 'div' does not exist on type 'JSX.IntrinsicElements'.
components/poi-management/POIDetailsModal.tsx(4247,35): error TS2339: Property 'td' does not exist on type 'JSX.IntrinsicElements'.
components/poi-management/POIDetailsModal.tsx(4248,35): error TS2339: Property 'td' does not exist on type 'JSX.IntrinsicElements'.
components/poi-management/POIDetailsModal.tsx(4249,37): error TS2339: Property 'div' does not exist on type 'JSX.IntrinsicElements'.
components/poi-management/POIDetailsModal.tsx(4251,41): error TS2339: Property 'button' does not exist on type 'JSX.IntrinsicElements'.
components/poi-management/POIDetailsModal.tsx(4257,42): error TS2339: Property 'button' does not exist on type 'JSX.IntrinsicElements'.
components/poi-management/POIDetailsModal.tsx(4259,39): error TS2339: Property 'button' does not exist on type 'JSX.IntrinsicElements'.
components/poi-management/POIDetailsModal.tsx(4266,40): error TS2339: Property 'button' does not exist on type 'JSX.IntrinsicElements'.
components/poi-management/POIDetailsModal.tsx(4267,39): error TS2339: Property 'button' does not exist on type 'JSX.IntrinsicElements'.
components/poi-management/POIDetailsModal.tsx(4274,40): error TS2339: Property 'button' does not exist on type 'JSX.IntrinsicElements'.
components/poi-management/POIDetailsModal.tsx(4275,37): error TS2339: Property 'div' does not exist on type 'JSX.IntrinsicElements'.
components/poi-management/POIDetailsModal.tsx(4276,35): error TS2339: Property 'td' does not exist on type 'JSX.IntrinsicElements'.
components/poi-management/POIDetailsModal.tsx(4277,33): error TS2339: Property 'tr' does not exist on type 'JSX.IntrinsicElements'.
components/poi-management/POIDetailsModal.tsx(4279,29): error TS2339: Property 'tbody' does not exist on type 'JSX.IntrinsicElements'.
components/poi-management/POIDetailsModal.tsx(4280,27): error TS2339: Property 'table' does not exist on type 'JSX.IntrinsicElements'.
components/poi-management/POIDetailsModal.tsx(4281,25): error TS2339: Property 'div' does not exist on type 'JSX.IntrinsicElements'.
components/poi-management/POIDetailsModal.tsx(4282,23): error TS2339: Property 'div' does not exist on type 'JSX.IntrinsicElements'.
components/poi-management/POIDetailsModal.tsx(4287,23): error TS2339: Property 'div' does not exist on type 'JSX.IntrinsicElements'.
components/poi-management/POIDetailsModal.tsx(4289,26): error TS2339: Property 'h5' does not exist on type 'JSX.IntrinsicElements'.
components/poi-management/POIDetailsModal.tsx(4291,26): error TS2339: Property 'h5' does not exist on type 'JSX.IntrinsicElements'.
components/poi-management/POIDetailsModal.tsx(4292,26): error TS2339: Property 'p' does not exist on type 'JSX.IntrinsicElements'.
components/poi-management/POIDetailsModal.tsx(4294,26): error TS2339: Property 'p' does not exist on type 'JSX.IntrinsicElements'.
components/poi-management/POIDetailsModal.tsx(4296,28): error TS2339: Property 'p' does not exist on type 'JSX.IntrinsicElements'.
components/poi-management/POIDetailsModal.tsx(4298,28): error TS2339: Property 'p' does not exist on type 'JSX.IntrinsicElements'.
components/poi-management/POIDetailsModal.tsx(4300,23): error TS2339: Property 'div' does not exist on type 'JSX.IntrinsicElements'.
components/poi-management/POIDetailsModal.tsx(4343,19): error TS2339: Property 'div' does not exist on type 'JSX.IntrinsicElements'.
components/poi-management/POIDetailsModal.tsx(4345,15): error TS2339: Property 'div' does not exist on type 'JSX.IntrinsicElements'.
components/poi-management/POIDetailsModal.tsx(4347,15): error TS2339: Property 'div' does not exist on type 'JSX.IntrinsicElements'.
components/poi-management/POIDetailsModal.tsx(4349,19): error TS2339: Property 'div' does not exist on type 'JSX.IntrinsicElements'.
components/poi-management/POIDetailsModal.tsx(4351,21): error TS2339: Property 'div' does not exist on type 'JSX.IntrinsicElements'.
components/poi-management/POIDetailsModal.tsx(4352,23): error TS2339: Property 'div' does not exist on type 'JSX.IntrinsicElements'.
components/poi-management/POIDetailsModal.tsx(4353,25): error TS2339: Property 'h4' does not exist on type 'JSX.IntrinsicElements'.
components/poi-management/POIDetailsModal.tsx(4356,25): error TS2339: Property 'h4' does not exist on type 'JSX.IntrinsicElements'.
components/poi-management/POIDetailsModal.tsx(4357,25): error TS2339: Property 'p' does not exist on type 'JSX.IntrinsicElements'.
components/poi-management/POIDetailsModal.tsx(4359,25): error TS2339: Property 'p' does not exist on type 'JSX.IntrinsicElements'.
components/poi-management/POIDetailsModal.tsx(4360,23): error TS2339: Property 'div' does not exist on type 'JSX.IntrinsicElements'.
components/poi-management/POIDetailsModal.tsx(4362,25): error TS2339: Property 'div' does not exist on type 'JSX.IntrinsicElements'.
components/poi-management/POIDetailsModal.tsx(4363,27): error TS2339: Property 'span' does not exist on type 'JSX.IntrinsicElements'.
components/poi-management/POIDetailsModal.tsx(4366,27): error TS2339: Property 'span' does not exist on type 'JSX.IntrinsicElements'.
components/poi-management/POIDetailsModal.tsx(4367,25): error TS2339: Property 'div' does not exist on type 'JSX.IntrinsicElements'.
components/poi-management/POIDetailsModal.tsx(4369,21): error TS2339: Property 'div' does not exist on type 'JSX.IntrinsicElements'.
components/poi-management/POIDetailsModal.tsx(4373,23): error TS2339: Property 'div' does not exist on type 'JSX.IntrinsicElements'.
components/poi-management/POIDetailsModal.tsx(4374,25): error TS2339: Property 'div' does not exist on type 'JSX.IntrinsicElements'.
components/poi-management/POIDetailsModal.tsx(4375,27): error TS2339: Property 'div' does not exist on type 'JSX.IntrinsicElements'.
components/poi-management/POIDetailsModal.tsx(4376,29): error TS2339: Property 'div' does not exist on type 'JSX.IntrinsicElements'.
components/poi-management/POIDetailsModal.tsx(4378,29): error TS2339: Property 'div' does not exist on type 'JSX.IntrinsicElements'.
components/poi-management/POIDetailsModal.tsx(4379,27): error TS2339: Property 'div' does not exist on type 'JSX.IntrinsicElements'.
components/poi-management/POIDetailsModal.tsx(4380,27): error TS2339: Property 'div' does not exist on type 'JSX.IntrinsicElements'.
components/poi-management/POIDetailsModal.tsx(4381,29): error TS2339: Property 'h5' does not exist on type 'JSX.IntrinsicElements'.
components/poi-management/POIDetailsModal.tsx(4383,30): error TS2339: Property 'h5' does not exist on type 'JSX.IntrinsicElements'.
components/poi-management/POIDetailsModal.tsx(4384,30): error TS2339: Property 'p' does not exist on type 'JSX.IntrinsicElements'.
components/poi-management/POIDetailsModal.tsx(4386,30): error TS2339: Property 'p' does not exist on type 'JSX.IntrinsicElements'.
components/poi-management/POIDetailsModal.tsx(4387,27): error TS2339: Property 'div' does not exist on type 'JSX.IntrinsicElements'.
components/poi-management/POIDetailsModal.tsx(4388,25): error TS2339: Property 'div' does not exist on type 'JSX.IntrinsicElements'.
components/poi-management/POIDetailsModal.tsx(4389,23): error TS2339: Property 'div' does not exist on type 'JSX.IntrinsicElements'.
components/poi-management/POIDetailsModal.tsx(4393,21): error TS2339: Property 'div' does not exist on type 'JSX.IntrinsicElements'.
components/poi-management/POIDetailsModal.tsx(4394,23): error TS2339: Property 'div' does not exist on type 'JSX.IntrinsicElements'.
components/poi-management/POIDetailsModal.tsx(4395,26): error TS2339: Property 'h5' does not exist on type 'JSX.IntrinsicElements'.
components/poi-management/POIDetailsModal.tsx(4397,26): error TS2339: Property 'h5' does not exist on type 'JSX.IntrinsicElements'.
components/poi-management/POIDetailsModal.tsx(4398,25): error TS2339: Property 'div' does not exist on type 'JSX.IntrinsicElements'.
components/poi-management/POIDetailsModal.tsx(4401,26): error TS2339: Property 'div' does not exist on type 'JSX.IntrinsicElements'.
components/poi-management/POIDetailsModal.tsx(4402,23): error TS2339: Property 'div' does not exist on type 'JSX.IntrinsicElements'.
components/poi-management/POIDetailsModal.tsx(4404,23): error TS2339: Property 'div' does not exist on type 'JSX.IntrinsicElements'.
components/poi-management/POIDetailsModal.tsx(4405,25): error TS2339: Property 'div' does not exist on type 'JSX.IntrinsicElements'.
components/poi-management/POIDetailsModal.tsx(4422,25): error TS2339: Property 'div' does not exist on type 'JSX.IntrinsicElements'.
components/poi-management/POIDetailsModal.tsx(4425,25): error TS2339: Property 'div' does not exist on type 'JSX.IntrinsicElements'.
components/poi-management/POIDetailsModal.tsx(4426,27): error TS2339: Property 'div' does not exist on type 'JSX.IntrinsicElements'.
components/poi-management/POIDetailsModal.tsx(4427,29): error TS2339: Property 'div' does not exist on type 'JSX.IntrinsicElements'.
components/poi-management/POIDetailsModal.tsx(4428,32): error TS2339: Property 'div' does not exist on type 'JSX.IntrinsicElements'.
components/poi-management/POIDetailsModal.tsx(4428,83): error TS2339: Property 'div' does not exist on type 'JSX.IntrinsicElements'.
components/poi-management/POIDetailsModal.tsx(4429,32): error TS2339: Property 'span' does not exist on type 'JSX.IntrinsicElements'.
components/poi-management/POIDetailsModal.tsx(4429,105): error TS2339: Property 'span' does not exist on type 'JSX.IntrinsicElements'.
components/poi-management/POIDetailsModal.tsx(4430,30): error TS2339: Property 'div' does not exist on type 'JSX.IntrinsicElements'.
components/poi-management/POIDetailsModal.tsx(4431,29): error TS2339: Property 'div' does not exist on type 'JSX.IntrinsicElements'.
components/poi-management/POIDetailsModal.tsx(4432,32): error TS2339: Property 'div' does not exist on type 'JSX.IntrinsicElements'.
components/poi-management/POIDetailsModal.tsx(4432,86): error TS2339: Property 'div' does not exist on type 'JSX.IntrinsicElements'.
components/poi-management/POIDetailsModal.tsx(4433,32): error TS2339: Property 'span' does not exist on type 'JSX.IntrinsicElements'.
components/poi-management/POIDetailsModal.tsx(4433,111): error TS2339: Property 'span' does not exist on type 'JSX.IntrinsicElements'.
components/poi-management/POIDetailsModal.tsx(4434,30): error TS2339: Property 'div' does not exist on type 'JSX.IntrinsicElements'.
components/poi-management/POIDetailsModal.tsx(4435,29): error TS2339: Property 'div' does not exist on type 'JSX.IntrinsicElements'.
components/poi-management/POIDetailsModal.tsx(4436,32): error TS2339: Property 'div' does not exist on type 'JSX.IntrinsicElements'.
components/poi-management/POIDetailsModal.tsx(4436,82): error TS2339: Property 'div' does not exist on type 'JSX.IntrinsicElements'.
components/poi-management/POIDetailsModal.tsx(4437,32): error TS2339: Property 'span' does not exist on type 'JSX.IntrinsicElements'.
components/poi-management/POIDetailsModal.tsx(4437,112): error TS2339: Property 'span' does not exist on type 'JSX.IntrinsicElements'.
components/poi-management/POIDetailsModal.tsx(4438,30): error TS2339: Property 'div' does not exist on type 'JSX.IntrinsicElements'.
components/poi-management/POIDetailsModal.tsx(4439,27): error TS2339: Property 'div' does not exist on type 'JSX.IntrinsicElements'.
components/poi-management/POIDetailsModal.tsx(4440,25): error TS2339: Property 'div' does not exist on type 'JSX.IntrinsicElements'.
components/poi-management/POIDetailsModal.tsx(4441,23): error TS2339: Property 'div' does not exist on type 'JSX.IntrinsicElements'.
components/poi-management/POIDetailsModal.tsx(4442,21): error TS2339: Property 'div' does not exist on type 'JSX.IntrinsicElements'.
components/poi-management/POIDetailsModal.tsx(4445,21): error TS2339: Property 'div' does not exist on type 'JSX.IntrinsicElements'.
components/poi-management/POIDetailsModal.tsx(4446,24): error TS2339: Property 'h5' does not exist on type 'JSX.IntrinsicElements'.
components/poi-management/POIDetailsModal.tsx(4448,24): error TS2339: Property 'h5' does not exist on type 'JSX.IntrinsicElements'.
components/poi-management/POIDetailsModal.tsx(4451,25): error TS2339: Property 'div' does not exist on type 'JSX.IntrinsicElements'.
components/poi-management/POIDetailsModal.tsx(4453,29): error TS2339: Property 'div' does not exist on type 'JSX.IntrinsicElements'.
components/poi-management/POIDetailsModal.tsx(4463,31): error TS2339: Property 'input' does not exist on type 'JSX.IntrinsicElements'.
components/poi-management/POIDetailsModal.tsx(4469,31): error TS2339: Property 'div' does not exist on type 'JSX.IntrinsicElements'.
components/poi-management/POIDetailsModal.tsx(4470,33): error TS2339: Property 'p' does not exist on type 'JSX.IntrinsicElements'.
components/poi-management/POIDetailsModal.tsx(4472,33): error TS2339: Property 'p' does not exist on type 'JSX.IntrinsicElements'.
components/poi-management/POIDetailsModal.tsx(4474,35): error TS2339: Property 'p' does not exist on type 'JSX.IntrinsicElements'.
components/poi-management/POIDetailsModal.tsx(4476,35): error TS2339: Property 'p' does not exist on type 'JSX.IntrinsicElements'.
components/poi-management/POIDetailsModal.tsx(4478,31): error TS2339: Property 'div' does not exist on type 'JSX.IntrinsicElements'.
components/poi-management/POIDetailsModal.tsx(4480,33): error TS2339: Property 'div' does not exist on type 'JSX.IntrinsicElements'.
components/poi-management/POIDetailsModal.tsx(4483,33): error TS2339: Property 'div' does not exist on type 'JSX.IntrinsicElements'.
components/poi-management/POIDetailsModal.tsx(4485,29): error TS2339: Property 'div' does not exist on type 'JSX.IntrinsicElements'.
components/poi-management/POIDetailsModal.tsx(4487,25): error TS2339: Property 'div' does not exist on type 'JSX.IntrinsicElements'.
components/poi-management/POIDetailsModal.tsx(4489,25): error TS2339: Property 'div' does not exist on type 'JSX.IntrinsicElements'.
components/poi-management/POIDetailsModal.tsx(4491,26): error TS2339: Property 'p' does not exist on type 'JSX.IntrinsicElements'.
components/poi-management/POIDetailsModal.tsx(4491,89): error TS2339: Property 'p' does not exist on type 'JSX.IntrinsicElements'.
components/poi-management/POIDetailsModal.tsx(4492,26): error TS2339: Property 'p' does not exist on type 'JSX.IntrinsicElements'.
components/poi-management/POIDetailsModal.tsx(4492,92): error TS2339: Property 'p' does not exist on type 'JSX.IntrinsicElements'.
components/poi-management/POIDetailsModal.tsx(4493,24): error TS2339: Property 'div' does not exist on type 'JSX.IntrinsicElements'.
components/poi-management/POIDetailsModal.tsx(4495,21): error TS2339: Property 'div' does not exist on type 'JSX.IntrinsicElements'.
components/poi-management/POIDetailsModal.tsx(4498,21): error TS2339: Property 'div' does not exist on type 'JSX.IntrinsicElements'.
components/poi-management/POIDetailsModal.tsx(4499,24): error TS2339: Property 'h5' does not exist on type 'JSX.IntrinsicElements'.
components/poi-management/POIDetailsModal.tsx(4501,24): error TS2339: Property 'h5' does not exist on type 'JSX.IntrinsicElements'.
components/poi-management/POIDetailsModal.tsx(4503,23): error TS2339: Property 'div' does not exist on type 'JSX.IntrinsicElements'.
components/poi-management/POIDetailsModal.tsx(4504,25): error TS2339: Property 'div' does not exist on type 'JSX.IntrinsicElements'.
components/poi-management/POIDetailsModal.tsx(4505,28): error TS2339: Property 'label' does not exist on type 'JSX.IntrinsicElements'.
components/poi-management/POIDetailsModal.tsx(4507,28): error TS2339: Property 'label' does not exist on type 'JSX.IntrinsicElements'.
components/poi-management/POIDetailsModal.tsx(4508,27): error TS2339: Property 'input' does not exist on type 'JSX.IntrinsicElements'.
components/poi-management/POIDetailsModal.tsx(4515,25): error TS2339: Property 'div' does not exist on type 'JSX.IntrinsicElements'.
components/poi-management/POIDetailsModal.tsx(4517,25): error TS2339: Property 'div' does not exist on type 'JSX.IntrinsicElements'.
components/poi-management/POIDetailsModal.tsx(4518,27): error TS2339: Property 'div' does not exist on type 'JSX.IntrinsicElements'.
components/poi-management/POIDetailsModal.tsx(4519,30): error TS2339: Property 'p' does not exist on type 'JSX.IntrinsicElements'.
components/poi-management/POIDetailsModal.tsx(4521,30): error TS2339: Property 'p' does not exist on type 'JSX.IntrinsicElements'.
components/poi-management/POIDetailsModal.tsx(4522,30): error TS2339: Property 'p' does not exist on type 'JSX.IntrinsicElements'.
components/poi-management/POIDetailsModal.tsx(4524,30): error TS2339: Property 'p' does not exist on type 'JSX.IntrinsicElements'.
components/poi-management/POIDetailsModal.tsx(4525,27): error TS2339: Property 'div' does not exist on type 'JSX.IntrinsicElements'.
components/poi-management/POIDetailsModal.tsx(4526,28): error TS2339: Property 'span' does not exist on type 'JSX.IntrinsicElements'.
components/poi-management/POIDetailsModal.tsx(4528,28): error TS2339: Property 'span' does not exist on type 'JSX.IntrinsicElements'.
components/poi-management/POIDetailsModal.tsx(4529,25): error TS2339: Property 'div' does not exist on type 'JSX.IntrinsicElements'.
components/poi-management/POIDetailsModal.tsx(4532,27): error TS2339: Property 'div' does not exist on type 'JSX.IntrinsicElements'.
components/poi-management/POIDetailsModal.tsx(4533,30): error TS2339: Property 'p' does not exist on type 'JSX.IntrinsicElements'.
components/poi-management/POIDetailsModal.tsx(4535,30): error TS2339: Property 'p' does not exist on type 'JSX.IntrinsicElements'.
components/poi-management/POIDetailsModal.tsx(4536,29): error TS2339: Property 'div' does not exist on type 'JSX.IntrinsicElements'.
components/poi-management/POIDetailsModal.tsx(4541,37): error TS2339: Property 'div' does not exist on type 'JSX.IntrinsicElements'.
components/poi-management/POIDetailsModal.tsx(4544,38): error TS2339: Property 'div' does not exist on type 'JSX.IntrinsicElements'.
components/poi-management/POIDetailsModal.tsx(4550,35): error TS2339: Property 'div' does not exist on type 'JSX.IntrinsicElements'.
components/poi-management/POIDetailsModal.tsx(4553,35): error TS2339: Property 'div' does not exist on type 'JSX.IntrinsicElements'.
components/poi-management/POIDetailsModal.tsx(4555,35): error TS2339: Property 'div' does not exist on type 'JSX.IntrinsicElements'.
components/poi-management/POIDetailsModal.tsx(4558,35): error TS2339: Property 'div' does not exist on type 'JSX.IntrinsicElements'.
components/poi-management/POIDetailsModal.tsx(4561,29): error TS2339: Property 'div' does not exist on type 'JSX.IntrinsicElements'.
components/poi-management/POIDetailsModal.tsx(4562,27): error TS2339: Property 'div' does not exist on type 'JSX.IntrinsicElements'.
components/poi-management/POIDetailsModal.tsx(4564,23): error TS2339: Property 'div' does not exist on type 'JSX.IntrinsicElements'.
components/poi-management/POIDetailsModal.tsx(4565,21): error TS2339: Property 'div' does not exist on type 'JSX.IntrinsicElements'.
components/poi-management/POIDetailsModal.tsx(4568,21): error TS2339: Property 'div' does not exist on type 'JSX.IntrinsicElements'.
components/poi-management/POIDetailsModal.tsx(4569,23): error TS2339: Property 'div' does not exist on type 'JSX.IntrinsicElements'.
components/poi-management/POIDetailsModal.tsx(4571,28): error TS2339: Property 'span' does not exist on type 'JSX.IntrinsicElements'.
components/poi-management/POIDetailsModal.tsx(4571,68): error TS2339: Property 'span' does not exist on type 'JSX.IntrinsicElements'.
components/poi-management/POIDetailsModal.tsx(4573,28): error TS2339: Property 'span' does not exist on type 'JSX.IntrinsicElements'.
components/poi-management/POIDetailsModal.tsx(4573,174): error TS2339: Property 'span' does not exist on type 'JSX.IntrinsicElements'.
components/poi-management/POIDetailsModal.tsx(4575,23): error TS2339: Property 'div' does not exist on type 'JSX.IntrinsicElements'.
components/poi-management/POIDetailsModal.tsx(4577,23): error TS2339: Property 'div' does not exist on type 'JSX.IntrinsicElements'.
components/poi-management/POIDetailsModal.tsx(4579,27): error TS2339: Property 'button' does not exist on type 'JSX.IntrinsicElements'.
components/poi-management/POIDetailsModal.tsx(4590,28): error TS2339: Property 'button' does not exist on type 'JSX.IntrinsicElements'.
components/poi-management/POIDetailsModal.tsx(4593,25): error TS2339: Property 'button' does not exist on type 'JSX.IntrinsicElements'.
components/poi-management/POIDetailsModal.tsx(4606,25): error TS2339: Property 'button' does not exist on type 'JSX.IntrinsicElements'.
components/poi-management/POIDetailsModal.tsx(4607,23): error TS2339: Property 'div' does not exist on type 'JSX.IntrinsicElements'.
components/poi-management/POIDetailsModal.tsx(4608,21): error TS2339: Property 'div' does not exist on type 'JSX.IntrinsicElements'.
components/poi-management/POIDetailsModal.tsx(4609,19): error TS2339: Property 'div' does not exist on type 'JSX.IntrinsicElements'.
components/poi-management/POIDetailsModal.tsx(4611,19): error TS2339: Property 'div' does not exist on type 'JSX.IntrinsicElements'.
components/poi-management/POIDetailsModal.tsx(4613,21): error TS2339: Property 'p' does not exist on type 'JSX.IntrinsicElements'.
components/poi-management/POIDetailsModal.tsx(4613,94): error TS2339: Property 'p' does not exist on type 'JSX.IntrinsicElements'.
components/poi-management/POIDetailsModal.tsx(4614,21): error TS2339: Property 'p' does not exist on type 'JSX.IntrinsicElements'.
components/poi-management/POIDetailsModal.tsx(4614,84): error TS2339: Property 'p' does not exist on type 'JSX.IntrinsicElements'.
components/poi-management/POIDetailsModal.tsx(4615,19): error TS2339: Property 'div' does not exist on type 'JSX.IntrinsicElements'.
components/poi-management/POIDetailsModal.tsx(4617,15): error TS2339: Property 'div' does not exist on type 'JSX.IntrinsicElements'.
components/poi-management/POIDetailsModal.tsx(4619,15): error TS2339: Property 'div' does not exist on type 'JSX.IntrinsicElements'.
components/poi-management/POIDetailsModal.tsx(4620,17): error TS2339: Property 'div' does not exist on type 'JSX.IntrinsicElements'.
components/poi-management/POIDetailsModal.tsx(4622,19): error TS2339: Property 'div' does not exist on type 'JSX.IntrinsicElements'.
components/poi-management/POIDetailsModal.tsx(4623,21): error TS2339: Property 'h4' does not exist on type 'JSX.IntrinsicElements'.
components/poi-management/POIDetailsModal.tsx(4626,21): error TS2339: Property 'h4' does not exist on type 'JSX.IntrinsicElements'.
components/poi-management/POIDetailsModal.tsx(4627,21): error TS2339: Property 'p' does not exist on type 'JSX.IntrinsicElements'.
components/poi-management/POIDetailsModal.tsx(4629,21): error TS2339: Property 'p' does not exist on type 'JSX.IntrinsicElements'.
components/poi-management/POIDetailsModal.tsx(4632,21): error TS2339: Property 'div' does not exist on type 'JSX.IntrinsicElements'.
components/poi-management/POIDetailsModal.tsx(4633,23): error TS2339: Property 'div' does not exist on type 'JSX.IntrinsicElements'.
components/poi-management/POIDetailsModal.tsx(4639,25): error TS2339: Property 'div' does not exist on type 'JSX.IntrinsicElements'.
components/poi-management/POIDetailsModal.tsx(4640,27): error TS2339: Property 'div' does not exist on type 'JSX.IntrinsicElements'.
components/poi-management/POIDetailsModal.tsx(4641,30): error TS2339: Property 'span' does not exist on type 'JSX.IntrinsicElements'.
components/poi-management/POIDetailsModal.tsx(4643,30): error TS2339: Property 'span' does not exist on type 'JSX.IntrinsicElements'.
components/poi-management/POIDetailsModal.tsx(4645,27): error TS2339: Property 'div' does not exist on type 'JSX.IntrinsicElements'.
components/poi-management/POIDetailsModal.tsx(4646,28): error TS2339: Property 'span' does not exist on type 'JSX.IntrinsicElements'.
components/poi-management/POIDetailsModal.tsx(4648,28): error TS2339: Property 'span' does not exist on type 'JSX.IntrinsicElements'.
components/poi-management/POIDetailsModal.tsx(4649,25): error TS2339: Property 'div' does not exist on type 'JSX.IntrinsicElements'.
components/poi-management/POIDetailsModal.tsx(4650,23): error TS2339: Property 'div' does not exist on type 'JSX.IntrinsicElements'.
components/poi-management/POIDetailsModal.tsx(4651,21): error TS2339: Property 'div' does not exist on type 'JSX.IntrinsicElements'.
components/poi-management/POIDetailsModal.tsx(4652,19): error TS2339: Property 'div' does not exist on type 'JSX.IntrinsicElements'.
components/poi-management/POIDetailsModal.tsx(4655,19): error TS2339: Property 'div' does not exist on type 'JSX.IntrinsicElements'.
components/poi-management/POIDetailsModal.tsx(4656,22): error TS2339: Property 'h5' does not exist on type 'JSX.IntrinsicElements'.
components/poi-management/POIDetailsModal.tsx(4658,22): error TS2339: Property 'h5' does not exist on type 'JSX.IntrinsicElements'.
components/poi-management/POIDetailsModal.tsx(4660,21): error TS2339: Property 'div' does not exist on type 'JSX.IntrinsicElements'.
components/poi-management/POIDetailsModal.tsx(4661,23): error TS2339: Property 'div' does not exist on type 'JSX.IntrinsicElements'.
components/poi-management/POIDetailsModal.tsx(4662,26): error TS2339: Property 'p' does not exist on type 'JSX.IntrinsicElements'.
components/poi-management/POIDetailsModal.tsx(4662,112): error TS2339: Property 'p' does not exist on type 'JSX.IntrinsicElements'.
components/poi-management/POIDetailsModal.tsx(4663,26): error TS2339: Property 'p' does not exist on type 'JSX.IntrinsicElements'.
components/poi-management/POIDetailsModal.tsx(4663,105): error TS2339: Property 'p' does not exist on type 'JSX.IntrinsicElements'.
components/poi-management/POIDetailsModal.tsx(4664,23): error TS2339: Property 'div' does not exist on type 'JSX.IntrinsicElements'.
components/poi-management/POIDetailsModal.tsx(4665,23): error TS2339: Property 'div' does not exist on type 'JSX.IntrinsicElements'.
components/poi-management/POIDetailsModal.tsx(4666,26): error TS2339: Property 'p' does not exist on type 'JSX.IntrinsicElements'.
components/poi-management/POIDetailsModal.tsx(4666,119): error TS2339: Property 'p' does not exist on type 'JSX.IntrinsicElements'.
components/poi-management/POIDetailsModal.tsx(4667,25): error TS2339: Property 'div' does not exist on type 'JSX.IntrinsicElements'.
components/poi-management/POIDetailsModal.tsx(4670,31): error TS2339: Property 'span' does not exist on type 'JSX.IntrinsicElements'.
components/poi-management/POIDetailsModal.tsx(4675,32): error TS2339: Property 'span' does not exist on type 'JSX.IntrinsicElements'.
components/poi-management/POIDetailsModal.tsx(4678,30): error TS2339: Property 'span' does not exist on type 'JSX.IntrinsicElements'.
components/poi-management/POIDetailsModal.tsx(4678,111): error TS2339: Property 'span' does not exist on type 'JSX.IntrinsicElements'.
components/poi-management/POIDetailsModal.tsx(4681,29): error TS2339: Property 'span' does not exist on type 'JSX.IntrinsicElements'.
components/poi-management/POIDetailsModal.tsx(4681,130): error TS2339: Property 'span' does not exist on type 'JSX.IntrinsicElements'.
components/poi-management/POIDetailsModal.tsx(4683,25): error TS2339: Property 'div' does not exist on type 'JSX.IntrinsicElements'.
components/poi-management/POIDetailsModal.tsx(4684,23): error TS2339: Property 'div' does not exist on type 'JSX.IntrinsicElements'.
components/poi-management/POIDetailsModal.tsx(4685,23): error TS2339: Property 'div' does not exist on type 'JSX.IntrinsicElements'.
components/poi-management/POIDetailsModal.tsx(4686,26): error TS2339: Property 'p' does not exist on type 'JSX.IntrinsicElements'.
components/poi-management/POIDetailsModal.tsx(4686,122): error TS2339: Property 'p' does not exist on type 'JSX.IntrinsicElements'.
components/poi-management/POIDetailsModal.tsx(4687,26): error TS2339: Property 'p' does not exist on type 'JSX.IntrinsicElements'.
components/poi-management/POIDetailsModal.tsx(4687,154): error TS2339: Property 'p' does not exist on type 'JSX.IntrinsicElements'.
components/poi-management/POIDetailsModal.tsx(4688,23): error TS2339: Property 'div' does not exist on type 'JSX.IntrinsicElements'.
components/poi-management/POIDetailsModal.tsx(4689,23): error TS2339: Property 'div' does not exist on type 'JSX.IntrinsicElements'.
components/poi-management/POIDetailsModal.tsx(4690,26): error TS2339: Property 'p' does not exist on type 'JSX.IntrinsicElements'.
components/poi-management/POIDetailsModal.tsx(4690,114): error TS2339: Property 'p' does not exist on type 'JSX.IntrinsicElements'.
components/poi-management/POIDetailsModal.tsx(4691,25): error TS2339: Property 'div' does not exist on type 'JSX.IntrinsicElements'.
components/poi-management/POIDetailsModal.tsx(4693,27): error TS2339: Property 'span' does not exist on type 'JSX.IntrinsicElements'.
components/poi-management/POIDetailsModal.tsx(4693,114): error TS2339: Property 'span' does not exist on type 'JSX.IntrinsicElements'.
components/poi-management/POIDetailsModal.tsx(4694,25): error TS2339: Property 'div' does not exist on type 'JSX.IntrinsicElements'.
components/poi-management/POIDetailsModal.tsx(4695,23): error TS2339: Property 'div' does not exist on type 'JSX.IntrinsicElements'.
components/poi-management/POIDetailsModal.tsx(4696,21): error TS2339: Property 'div' does not exist on type 'JSX.IntrinsicElements'.
components/poi-management/POIDetailsModal.tsx(4699,23): error TS2339: Property 'div' does not exist on type 'JSX.IntrinsicElements'.
components/poi-management/POIDetailsModal.tsx(4700,25): error TS2339: Property 'div' does not exist on type 'JSX.IntrinsicElements'.
components/poi-management/POIDetailsModal.tsx(4701,28): error TS2339: Property 'p' does not exist on type 'JSX.IntrinsicElements'.
components/poi-management/POIDetailsModal.tsx(4701,121): error TS2339: Property 'p' does not exist on type 'JSX.IntrinsicElements'.
components/poi-management/POIDetailsModal.tsx(4703,29): error TS2339: Property 'span' does not exist on type 'JSX.IntrinsicElements'.
components/poi-management/POIDetailsModal.tsx(4711,29): error TS2339: Property 'span' does not exist on type 'JSX.IntrinsicElements'.
components/poi-management/POIDetailsModal.tsx(4713,25): error TS2339: Property 'div' does not exist on type 'JSX.IntrinsicElements'.
components/poi-management/POIDetailsModal.tsx(4714,25): error TS2339: Property 'div' does not exist on type 'JSX.IntrinsicElements'.
components/poi-management/POIDetailsModal.tsx(4715,27): error TS2339: Property 'p' does not exist on type 'JSX.IntrinsicElements'.
components/poi-management/POIDetailsModal.tsx(4715,100): error TS2339: Property 'p' does not exist on type 'JSX.IntrinsicElements'.
components/poi-management/POIDetailsModal.tsx(4716,25): error TS2339: Property 'div' does not exist on type 'JSX.IntrinsicElements'.
components/poi-management/POIDetailsModal.tsx(4717,23): error TS2339: Property 'div' does not exist on type 'JSX.IntrinsicElements'.
components/poi-management/POIDetailsModal.tsx(4719,19): error TS2339: Property 'div' does not exist on type 'JSX.IntrinsicElements'.
components/poi-management/POIDetailsModal.tsx(4722,19): error TS2339: Property 'div' does not exist on type 'JSX.IntrinsicElements'.
components/poi-management/POIDetailsModal.tsx(4723,22): error TS2339: Property 'h5' does not exist on type 'JSX.IntrinsicElements'.
components/poi-management/POIDetailsModal.tsx(4725,22): error TS2339: Property 'h5' does not exist on type 'JSX.IntrinsicElements'.
components/poi-management/POIDetailsModal.tsx(4727,21): error TS2339: Property 'div' does not exist on type 'JSX.IntrinsicElements'.
components/poi-management/POIDetailsModal.tsx(4729,23): error TS2339: Property 'div' does not exist on type 'JSX.IntrinsicElements'.
components/poi-management/POIDetailsModal.tsx(4730,26): error TS2339: Property 'div' does not exist on type 'JSX.IntrinsicElements'.
components/poi-management/POIDetailsModal.tsx(4732,28): error TS2339: Property 'span' does not exist on type 'JSX.IntrinsicElements'.
components/poi-management/POIDetailsModal.tsx(4732,121): error TS2339: Property 'span' does not exist on type 'JSX.IntrinsicElements'.
components/poi-management/POIDetailsModal.tsx(4733,26): error TS2339: Property 'div' does not exist on type 'JSX.IntrinsicElements'.
components/poi-management/POIDetailsModal.tsx(4734,25): error TS2339: Property 'div' does not exist on type 'JSX.IntrinsicElements'.
components/poi-management/POIDetailsModal.tsx(4738,31): error TS2339: Property 'div' does not exist on type 'JSX.IntrinsicElements'.
components/poi-management/POIDetailsModal.tsx(4749,32): error TS2339: Property 'div' does not exist on type 'JSX.IntrinsicElements'.
components/poi-management/POIDetailsModal.tsx(4763,32): error TS2339: Property 'span' does not exist on type 'JSX.IntrinsicElements'.
components/poi-management/POIDetailsModal.tsx(4763,117): error TS2339: Property 'span' does not exist on type 'JSX.IntrinsicElements'.
components/poi-management/POIDetailsModal.tsx(4766,25): error TS2339: Property 'div' does not exist on type 'JSX.IntrinsicElements'.
components/poi-management/POIDetailsModal.tsx(4767,23): error TS2339: Property 'div' does not exist on type 'JSX.IntrinsicElements'.
components/poi-management/POIDetailsModal.tsx(4770,23): error TS2339: Property 'div' does not exist on type 'JSX.IntrinsicElements'.
components/poi-management/POIDetailsModal.tsx(4771,26): error TS2339: Property 'div' does not exist on type 'JSX.IntrinsicElements'.
components/poi-management/POIDetailsModal.tsx(4773,28): error TS2339: Property 'span' does not exist on type 'JSX.IntrinsicElements'.
components/poi-management/POIDetailsModal.tsx(4773,115): error TS2339: Property 'span' does not exist on type 'JSX.IntrinsicElements'.
components/poi-management/POIDetailsModal.tsx(4774,26): error TS2339: Property 'div' does not exist on type 'JSX.IntrinsicElements'.
components/poi-management/POIDetailsModal.tsx(4775,25): error TS2339: Property 'div' does not exist on type 'JSX.IntrinsicElements'.
components/poi-management/POIDetailsModal.tsx(4779,32): error TS2339: Property 'span' does not exist on type 'JSX.IntrinsicElements'.
components/poi-management/POIDetailsModal.tsx(4781,32): error TS2339: Property 'span' does not exist on type 'JSX.IntrinsicElements'.
components/poi-management/POIDetailsModal.tsx(4786,32): error TS2339: Property 'span' does not exist on type 'JSX.IntrinsicElements'.
components/poi-management/POIDetailsModal.tsx(4786,121): error TS2339: Property 'span' does not exist on type 'JSX.IntrinsicElements'.
components/poi-management/POIDetailsModal.tsx(4789,25): error TS2339: Property 'div' does not exist on type 'JSX.IntrinsicElements'.
components/poi-management/POIDetailsModal.tsx(4790,23): error TS2339: Property 'div' does not exist on type 'JSX.IntrinsicElements'.
components/poi-management/POIDetailsModal.tsx(4793,23): error TS2339: Property 'div' does not exist on type 'JSX.IntrinsicElements'.
components/poi-management/POIDetailsModal.tsx(4794,26): error TS2339: Property 'div' does not exist on type 'JSX.IntrinsicElements'.
components/poi-management/POIDetailsModal.tsx(4796,28): error TS2339: Property 'span' does not exist on type 'JSX.IntrinsicElements'.
components/poi-management/POIDetailsModal.tsx(4796,124): error TS2339: Property 'span' does not exist on type 'JSX.IntrinsicElements'.
components/poi-management/POIDetailsModal.tsx(4797,26): error TS2339: Property 'div' does not exist on type 'JSX.IntrinsicElements'.
components/poi-management/POIDetailsModal.tsx(4798,25): error TS2339: Property 'div' does not exist on type 'JSX.IntrinsicElements'.
components/poi-management/POIDetailsModal.tsx(4800,27): error TS2339: Property 'span' does not exist on type 'JSX.IntrinsicElements'.
components/poi-management/POIDetailsModal.tsx(4802,27): error TS2339: Property 'span' does not exist on type 'JSX.IntrinsicElements'.
components/poi-management/POIDetailsModal.tsx(4803,25): error TS2339: Property 'div' does not exist on type 'JSX.IntrinsicElements'.
components/poi-management/POIDetailsModal.tsx(4804,23): error TS2339: Property 'div' does not exist on type 'JSX.IntrinsicElements'.
components/poi-management/POIDetailsModal.tsx(4805,21): error TS2339: Property 'div' does not exist on type 'JSX.IntrinsicElements'.
components/poi-management/POIDetailsModal.tsx(4806,19): error TS2339: Property 'div' does not exist on type 'JSX.IntrinsicElements'.
components/poi-management/POIDetailsModal.tsx(4811,19): error TS2339: Property 'div' does not exist on type 'JSX.IntrinsicElements'.
components/poi-management/POIDetailsModal.tsx(4817,21): error TS2339: Property 'div' does not exist on type 'JSX.IntrinsicElements'.
components/poi-management/POIDetailsModal.tsx(4821,27): error TS2339: Property 'div' does not exist on type 'JSX.IntrinsicElements'.
components/poi-management/POIDetailsModal.tsx(4822,29): error TS2339: Property 'div' does not exist on type 'JSX.IntrinsicElements'.
components/poi-management/POIDetailsModal.tsx(4823,32): error TS2339: Property 'h6' does not exist on type 'JSX.IntrinsicElements'.
components/poi-management/POIDetailsModal.tsx(4825,32): error TS2339: Property 'h6' does not exist on type 'JSX.IntrinsicElements'.
components/poi-management/POIDetailsModal.tsx(4827,33): error TS2339: Property 'span' does not exist on type 'JSX.IntrinsicElements'.
components/poi-management/POIDetailsModal.tsx(4829,33): error TS2339: Property 'span' does not exist on type 'JSX.IntrinsicElements'.
components/poi-management/POIDetailsModal.tsx(4831,29): error TS2339: Property 'div' does not exist on type 'JSX.IntrinsicElements'.
components/poi-management/POIDetailsModal.tsx(4832,30): error TS2339: Property 'p' does not exist on type 'JSX.IntrinsicElements'.
components/poi-management/POIDetailsModal.tsx(4834,30): error TS2339: Property 'p' does not exist on type 'JSX.IntrinsicElements'.
components/poi-management/POIDetailsModal.tsx(4835,27): error TS2339: Property 'div' does not exist on type 'JSX.IntrinsicElements'.
components/poi-management/POIDetailsModal.tsx(4840,27): error TS2339: Property 'div' does not exist on type 'JSX.IntrinsicElements'.
components/poi-management/POIDetailsModal.tsx(4841,29): error TS2339: Property 'div' does not exist on type 'JSX.IntrinsicElements'.
components/poi-management/POIDetailsModal.tsx(4842,32): error TS2339: Property 'h6' does not exist on type 'JSX.IntrinsicElements'.
components/poi-management/POIDetailsModal.tsx(4844,32): error TS2339: Property 'h6' does not exist on type 'JSX.IntrinsicElements'.
components/poi-management/POIDetailsModal.tsx(4846,33): error TS2339: Property 'span' does not exist on type 'JSX.IntrinsicElements'.
components/poi-management/POIDetailsModal.tsx(4848,33): error TS2339: Property 'span' does not exist on type 'JSX.IntrinsicElements'.
components/poi-management/POIDetailsModal.tsx(4850,29): error TS2339: Property 'div' does not exist on type 'JSX.IntrinsicElements'.
components/poi-management/POIDetailsModal.tsx(4851,30): error TS2339: Property 'p' does not exist on type 'JSX.IntrinsicElements'.
components/poi-management/POIDetailsModal.tsx(4853,30): error TS2339: Property 'p' does not exist on type 'JSX.IntrinsicElements'.
components/poi-management/POIDetailsModal.tsx(4854,27): error TS2339: Property 'div' does not exist on type 'JSX.IntrinsicElements'.
components/poi-management/POIDetailsModal.tsx(4857,21): error TS2339: Property 'div' does not exist on type 'JSX.IntrinsicElements'.
components/poi-management/POIDetailsModal.tsx(4858,19): error TS2339: Property 'div' does not exist on type 'JSX.IntrinsicElements'.
components/poi-management/POIDetailsModal.tsx(4859,17): error TS2339: Property 'div' does not exist on type 'JSX.IntrinsicElements'.
components/poi-management/POIDetailsModal.tsx(4860,15): error TS2339: Property 'div' does not exist on type 'JSX.IntrinsicElements'.
components/poi-management/POIDetailsModal.tsx(4862,11): error TS2339: Property 'div' does not exist on type 'JSX.IntrinsicElements'.
components/poi-management/POIDetailsModal.tsx(4866,13): error TS2339: Property 'div' does not exist on type 'JSX.IntrinsicElements'.
components/poi-management/POIDetailsModal.tsx(4867,15): error TS2339: Property 'div' does not exist on type 'JSX.IntrinsicElements'.
components/poi-management/POIDetailsModal.tsx(4868,17): error TS2339: Property 'div' does not exist on type 'JSX.IntrinsicElements'.
components/poi-management/POIDetailsModal.tsx(4868,22): error TS2339: Property 'div' does not exist on type 'JSX.IntrinsicElements'.
components/poi-management/POIDetailsModal.tsx(4869,17): error TS2339: Property 'div' does not exist on type 'JSX.IntrinsicElements'.
components/poi-management/POIDetailsModal.tsx(4870,19): error TS2339: Property 'button' does not exist on type 'JSX.IntrinsicElements'.
components/poi-management/POIDetailsModal.tsx(4875,19): error TS2339: Property 'button' does not exist on type 'JSX.IntrinsicElements'.
components/poi-management/POIDetailsModal.tsx(4877,21): error TS2339: Property 'button' does not exist on type 'JSX.IntrinsicElements'.
components/poi-management/POIDetailsModal.tsx(4884,22): error TS2339: Property 'button' does not exist on type 'JSX.IntrinsicElements'.
components/poi-management/POIDetailsModal.tsx(4887,21): error TS2339: Property 'div' does not exist on type 'JSX.IntrinsicElements'.
components/poi-management/POIDetailsModal.tsx(4890,22): error TS2339: Property 'div' does not exist on type 'JSX.IntrinsicElements'.
components/poi-management/POIDetailsModal.tsx(4892,17): error TS2339: Property 'div' does not exist on type 'JSX.IntrinsicElements'.
components/poi-management/POIDetailsModal.tsx(4893,15): error TS2339: Property 'div' does not exist on type 'JSX.IntrinsicElements'.
components/poi-management/POIDetailsModal.tsx(4894,13): error TS2339: Property 'div' does not exist on type 'JSX.IntrinsicElements'.
components/poi-management/POIDetailsModal.tsx(4896,9): error TS2339: Property 'div' does not exist on type 'JSX.IntrinsicElements'.
components/poi-management/POIDetailsModal.tsx(4897,7): error TS2339: Property 'div' does not exist on type 'JSX.IntrinsicElements'.
components/poi-management/POIDetailsModal.tsx(4898,5): error TS2339: Property 'div' does not exist on type 'JSX.IntrinsicElements'.
components/poi-management/TriggerPointsManager.tsx(4,44): error TS2792: Cannot find module '@supabase/auth-helpers-react'. Did you mean to set the 'moduleResolution' option to 'nodenext', or to add aliases to the 'paths' option?
components/poi-management/TriggerPointsManager.tsx(9,8): error TS2792: Cannot find module 'lucide-react'. Did you mean to set the 'moduleResolution' option to 'nodenext', or to add aliases to the 'paths' option?
components/poi-management/TriggerPointsManager.tsx(14,20): error TS2792: Cannot find module '@/lib/utils'. Did you mean to set the 'moduleResolution' option to 'nodenext', or to add aliases to the 'paths' option?
components/poi-management/TriggerPointsManager.tsx(23,8): error TS2792: Cannot find module '@/types/trigger-points'. Did you mean to set the 'moduleResolution' option to 'nodenext', or to add aliases to the 'paths' option?
components/poi-management/TriggerPointsManager.tsx(431,5): error TS2339: Property 'div' does not exist on type 'JSX.IntrinsicElements'.
components/poi-management/TriggerPointsManager.tsx(433,7): error TS2339: Property 'div' does not exist on type 'JSX.IntrinsicElements'.
components/poi-management/TriggerPointsManager.tsx(434,9): error TS2339: Property 'div' does not exist on type 'JSX.IntrinsicElements'.
components/poi-management/TriggerPointsManager.tsx(435,11): error TS2339: Property 'h2' does not exist on type 'JSX.IntrinsicElements'.
components/poi-management/TriggerPointsManager.tsx(437,11): error TS2339: Property 'h2' does not exist on type 'JSX.IntrinsicElements'.
components/poi-management/TriggerPointsManager.tsx(438,11): error TS2339: Property 'p' does not exist on type 'JSX.IntrinsicElements'.
components/poi-management/TriggerPointsManager.tsx(440,11): error TS2339: Property 'p' does not exist on type 'JSX.IntrinsicElements'.
components/poi-management/TriggerPointsManager.tsx(441,9): error TS2339: Property 'div' does not exist on type 'JSX.IntrinsicElements'.
components/poi-management/TriggerPointsManager.tsx(442,9): error TS2339: Property 'div' does not exist on type 'JSX.IntrinsicElements'.
components/poi-management/TriggerPointsManager.tsx(443,11): error TS2339: Property 'button' does not exist on type 'JSX.IntrinsicElements'.
components/poi-management/TriggerPointsManager.tsx(463,11): error TS2339: Property 'button' does not exist on type 'JSX.IntrinsicElements'.
components/poi-management/TriggerPointsManager.tsx(465,13): error TS2339: Property 'button' does not exist on type 'JSX.IntrinsicElements'.
components/poi-management/TriggerPointsManager.tsx(470,13): error TS2339: Property 'button' does not exist on type 'JSX.IntrinsicElements'.
components/poi-management/TriggerPointsManager.tsx(472,9): error TS2339: Property 'div' does not exist on type 'JSX.IntrinsicElements'.
components/poi-management/TriggerPointsManager.tsx(473,7): error TS2339: Property 'div' does not exist on type 'JSX.IntrinsicElements'.
components/poi-management/TriggerPointsManager.tsx(477,9): error TS2339: Property 'div' does not exist on type 'JSX.IntrinsicElements'.
components/poi-management/TriggerPointsManager.tsx(478,11): error TS2339: Property 'div' does not exist on type 'JSX.IntrinsicElements'.
components/poi-management/TriggerPointsManager.tsx(480,13): error TS2339: Property 'p' does not exist on type 'JSX.IntrinsicElements'.
components/poi-management/TriggerPointsManager.tsx(480,74): error TS2339: Property 'p' does not exist on type 'JSX.IntrinsicElements'.
components/poi-management/TriggerPointsManager.tsx(481,11): error TS2339: Property 'div' does not exist on type 'JSX.IntrinsicElements'.
components/poi-management/TriggerPointsManager.tsx(482,9): error TS2339: Property 'div' does not exist on type 'JSX.IntrinsicElements'.
components/poi-management/TriggerPointsManager.tsx(487,9): error TS2339: Property 'div' does not exist on type 'JSX.IntrinsicElements'.
components/poi-management/TriggerPointsManager.tsx(488,11): error TS2339: Property 'div' does not exist on type 'JSX.IntrinsicElements'.
components/poi-management/TriggerPointsManager.tsx(490,13): error TS2339: Property 'p' does not exist on type 'JSX.IntrinsicElements'.
components/poi-management/TriggerPointsManager.tsx(492,13): error TS2339: Property 'p' does not exist on type 'JSX.IntrinsicElements'.
components/poi-management/TriggerPointsManager.tsx(493,11): error TS2339: Property 'div' does not exist on type 'JSX.IntrinsicElements'.
components/poi-management/TriggerPointsManager.tsx(494,9): error TS2339: Property 'div' does not exist on type 'JSX.IntrinsicElements'.
components/poi-management/TriggerPointsManager.tsx(497,7): error TS2339: Property 'div' does not exist on type 'JSX.IntrinsicElements'.
components/poi-management/TriggerPointsManager.tsx(499,9): error TS2339: Property 'div' does not exist on type 'JSX.IntrinsicElements'.
components/poi-management/TriggerPointsManager.tsx(513,9): error TS2339: Property 'div' does not exist on type 'JSX.IntrinsicElements'.
components/poi-management/TriggerPointsManager.tsx(516,9): error TS2339: Property 'div' does not exist on type 'JSX.IntrinsicElements'.
components/poi-management/TriggerPointsManager.tsx(518,11): error TS2339: Property 'div' does not exist on type 'JSX.IntrinsicElements'.
components/poi-management/TriggerPointsManager.tsx(519,13): error TS2339: Property 'div' does not exist on type 'JSX.IntrinsicElements'.
components/poi-management/TriggerPointsManager.tsx(520,15): error TS2339: Property 'div' does not exist on type 'JSX.IntrinsicElements'.
components/poi-management/TriggerPointsManager.tsx(522,17): error TS2339: Property 'h3' does not exist on type 'JSX.IntrinsicElements'.
components/poi-management/TriggerPointsManager.tsx(524,17): error TS2339: Property 'h3' does not exist on type 'JSX.IntrinsicElements'.
components/poi-management/TriggerPointsManager.tsx(526,19): error TS2339: Property 'div' does not exist on type 'JSX.IntrinsicElements'.
components/poi-management/TriggerPointsManager.tsx(529,19): error TS2339: Property 'div' does not exist on type 'JSX.IntrinsicElements'.
components/poi-management/TriggerPointsManager.tsx(532,19): error TS2339: Property 'div' does not exist on type 'JSX.IntrinsicElements'.
components/poi-management/TriggerPointsManager.tsx(535,19): error TS2339: Property 'div' does not exist on type 'JSX.IntrinsicElements'.
components/poi-management/TriggerPointsManager.tsx(538,19): error TS2339: Property 'div' does not exist on type 'JSX.IntrinsicElements'.
components/poi-management/TriggerPointsManager.tsx(541,19): error TS2339: Property 'div' does not exist on type 'JSX.IntrinsicElements'.
components/poi-management/TriggerPointsManager.tsx(543,15): error TS2339: Property 'div' does not exist on type 'JSX.IntrinsicElements'.
components/poi-management/TriggerPointsManager.tsx(544,15): error TS2339: Property 'div' does not exist on type 'JSX.IntrinsicElements'.
components/poi-management/TriggerPointsManager.tsx(545,17): error TS2339: Property 'button' does not exist on type 'JSX.IntrinsicElements'.
components/poi-management/TriggerPointsManager.tsx(556,17): error TS2339: Property 'button' does not exist on type 'JSX.IntrinsicElements'.
components/poi-management/TriggerPointsManager.tsx(558,15): error TS2339: Property 'div' does not exist on type 'JSX.IntrinsicElements'.
components/poi-management/TriggerPointsManager.tsx(559,13): error TS2339: Property 'div' does not exist on type 'JSX.IntrinsicElements'.
components/poi-management/TriggerPointsManager.tsx(560,11): error TS2339: Property 'div' does not exist on type 'JSX.IntrinsicElements'.
components/poi-management/TriggerPointsManager.tsx(565,11): error TS2339: Property 'div' does not exist on type 'JSX.IntrinsicElements'.
components/poi-management/TriggerPointsManager.tsx(566,13): error TS2339: Property 'div' does not exist on type 'JSX.IntrinsicElements'.
components/poi-management/TriggerPointsManager.tsx(567,15): error TS2339: Property 'button' does not exist on type 'JSX.IntrinsicElements'.
components/poi-management/TriggerPointsManager.tsx(572,15): error TS2339: Property 'button' does not exist on type 'JSX.IntrinsicElements'.
components/poi-management/TriggerPointsManager.tsx(573,13): error TS2339: Property 'div' does not exist on type 'JSX.IntrinsicElements'.
components/poi-management/TriggerPointsManager.tsx(575,13): error TS2339: Property 'select' does not exist on type 'JSX.IntrinsicElements'.
components/poi-management/TriggerPointsManager.tsx(580,15): error TS2339: Property 'option' does not exist on type 'JSX.IntrinsicElements'.
components/poi-management/TriggerPointsManager.tsx(580,44): error TS2339: Property 'option' does not exist on type 'JSX.IntrinsicElements'.
components/poi-management/TriggerPointsManager.tsx(582,17): error TS2339: Property 'option' does not exist on type 'JSX.IntrinsicElements'.
components/poi-management/TriggerPointsManager.tsx(584,17): error TS2339: Property 'option' does not exist on type 'JSX.IntrinsicElements'.
components/poi-management/TriggerPointsManager.tsx(586,13): error TS2339: Property 'select' does not exist on type 'JSX.IntrinsicElements'.
components/poi-management/TriggerPointsManager.tsx(587,11): error TS2339: Property 'div' does not exist on type 'JSX.IntrinsicElements'.
components/poi-management/TriggerPointsManager.tsx(590,11): error TS2339: Property 'div' does not exist on type 'JSX.IntrinsicElements'.
components/poi-management/TriggerPointsManager.tsx(593,15): error TS2339: Property 'div' does not exist on type 'JSX.IntrinsicElements'.
components/poi-management/TriggerPointsManager.tsx(594,17): error TS2339: Property 'div' does not exist on type 'JSX.IntrinsicElements'.
components/poi-management/TriggerPointsManager.tsx(594,97): error TS2339: Property 'div' does not exist on type 'JSX.IntrinsicElements'.
components/poi-management/TriggerPointsManager.tsx(595,15): error TS2339: Property 'div' does not exist on type 'JSX.IntrinsicElements'.
components/poi-management/TriggerPointsManager.tsx(597,15): error TS2339: Property 'div' does not exist on type 'JSX.IntrinsicElements'.
components/poi-management/TriggerPointsManager.tsx(599,17): error TS2339: Property 'p' does not exist on type 'JSX.IntrinsicElements'.
components/poi-management/TriggerPointsManager.tsx(599,63): error TS2339: Property 'p' does not exist on type 'JSX.IntrinsicElements'.
components/poi-management/TriggerPointsManager.tsx(600,15): error TS2339: Property 'div' does not exist on type 'JSX.IntrinsicElements'.
components/poi-management/TriggerPointsManager.tsx(602,15): error TS2339: Property 'div' does not exist on type 'JSX.IntrinsicElements'.
components/poi-management/TriggerPointsManager.tsx(608,21): error TS2339: Property 'div' does not exist on type 'JSX.IntrinsicElements'.
components/poi-management/TriggerPointsManager.tsx(618,23): error TS2339: Property 'div' does not exist on type 'JSX.IntrinsicElements'.
components/poi-management/TriggerPointsManager.tsx(619,25): error TS2339: Property 'div' does not exist on type 'JSX.IntrinsicElements'.
components/poi-management/TriggerPointsManager.tsx(620,27): error TS2339: Property 'div' does not exist on type 'JSX.IntrinsicElements'.
components/poi-management/TriggerPointsManager.tsx(624,27): error TS2339: Property 'span' does not exist on type 'JSX.IntrinsicElements'.
components/poi-management/TriggerPointsManager.tsx(626,27): error TS2339: Property 'span' does not exist on type 'JSX.IntrinsicElements'.
components/poi-management/TriggerPointsManager.tsx(627,25): error TS2339: Property 'div' does not exist on type 'JSX.IntrinsicElements'.
components/poi-management/TriggerPointsManager.tsx(628,25): error TS2339: Property 'div' does not exist on type 'JSX.IntrinsicElements'.
components/poi-management/TriggerPointsManager.tsx(629,27): error TS2339: Property 'span' does not exist on type 'JSX.IntrinsicElements'.
components/poi-management/TriggerPointsManager.tsx(631,27): error TS2339: Property 'span' does not exist on type 'JSX.IntrinsicElements'.
components/poi-management/TriggerPointsManager.tsx(632,27): error TS2339: Property 'span' does not exist on type 'JSX.IntrinsicElements'.
components/poi-management/TriggerPointsManager.tsx(639,27): error TS2339: Property 'span' does not exist on type 'JSX.IntrinsicElements'.
components/poi-management/TriggerPointsManager.tsx(640,25): error TS2339: Property 'div' does not exist on type 'JSX.IntrinsicElements'.
components/poi-management/TriggerPointsManager.tsx(641,23): error TS2339: Property 'div' does not exist on type 'JSX.IntrinsicElements'.
components/poi-management/TriggerPointsManager.tsx(643,23): error TS2339: Property 'div' does not exist on type 'JSX.IntrinsicElements'.
components/poi-management/TriggerPointsManager.tsx(644,25): error TS2339: Property 'div' does not exist on type 'JSX.IntrinsicElements'.
components/poi-management/TriggerPointsManager.tsx(646,27): error TS2339: Property 'span' does not exist on type 'JSX.IntrinsicElements'.
components/poi-management/TriggerPointsManager.tsx(646,70): error TS2339: Property 'span' does not exist on type 'JSX.IntrinsicElements'.
components/poi-management/TriggerPointsManager.tsx(647,25): error TS2339: Property 'div' does not exist on type 'JSX.IntrinsicElements'.
components/poi-management/TriggerPointsManager.tsx(649,27): error TS2339: Property 'div' does not exist on type 'JSX.IntrinsicElements'.
components/poi-management/TriggerPointsManager.tsx(650,29): error TS2339: Property 'span' does not exist on type 'JSX.IntrinsicElements'.
components/poi-management/TriggerPointsManager.tsx(652,29): error TS2339: Property 'span' does not exist on type 'JSX.IntrinsicElements'.
components/poi-management/TriggerPointsManager.tsx(653,29): error TS2339: Property 'span' does not exist on type 'JSX.IntrinsicElements'.
components/poi-management/TriggerPointsManager.tsx(655,29): error TS2339: Property 'span' does not exist on type 'JSX.IntrinsicElements'.
components/poi-management/TriggerPointsManager.tsx(656,27): error TS2339: Property 'div' does not exist on type 'JSX.IntrinsicElements'.
components/poi-management/TriggerPointsManager.tsx(659,27): error TS2339: Property 'div' does not exist on type 'JSX.IntrinsicElements'.
components/poi-management/TriggerPointsManager.tsx(661,29): error TS2339: Property 'span' does not exist on type 'JSX.IntrinsicElements'.
components/poi-management/TriggerPointsManager.tsx(663,29): error TS2339: Property 'span' does not exist on type 'JSX.IntrinsicElements'.
components/poi-management/TriggerPointsManager.tsx(664,27): error TS2339: Property 'div' does not exist on type 'JSX.IntrinsicElements'.
components/poi-management/TriggerPointsManager.tsx(668,25): error TS2339: Property 'div' does not exist on type 'JSX.IntrinsicElements'.
components/poi-management/TriggerPointsManager.tsx(669,27): error TS2339: Property 'div' does not exist on type 'JSX.IntrinsicElements'.
components/poi-management/TriggerPointsManager.tsx(671,31): error TS2339: Property 'div' does not exist on type 'JSX.IntrinsicElements'.
components/poi-management/TriggerPointsManager.tsx(672,33): error TS2339: Property 'span' does not exist on type 'JSX.IntrinsicElements'.
components/poi-management/TriggerPointsManager.tsx(672,71): error TS2339: Property 'span' does not exist on type 'JSX.IntrinsicElements'.
components/poi-management/TriggerPointsManager.tsx(673,31): error TS2339: Property 'div' does not exist on type 'JSX.IntrinsicElements'.
components/poi-management/TriggerPointsManager.tsx(676,31): error TS2339: Property 'div' does not exist on type 'JSX.IntrinsicElements'.
components/poi-management/TriggerPointsManager.tsx(677,33): error TS2339: Property 'span' does not exist on type 'JSX.IntrinsicElements'.
components/poi-management/TriggerPointsManager.tsx(677,71): error TS2339: Property 'span' does not exist on type 'JSX.IntrinsicElements'.
components/poi-management/TriggerPointsManager.tsx(678,31): error TS2339: Property 'div' does not exist on type 'JSX.IntrinsicElements'.
components/poi-management/TriggerPointsManager.tsx(681,31): error TS2339: Property 'div' does not exist on type 'JSX.IntrinsicElements'.
components/poi-management/TriggerPointsManager.tsx(682,33): error TS2339: Property 'span' does not exist on type 'JSX.IntrinsicElements'.
components/poi-management/TriggerPointsManager.tsx(682,71): error TS2339: Property 'span' does not exist on type 'JSX.IntrinsicElements'.
components/poi-management/TriggerPointsManager.tsx(683,31): error TS2339: Property 'div' does not exist on type 'JSX.IntrinsicElements'.
components/poi-management/TriggerPointsManager.tsx(685,27): error TS2339: Property 'div' does not exist on type 'JSX.IntrinsicElements'.
components/poi-management/TriggerPointsManager.tsx(686,25): error TS2339: Property 'div' does not exist on type 'JSX.IntrinsicElements'.
components/poi-management/TriggerPointsManager.tsx(687,23): error TS2339: Property 'div' does not exist on type 'JSX.IntrinsicElements'.
components/poi-management/TriggerPointsManager.tsx(689,23): error TS2339: Property 'div' does not exist on type 'JSX.IntrinsicElements'.
components/poi-management/TriggerPointsManager.tsx(690,25): error TS2339: Property 'span' does not exist on type 'JSX.IntrinsicElements'.
components/poi-management/TriggerPointsManager.tsx(692,25): error TS2339: Property 'span' does not exist on type 'JSX.IntrinsicElements'.
components/poi-management/TriggerPointsManager.tsx(693,25): error TS2339: Property 'div' does not exist on type 'JSX.IntrinsicElements'.
components/poi-management/TriggerPointsManager.tsx(694,27): error TS2339: Property 'button' does not exist on type 'JSX.IntrinsicElements'.
components/poi-management/TriggerPointsManager.tsx(710,27): error TS2339: Property 'button' does not exist on type 'JSX.IntrinsicElements'.
components/poi-management/TriggerPointsManager.tsx(711,27): error TS2339: Property 'button' does not exist on type 'JSX.IntrinsicElements'.
components/poi-management/TriggerPointsManager.tsx(722,27): error TS2339: Property 'button' does not exist on type 'JSX.IntrinsicElements'.
components/poi-management/TriggerPointsManager.tsx(723,25): error TS2339: Property 'div' does not exist on type 'JSX.IntrinsicElements'.
components/poi-management/TriggerPointsManager.tsx(724,23): error TS2339: Property 'div' does not exist on type 'JSX.IntrinsicElements'.
components/poi-management/TriggerPointsManager.tsx(725,21): error TS2339: Property 'div' does not exist on type 'JSX.IntrinsicElements'.
components/poi-management/TriggerPointsManager.tsx(728,15): error TS2339: Property 'div' does not exist on type 'JSX.IntrinsicElements'.
components/poi-management/TriggerPointsManager.tsx(730,11): error TS2339: Property 'div' does not exist on type 'JSX.IntrinsicElements'.
components/poi-management/TriggerPointsManager.tsx(731,9): error TS2339: Property 'div' does not exist on type 'JSX.IntrinsicElements'.
components/poi-management/TriggerPointsManager.tsx(732,7): error TS2339: Property 'div' does not exist on type 'JSX.IntrinsicElements'.
components/poi-management/TriggerPointsManager.tsx(736,9): error TS2339: Property 'div' does not exist on type 'JSX.IntrinsicElements'.
components/poi-management/TriggerPointsManager.tsx(737,11): error TS2339: Property 'div' does not exist on type 'JSX.IntrinsicElements'.
components/poi-management/TriggerPointsManager.tsx(738,13): error TS2339: Property 'div' does not exist on type 'JSX.IntrinsicElements'.
components/poi-management/TriggerPointsManager.tsx(739,15): error TS2339: Property 'h3' does not exist on type 'JSX.IntrinsicElements'.
components/poi-management/TriggerPointsManager.tsx(741,15): error TS2339: Property 'h3' does not exist on type 'JSX.IntrinsicElements'.
components/poi-management/TriggerPointsManager.tsx(742,15): error TS2339: Property 'button' does not exist on type 'JSX.IntrinsicElements'.
components/poi-management/TriggerPointsManager.tsx(747,15): error TS2339: Property 'button' does not exist on type 'JSX.IntrinsicElements'.
components/poi-management/TriggerPointsManager.tsx(748,13): error TS2339: Property 'div' does not exist on type 'JSX.IntrinsicElements'.
components/poi-management/TriggerPointsManager.tsx(750,13): error TS2339: Property 'div' does not exist on type 'JSX.IntrinsicElements'.
components/poi-management/TriggerPointsManager.tsx(752,15): error TS2339: Property 'div' does not exist on type 'JSX.IntrinsicElements'.
components/poi-management/TriggerPointsManager.tsx(753,17): error TS2339: Property 'div' does not exist on type 'JSX.IntrinsicElements'.
components/poi-management/TriggerPointsManager.tsx(754,19): error TS2339: Property 'label' does not exist on type 'JSX.IntrinsicElements'.
components/poi-management/TriggerPointsManager.tsx(756,19): error TS2339: Property 'label' does not exist on type 'JSX.IntrinsicElements'.
components/poi-management/TriggerPointsManager.tsx(757,19): error TS2339: Property 'input' does not exist on type 'JSX.IntrinsicElements'.
components/poi-management/TriggerPointsManager.tsx(764,17): error TS2339: Property 'div' does not exist on type 'JSX.IntrinsicElements'.
components/poi-management/TriggerPointsManager.tsx(765,17): error TS2339: Property 'div' does not exist on type 'JSX.IntrinsicElements'.
components/poi-management/TriggerPointsManager.tsx(766,19): error TS2339: Property 'label' does not exist on type 'JSX.IntrinsicElements'.
components/poi-management/TriggerPointsManager.tsx(768,19): error TS2339: Property 'label' does not exist on type 'JSX.IntrinsicElements'.
components/poi-management/TriggerPointsManager.tsx(769,19): error TS2339: Property 'input' does not exist on type 'JSX.IntrinsicElements'.
components/poi-management/TriggerPointsManager.tsx(776,17): error TS2339: Property 'div' does not exist on type 'JSX.IntrinsicElements'.
components/poi-management/TriggerPointsManager.tsx(777,15): error TS2339: Property 'div' does not exist on type 'JSX.IntrinsicElements'.
components/poi-management/TriggerPointsManager.tsx(780,15): error TS2339: Property 'div' does not exist on type 'JSX.IntrinsicElements'.
components/poi-management/TriggerPointsManager.tsx(781,17): error TS2339: Property 'div' does not exist on type 'JSX.IntrinsicElements'.
components/poi-management/TriggerPointsManager.tsx(782,19): error TS2339: Property 'label' does not exist on type 'JSX.IntrinsicElements'.
components/poi-management/TriggerPointsManager.tsx(784,19): error TS2339: Property 'label' does not exist on type 'JSX.IntrinsicElements'.
components/poi-management/TriggerPointsManager.tsx(785,19): error TS2339: Property 'select' does not exist on type 'JSX.IntrinsicElements'.
components/poi-management/TriggerPointsManager.tsx(791,23): error TS2339: Property 'option' does not exist on type 'JSX.IntrinsicElements'.
components/poi-management/TriggerPointsManager.tsx(793,23): error TS2339: Property 'option' does not exist on type 'JSX.IntrinsicElements'.
components/poi-management/TriggerPointsManager.tsx(795,19): error TS2339: Property 'select' does not exist on type 'JSX.IntrinsicElements'.
components/poi-management/TriggerPointsManager.tsx(796,17): error TS2339: Property 'div' does not exist on type 'JSX.IntrinsicElements'.
components/poi-management/TriggerPointsManager.tsx(797,17): error TS2339: Property 'div' does not exist on type 'JSX.IntrinsicElements'.
components/poi-management/TriggerPointsManager.tsx(798,19): error TS2339: Property 'label' does not exist on type 'JSX.IntrinsicElements'.
components/poi-management/TriggerPointsManager.tsx(800,19): error TS2339: Property 'label' does not exist on type 'JSX.IntrinsicElements'.
components/poi-management/TriggerPointsManager.tsx(801,19): error TS2339: Property 'input' does not exist on type 'JSX.IntrinsicElements'.
components/poi-management/TriggerPointsManager.tsx(808,17): error TS2339: Property 'div' does not exist on type 'JSX.IntrinsicElements'.
components/poi-management/TriggerPointsManager.tsx(809,15): error TS2339: Property 'div' does not exist on type 'JSX.IntrinsicElements'.
components/poi-management/TriggerPointsManager.tsx(812,15): error TS2339: Property 'div' does not exist on type 'JSX.IntrinsicElements'.
components/poi-management/TriggerPointsManager.tsx(813,17): error TS2339: Property 'label' does not exist on type 'JSX.IntrinsicElements'.
components/poi-management/TriggerPointsManager.tsx(815,17): error TS2339: Property 'label' does not exist on type 'JSX.IntrinsicElements'.
components/poi-management/TriggerPointsManager.tsx(816,17): error TS2339: Property 'input' does not exist on type 'JSX.IntrinsicElements'.
components/poi-management/TriggerPointsManager.tsx(825,17): error TS2339: Property 'div' does not exist on type 'JSX.IntrinsicElements'.
components/poi-management/TriggerPointsManager.tsx(826,19): error TS2339: Property 'span' does not exist on type 'JSX.IntrinsicElements'.
components/poi-management/TriggerPointsManager.tsx(826,28): error TS2339: Property 'span' does not exist on type 'JSX.IntrinsicElements'.
components/poi-management/TriggerPointsManager.tsx(827,19): error TS2339: Property 'span' does not exist on type 'JSX.IntrinsicElements'.
components/poi-management/TriggerPointsManager.tsx(827,74): error TS2339: Property 'span' does not exist on type 'JSX.IntrinsicElements'.
components/poi-management/TriggerPointsManager.tsx(828,19): error TS2339: Property 'span' does not exist on type 'JSX.IntrinsicElements'.
components/poi-management/TriggerPointsManager.tsx(828,29): error TS2339: Property 'span' does not exist on type 'JSX.IntrinsicElements'.
components/poi-management/TriggerPointsManager.tsx(829,17): error TS2339: Property 'div' does not exist on type 'JSX.IntrinsicElements'.
components/poi-management/TriggerPointsManager.tsx(830,15): error TS2339: Property 'div' does not exist on type 'JSX.IntrinsicElements'.
components/poi-management/TriggerPointsManager.tsx(894,15): error TS2339: Property 'div' does not exist on type 'JSX.IntrinsicElements'.
components/poi-management/TriggerPointsManager.tsx(895,17): error TS2339: Property 'input' does not exist on type 'JSX.IntrinsicElements'.
components/poi-management/TriggerPointsManager.tsx(902,17): error TS2339: Property 'label' does not exist on type 'JSX.IntrinsicElements'.
components/poi-management/TriggerPointsManager.tsx(904,17): error TS2339: Property 'label' does not exist on type 'JSX.IntrinsicElements'.
components/poi-management/TriggerPointsManager.tsx(905,15): error TS2339: Property 'div' does not exist on type 'JSX.IntrinsicElements'.
components/poi-management/TriggerPointsManager.tsx(906,13): error TS2339: Property 'div' does not exist on type 'JSX.IntrinsicElements'.
components/poi-management/TriggerPointsManager.tsx(908,13): error TS2339: Property 'div' does not exist on type 'JSX.IntrinsicElements'.
components/poi-management/TriggerPointsManager.tsx(910,17): error TS2339: Property 'button' does not exist on type 'JSX.IntrinsicElements'.
components/poi-management/TriggerPointsManager.tsx(917,17): error TS2339: Property 'button' does not exist on type 'JSX.IntrinsicElements'.
components/poi-management/TriggerPointsManager.tsx(919,17): error TS2339: Property 'div' does not exist on type 'JSX.IntrinsicElements'.
components/poi-management/TriggerPointsManager.tsx(919,22): error TS2339: Property 'div' does not exist on type 'JSX.IntrinsicElements'.
components/poi-management/TriggerPointsManager.tsx(921,15): error TS2339: Property 'div' does not exist on type 'JSX.IntrinsicElements'.
components/poi-management/TriggerPointsManager.tsx(922,17): error TS2339: Property 'button' does not exist on type 'JSX.IntrinsicElements'.
components/poi-management/TriggerPointsManager.tsx(927,17): error TS2339: Property 'button' does not exist on type 'JSX.IntrinsicElements'.
components/poi-management/TriggerPointsManager.tsx(928,17): error TS2339: Property 'button' does not exist on type 'JSX.IntrinsicElements'.
components/poi-management/TriggerPointsManager.tsx(935,23): error TS2339: Property 'div' does not exist on type 'JSX.IntrinsicElements'.
components/poi-management/TriggerPointsManager.tsx(935,103): error TS2339: Property 'div' does not exist on type 'JSX.IntrinsicElements'.
components/poi-management/TriggerPointsManager.tsx(944,17): error TS2339: Property 'button' does not exist on type 'JSX.IntrinsicElements'.
components/poi-management/TriggerPointsManager.tsx(945,15): error TS2339: Property 'div' does not exist on type 'JSX.IntrinsicElements'.
components/poi-management/TriggerPointsManager.tsx(946,13): error TS2339: Property 'div' does not exist on type 'JSX.IntrinsicElements'.
components/poi-management/TriggerPointsManager.tsx(947,11): error TS2339: Property 'div' does not exist on type 'JSX.IntrinsicElements'.
components/poi-management/TriggerPointsManager.tsx(948,9): error TS2339: Property 'div' does not exist on type 'JSX.IntrinsicElements'.
components/poi-management/TriggerPointsManager.tsx(954,5): error TS2339: Property 'div' does not exist on type 'JSX.IntrinsicElements'.
components/poi-management/TriggerPointsMap.tsx(4,33): error TS2792: Cannot find module '@googlemaps/react-wrapper'. Did you mean to set the 'moduleResolution' option to 'nodenext', or to add aliases to the 'paths' option?
components/poi-management/TriggerPointsMap.tsx(5,52): error TS2792: Cannot find module '@/types/trigger-points'. Did you mean to set the 'moduleResolution' option to 'nodenext', or to add aliases to the 'paths' option?
components/poi-management/TriggerPointsMap.tsx(849,10): error TS2339: Property 'div' does not exist on type 'JSX.IntrinsicElements'.
components/poi-management/TriggerPointsMap.tsx(861,7): error TS2339: Property 'div' does not exist on type 'JSX.IntrinsicElements'.
components/poi-management/TriggerPointsMap.tsx(862,9): error TS2339: Property 'div' does not exist on type 'JSX.IntrinsicElements'.
components/poi-management/TriggerPointsMap.tsx(863,11): error TS2339: Property 'p' does not exist on type 'JSX.IntrinsicElements'.
components/poi-management/TriggerPointsMap.tsx(863,96): error TS2339: Property 'p' does not exist on type 'JSX.IntrinsicElements'.
components/poi-management/TriggerPointsMap.tsx(864,11): error TS2339: Property 'p' does not exist on type 'JSX.IntrinsicElements'.
components/poi-management/TriggerPointsMap.tsx(866,11): error TS2339: Property 'p' does not exist on type 'JSX.IntrinsicElements'.
components/poi-management/TriggerPointsMap.tsx(867,9): error TS2339: Property 'div' does not exist on type 'JSX.IntrinsicElements'.
components/poi-management/TriggerPointsMap.tsx(868,7): error TS2339: Property 'div' does not exist on type 'JSX.IntrinsicElements'.
components/poi-management/TriggerPointsMap.tsx(876,11): error TS2339: Property 'div' does not exist on type 'JSX.IntrinsicElements'.
components/poi-management/TriggerPointsMap.tsx(877,13): error TS2339: Property 'div' does not exist on type 'JSX.IntrinsicElements'.
components/poi-management/TriggerPointsMap.tsx(878,15): error TS2339: Property 'div' does not exist on type 'JSX.IntrinsicElements'.
components/poi-management/TriggerPointsMap.tsx(878,108): error TS2339: Property 'div' does not exist on type 'JSX.IntrinsicElements'.
components/poi-management/TriggerPointsMap.tsx(879,15): error TS2339: Property 'p' does not exist on type 'JSX.IntrinsicElements'.
components/poi-management/TriggerPointsMap.tsx(879,92): error TS2339: Property 'p' does not exist on type 'JSX.IntrinsicElements'.
components/poi-management/TriggerPointsMap.tsx(880,13): error TS2339: Property 'div' does not exist on type 'JSX.IntrinsicElements'.
components/poi-management/TriggerPointsMap.tsx(881,11): error TS2339: Property 'div' does not exist on type 'JSX.IntrinsicElements'.
components/poi-management/TriggerPointsMap.tsx(885,11): error TS2339: Property 'div' does not exist on type 'JSX.IntrinsicElements'.
components/poi-management/TriggerPointsMap.tsx(886,13): error TS2339: Property 'div' does not exist on type 'JSX.IntrinsicElements'.
components/poi-management/TriggerPointsMap.tsx(887,15): error TS2339: Property 'p' does not exist on type 'JSX.IntrinsicElements'.
components/poi-management/TriggerPointsMap.tsx(887,99): error TS2339: Property 'p' does not exist on type 'JSX.IntrinsicElements'.
components/poi-management/TriggerPointsMap.tsx(888,15): error TS2339: Property 'p' does not exist on type 'JSX.IntrinsicElements'.
components/poi-management/TriggerPointsMap.tsx(890,15): error TS2339: Property 'p' does not exist on type 'JSX.IntrinsicElements'.
components/poi-management/TriggerPointsMap.tsx(891,13): error TS2339: Property 'div' does not exist on type 'JSX.IntrinsicElements'.
components/poi-management/TriggerPointsMap.tsx(892,11): error TS2339: Property 'div' does not exist on type 'JSX.IntrinsicElements'.
components/poi-management/TriggerPointsMap.tsx(897,16): error TS2339: Property 'div' does not exist on type 'JSX.IntrinsicElements'.
components/poi-management/TriggerPointsMap.tsx(897,35): error TS2339: Property 'div' does not exist on type 'JSX.IntrinsicElements'.
components/poi-management/TriggerPointsMap.tsx(902,5): error TS2339: Property 'div' does not exist on type 'JSX.IntrinsicElements'.
components/poi-management/TriggerPointsMap.tsx(909,5): error TS2339: Property 'div' does not exist on type 'JSX.IntrinsicElements'.
